Component: ARM Compiler 6.16 Tool: armlink [5dfeaa00]

==============================================================================

Section Cross References

    startup_stm32f105xc.o(STACK) refers (Special) to heapauxi.o(.text) for __use_two_region_memory
    startup_stm32f105xc.o(HEAP) refers (Special) to heapauxi.o(.text) for __use_two_region_memory
    startup_stm32f105xc.o(RESET) refers (Special) to heapauxi.o(.text) for __use_two_region_memory
    startup_stm32f105xc.o(RESET) refers to startup_stm32f105xc.o(STACK) for __initial_sp
    startup_stm32f105xc.o(RESET) refers to startup_stm32f105xc.o(.text) for Reset_Handler
    startup_stm32f105xc.o(RESET) refers to stm32f1xx_it.o(.text.NMI_Handler) for NMI_Handler
    startup_stm32f105xc.o(RESET) refers to stm32f1xx_it.o(.text.HardFault_Handler) for HardFault_Handler
    startup_stm32f105xc.o(RESET) refers to stm32f1xx_it.o(.text.MemManage_Handler) for MemManage_Handler
    startup_stm32f105xc.o(RESET) refers to stm32f1xx_it.o(.text.BusFault_Handler) for BusFault_Handler
    startup_stm32f105xc.o(RESET) refers to stm32f1xx_it.o(.text.UsageFault_Handler) for UsageFault_Handler
    startup_stm32f105xc.o(RESET) refers to stm32f1xx_it.o(.text.SVC_Handler) for SVC_Handler
    startup_stm32f105xc.o(RESET) refers to stm32f1xx_it.o(.text.DebugMon_Handler) for DebugMon_Handler
    startup_stm32f105xc.o(RESET) refers to stm32f1xx_it.o(.text.PendSV_Handler) for PendSV_Handler
    startup_stm32f105xc.o(RESET) refers to stm32f1xx_it.o(.text.SysTick_Handler) for SysTick_Handler
    startup_stm32f105xc.o(RESET) refers to stm32f1xx_it.o(.text.EXTI2_IRQHandler) for EXTI2_IRQHandler
    startup_stm32f105xc.o(RESET) refers to stm32f1xx_it.o(.text.DMA1_Channel5_IRQHandler) for DMA1_Channel5_IRQHandler
    startup_stm32f105xc.o(RESET) refers to tim.o(.text.TIM4_IRQHandler) for TIM4_IRQHandler
    startup_stm32f105xc.o(RESET) refers to stm32f1xx_it.o(.text.EXTI15_10_IRQHandler) for EXTI15_10_IRQHandler
    startup_stm32f105xc.o(RESET) refers to tim.o(.text.TIM5_IRQHandler) for TIM5_IRQHandler
    startup_stm32f105xc.o(RESET) refers to tim.o(.text.TIM6_IRQHandler) for TIM6_IRQHandler
    startup_stm32f105xc.o(.text) refers (Special) to heapauxi.o(.text) for __use_two_region_memory
    startup_stm32f105xc.o(.text) refers to system_stm32f1xx.o(.text.SystemInit) for SystemInit
    startup_stm32f105xc.o(.text) refers to __main.o(!!!main) for __main
    startup_stm32f105xc.o(.text) refers to startup_stm32f105xc.o(HEAP) for Heap_Mem
    startup_stm32f105xc.o(.text) refers to startup_stm32f105xc.o(STACK) for Stack_Mem
    button.o(.text.start_scan_key_PEDAL) refers to button.o(.bss.start_scan_key_PEDAL.key_state) for start_scan_key_PEDAL.key_state
    button.o(.text.start_scan_key_PEDAL) refers to button.o(.text.LL_GPIO_IsInputPinSet) for LL_GPIO_IsInputPinSet
    button.o(.text.start_scan_key_PEDAL) refers to button.o(.bss.start_scan_key_PEDAL.key_code) for start_scan_key_PEDAL.key_code
    button.o(.text.start_scan_key_PEDAL) refers to tim.o(.text.repeat_time) for repeat_time
    button.o(.text.start_scan_key_PEDAL) refers to tim.o(.bss.end_bounce) for end_bounce
    button.o(.text.start_scan_key_PEDAL) refers to button.o(.text.scan_buttons_GPIO) for scan_buttons_GPIO
    button.o(.ARM.exidx.text.start_scan_key_PEDAL) refers to button.o(.text.start_scan_key_PEDAL) for [Anonymous Symbol]
    button.o(.ARM.exidx.text.LL_GPIO_IsInputPinSet) refers to button.o(.text.LL_GPIO_IsInputPinSet) for [Anonymous Symbol]
    button.o(.text.scan_buttons_GPIO) refers to button.o(.text.LL_GPIO_IsInputPinSet) for LL_GPIO_IsInputPinSet
    button.o(.ARM.exidx.text.scan_buttons_GPIO) refers to button.o(.text.scan_buttons_GPIO) for [Anonymous Symbol]
    button.o(.text.scan_keys) refers to button.o(.bss.scan_keys.key_state) for scan_keys.key_state
    button.o(.text.scan_keys) refers to tim.o(.text.repeat_time) for repeat_time
    button.o(.text.scan_keys) refers to tim.o(.bss.end_bounce) for end_bounce
    button.o(.text.scan_keys) refers to button.o(.bss.scan_keys.key_code) for scan_keys.key_code
    button.o(.text.scan_keys) refers to button.o(.text.scan_buttons_GPIO) for scan_buttons_GPIO
    button.o(.text.scan_keys) refers to button.o(.bss.count_autorepeat) for count_autorepeat
    button.o(.text.scan_keys) refers to button.o(.text.LL_GPIO_IsInputPinSet) for LL_GPIO_IsInputPinSet
    button.o(.ARM.exidx.text.scan_keys) refers to button.o(.text.scan_keys) for [Anonymous Symbol]
    button.o(.text.scan_button_PEDAL) refers to button.o(.text.LL_GPIO_IsInputPinSet) for LL_GPIO_IsInputPinSet
    button.o(.ARM.exidx.text.scan_button_PEDAL) refers to button.o(.text.scan_button_PEDAL) for [Anonymous Symbol]
    drive.o(.text.init_status_flags_drives) refers to drive.o(.bss.status_drives) for status_drives
    drive.o(.ARM.exidx.text.init_status_flags_drives) refers to drive.o(.text.init_status_flags_drives) for [Anonymous Symbol]
[...]
    [Anonymous Symbol]                       0x08003f2c   Section        0  tim.o(.text.timer_bounce_init)
    [Anonymous Symbol]                       0x08003f8c   Section        0  tim.o(.text.timers_ini)
    [Anonymous Symbol]                       0x08003f9c   Section        0  menu.o(.text.turn_drive_menu)
    i._is_digit                              0x08003fb6   Section        0  __printf_wp.o(i._is_digit)
    maptable                                 0x08003fc4   Data          17  __printf_flags_wp.o(.constdata)
    .constdata                               0x08003fc4   Section       17  __printf_flags_wp.o(.constdata)
    OFFSET_TAB_CCMRx                         0x08005870   Data           7  tim.o(.rodata.OFFSET_TAB_CCMRx)
    [Anonymous Symbol]                       0x08005870   Section        0  tim.o(.rodata.OFFSET_TAB_CCMRx)
    SHIFT_TAB_ICxx                           0x08005877   Data           7  tim.o(.rodata.SHIFT_TAB_ICxx)
    [Anonymous Symbol]                       0x08005877   Section        0  tim.o(.rodata.SHIFT_TAB_ICxx)
    SHIFT_TAB_OCxx                           0x0800587e   Data           7  tim.o(.rodata.SHIFT_TAB_OCxx)
    [Anonymous Symbol]                       0x0800587e   Section        0  tim.o(.rodata.SHIFT_TAB_OCxx)
    .bss                                     0x20000028   Section       96  libspace.o(.bss)
    SSD1306.0                                0x200000b4   Data           2  ssd1306.o(.bss.SSD1306.0)
    [Anonymous Symbol]                       0x200000b4   Section        0  ssd1306.o(.bss.SSD1306.0)
    SSD1306.1                                0x200000b6   Data           2  ssd1306.o(.bss.SSD1306.1)
    [Anonymous Symbol]                       0x200000b6   Section        0  ssd1306.o(.bss.SSD1306.1)
    SSD1306.2                                0x200000b8   Data           1  ssd1306.o(.bss.SSD1306.2)
    [Anonymous Symbol]                       0x200000b8   Section        0  ssd1306.o(.bss.SSD1306.2)
    scan_keys.key_code                       0x2000035c   Data           2  button.o(.bss.scan_keys.key_code)
    [Anonymous Symbol]                       0x2000035c   Section        0  button.o(.bss.scan_keys.key_code)
    scan_keys.key_state                      0x2000035e   Data           1  button.o(.bss.scan_keys.key_state)
    [Anonymous Symbol]                       0x2000035e   Section        0  button.o(.bss.scan_keys.key_state)
    start_scan_key_PEDAL.key_code            0x20000360   Data           2  button.o(.bss.start_scan_key_PEDAL.key_code)
    [Anonymous Symbol]                       0x20000360   Section        0  button.o(.bss.start_scan_key_PEDAL.key_code)
    start_scan_key_PEDAL.key_state           0x20000362   Data           1  button.o(.bss.start_scan_key_PEDAL.key_state)
    [Anonymous Symbol]                       0x20000362   Section        0  button.o(.bss.start_scan_key_PEDAL.key_state)
    Heap_Mem                                 0x20000368   Data         512  startup_stm32f105xc.o(HEAP)
    HEAP                                     0x20000368   Section      512  startup_stm32f105xc.o(HEAP)
    Stack_Mem                                0x20000568   Data        4096  startup_stm32f105xc.o(STACK)
    STACK                                    0x20000568   Section     4096  startup_stm32f105xc.o(STACK)
    __initial_sp                             0x20001568   Data           0  startup_stm32f105xc.o(STACK)

    Global Symbols

    Symbol Name                              Value     Ov Type        Size  Object(Section)

    BuildAttributes$$THM_ISAv4$P$D$K$B$S$PE$A:L22UL41UL21$X:L11$S22US41US21$IEEE1$IW$~IW$USESV6$~STKCKD$USESV7$~SHL$OTIME$ROPI$EBA8$UX$STANDARDLIB$REQ8$PRES8$EABIv2 0x00000000   Number         0  anon$$obj.o ABSOLUTE
    __fp_init_empty                          0x00000000   Number         0  fpinit_empty.o ABSOLUTE
    _printf_flags                            0x00000000   Number         0  printf_stubs.o ABSOLUTE
    _printf_return_value                     0x00000000   Number         0  printf_stubs.o ABSOLUTE
    _printf_sizespec                         0x00000000   Number         0  printf_stubs.o ABSOLUTE
    _printf_widthprec                        0x00000000   Number         0  printf_stubs.o ABSOLUTE
    __ARM_exceptions_init                     - Undefined Weak Reference
    __alloca_initialize                       - Undefined Weak Reference
    __arm_preinit_                            - Undefined Weak Reference
    __cpp_initialize__aeabi_                  - Undefined Weak Reference
    __cxa_finalize                            - Undefined Weak Reference
    __rt_locale                               - Undefined Weak Reference
    __sigvec_lookup                           - Undefined Weak Reference
    _atexit_init                              - Undefined Weak Reference
    _call_atexit_fns                          - Undefined Weak Reference
    _clock_init                               - Undefined Weak Reference
    _fp_trap_init                             - Undefined Weak Reference
    _fp_trap_shutdown                         - Undefined Weak Reference
    _get_lc_collate                           - Undefined Weak Reference
    _get_lc_ctype                             - Undefined Weak Reference
    _get_lc_monetary                          - Undefined Weak Reference
    _get_lc_numeric                           - Undefined Weak Reference
    _get_lc_time                              - Undefined Weak Reference
    _getenv_init                              - Undefined Weak Reference
    _handle_redirection                       - Undefined Weak Reference
    _init_alloc                               - Undefined Weak Reference
    _init_user_alloc                          - Undefined Weak Reference
    _initio                                   - Undefined Weak Reference
    _printf_truncate_signed                   - Undefined Weak Reference
    _printf_truncate_unsigned                 - Undefined Weak Reference
    _rand_init                                - Undefined Weak Reference
    _signal_finish                            - Undefined Weak Reference
    _signal_init                              - Undefined Weak Reference
    _terminate_alloc                          - Undefined Weak Reference
    _terminate_user_alloc                     - Undefined Weak Reference
    _terminateio                              - Undefined Weak Reference
    __Vectors_Size                           0x00000150   Number         0  startup_stm32f105xc.o ABSOLUTE
    __Vectors                                0x08000000   Data           4  startup_stm32f105xc.o(RESET)
    __Vectors_End                            0x08000150   Data           0  startup_stm32f105xc.o(RESET)
    __main                                   0x08000151   Thumb Code     8  __main.o(!!!main)
    __scatterload                            0x08000159   Thumb Code     0  __scatter.o(!!!scatter)
    __scatterload_rt2                        0x08000159   Thumb Code    44  __scatter.o(!!!scatter)
    __scatterload_rt2_thumb_only             0x08000159   Thumb Code     0  __scatter.o(!!!scatter)
    __scatterload_null                       0x08000167   Thumb Code     0  __scatter.o(!!!scatter)
    __scatterload_copy                       0x0800018d   Thumb Code    26  __scatter_copy.o(!!handler_copy)
    __scatterload_zeroinit                   0x080001a9   Thumb Code    28  __scatter_zi.o(!!handler_zi)
    _printf_d                                0x080001c5   Thumb Code     0  _printf_d.o(.ARM.Collect$$_printf_percent$$00000009)
    _printf_percent                          0x080001c5   Thumb Code     0  _printf_percent.o(.ARM.Collect$$_printf_percent$$00000000)
    _printf_u                                0x080001cb   Thumb Code     0  _printf_u.o(.ARM.Collect$$_printf_percent$$0000000A)
    _printf_percent_end                      0x080001d1   Thumb Code     0  _printf_percent_end.o(.ARM.Collect$$_printf_percent$$00000017)
    __rt_lib_init                            0x080001d5   Thumb Code     0  libinit.o(.ARM.Collect$$libinit$$00000000)
    __rt_lib_init_alloca_1                   0x080001d7   Thumb Code     0  libinit2.o(.ARM.Collect$$libinit$$0000002E)
    __rt_lib_init_argv_1                     0x080001d7   Thumb Code     0  libinit2.o(.ARM.Collect$$libinit$$0000002C)
    __rt_lib_init_atexit_1                   0x080001d7   Thumb Code     0  libinit2.o(.ARM.Collect$$libinit$$0000001B)
    __rt_lib_init_clock_1                    0x080001d7   Thumb Code     0  libinit2.o(.ARM.Collect$$libinit$$00000021)
    __rt_lib_init_cpp_1                      0x080001d7   Thumb Code     0  libinit2.o(.ARM.Collect$$libinit$$00000032)
    __rt_lib_init_exceptions_1               0x080001d7   Thumb Code     0  libinit2.o(.ARM.Collect$$libinit$$00000030)
    __rt_lib_init_fp_1                       0x080001d7   Thumb Code     0  libinit2.o(.ARM.Collect$$libinit$$00000002)
    __rt_lib_init_fp_trap_1                  0x080001d7   Thumb Code     0  libinit2.o(.ARM.Collect$$libinit$$0000001F)
    __rt_lib_init_getenv_1                   0x080001d7   Thumb Code     0  libinit2.o(.ARM.Collect$$libinit$$00000023)
    __rt_lib_init_heap_1                     0x080001d7   Thumb Code     0  libinit2.o(.ARM.Collect$$libinit$$0000000A)
    __rt_lib_init_lc_collate_1               0x080001d7   Thumb Code     0  libinit2.o(.ARM.Collect$$libinit$$00000011)
    __rt_lib_init_lc_ctype_1                 0x080001d7   Thumb Code     0  libinit2.o(.ARM.Collect$$libinit$$00000013)
    __rt_lib_init_lc_monetary_1              0x080001d7   Thumb Code     0  libinit2.o(.ARM.Collect$$libinit$$00000015)
    __rt_lib_init_lc_numeric_1               0x080001d7   Thumb Code     0  libinit2.o(.ARM.Collect$$libinit$$00000017)
    __rt_lib_init_lc_time_1                  0x080001d7   Thumb Code     0  libinit2.o(.ARM.Collect$$libinit$$00000019)
    __rt_lib_init_preinit_1                  0x080001d7   Thumb Code     0  libinit2.o(.ARM.Collect$$libinit$$00000004)
    __rt_lib_init_rand_1                     0x080001d7   Thumb Code     0  libinit2.o(.ARM.Collect$$libinit$$0000000E)
    __rt_lib_init_return                     0x080001d7   Thumb Code     0  libinit2.o(.ARM.Collect$$libinit$$00000033)
    __rt_lib_init_signal_1                   0x080001d7   Thumb Code     0  libinit2.o(.ARM.Collect$$libinit$$0000001D)
    __rt_lib_init_stdio_1                    0x080001d7   Thumb Code     0  libinit2.o(.ARM.Collect$$libinit$$00000025)
    __rt_lib_init_user_alloc_1               0x080001d7   Thumb Code     0  libinit2.o(.ARM.Collect$$libinit$$0000000C)
    __rt_lib_shutdown                        0x080001d9   Thumb Code     0  libshutdown.o(.ARM.Collect$$libshutdown$$00000000)
    __rt_lib_shutdown_cpp_1                  0x080001db   Thumb Code     0  libshutdown2.o(.ARM.Collect$$libshutdown$$00000002)
    __rt_lib_shutdown_fp_trap_1              0x080001db   Thumb Code     0  libshutdown2.o(.ARM.Collect$$libshutdown$$00000007)
    __rt_lib_shutdown_heap_1                 0x080001db   Thumb Code     0  libshutdown2.o(.ARM.Collect$$libshutdown$$0000000F)
    __rt_lib_shutdown_return                 0x080001db   Thumb Code     0  libshutdown2.o(.ARM.Collect$$libshutdown$$00000010)
    __rt_lib_shutdown_signal_1               0x080001db   Thumb Code     0  libshutdown2.o(.ARM.Collect$$libshutdown$$0000000A)
    __rt_lib_shutdown_stdio_1                0x080001db   Thumb Code     0  libshutdown2.o(.ARM.Collect$$libshutdown$$00000004)
    __rt_lib_shutdown_user_alloc_1           0x080001db   Thumb Code     0  libshutdown2.o(.ARM.Collect$$libshutdown$$0000000C)
    __rt_entry                               0x080001dd   Thumb Code     0  __rtentry.o(.ARM.Collect$$rtentry$$00000000)
    __rt_entry_presh_1                       0x080001dd   Thumb Code     0  __rtentry2.o(.ARM.Collect$$rtentry$$00000002)
    __rt_entry_sh                            0x080001dd   Thumb Code     0  __rtentry4.o(.ARM.Collect$$rtentry$$00000004)
    __rt_entry_li                            0x080001e3   Thumb Code     0  __rtentry2.o(.ARM.Collect$$rtentry$$0000000A)
    __rt_entry_postsh_1                      0x080001e3   Thumb Code     0  __rtentry2.o(.ARM.Collect$$rtentry$$00000009)
    __rt_entry_main                          0x080001e7   Thumb Code     0  __rtentry2.o(.ARM.Collect$$rtentry$$0000000D)
    __rt_entry_postli_1                      0x080001e7   Thumb Code     0  __rtentry2.o(.ARM.Collect$$rtentry$$0000000C)
    __rt_exit                                0x080001ef   Thumb Code     0  rtexit.o(.ARM.Collect$$rtexit$$00000000)
    __rt_exit_ls                             0x080001f1   Thumb Code     0  rtexit2.o(.ARM.Collect$$rtexit$$00000003)
    __rt_exit_prels_1                        0x080001f1   Thumb Code     0  rtexit2.o(.ARM.Collect$$rtexit$$00000002)
    __rt_exit_exit                           0x080001f5   Thumb Code     0  rtexit2.o(.ARM.Collect$$rtexit$$00000004)
    Reset_Handler                            0x080001fd   Thumb Code     8  startup_stm32f105xc.o(.text)
    ADC1_2_IRQHandler                        0x08000217   Thumb Code     0  startup_stm32f105xc.o(.text)
    CAN1_RX0_IRQHandler                      0x08000217   Thumb Code     0  startup_stm32f105xc.o(.text)
    CAN1_RX1_IRQHandler                      0x08000217   Thumb Code     0  startup_stm32f105xc.o(.text)
    CAN1_SCE_IRQHandler                      0x08000217   Thumb Code     0  startup_stm32f105xc.o(.text)
    CAN1_TX_IRQHandler                       0x08000217   Thumb Code     0  startup_stm32f105xc.o(.text)
    CAN2_RX0_IRQHandler                      0x08000217   Thumb Code     0  startup_stm32f105xc.o(.text)
    CAN2_RX1_IRQHandler                      0x08000217   Thumb Code     0  startup_stm32f105xc.o(.text)
    CAN2_SCE_IRQHandler                      0x08000217   Thumb Code     0  startup_stm32f105xc.o(.text)
    CAN2_TX_IRQHandler                       0x08000217   Thumb Code     0  startup_stm32f105xc.o(.text)
    DMA1_Channel1_IRQHandler                 0x08000217   Thumb Code     0  startup_stm32f105xc.o(.text)
    DMA1_Channel2_IRQHandler                 0x08000217   Thumb Code     0  startup_stm32f105xc.o(.text)
    DMA1_Channel3_IRQHandler                 0x08000217   Thumb Code     0  startup_stm32f105xc.o(.text)
    DMA1_Channel4_IRQHandler                 0x08000217   Thumb Code     0  startup_stm32f105xc.o(.text)
    DMA1_Channel6_IRQHandler                 0x08000217   Thumb Code     0  startup_stm32f105xc.o(.text)
    DMA1_Channel7_IRQHandler                 0x08000217   Thumb Code     0  startup_stm32f105xc.o(.text)
    DMA2_Channel1_IRQHandler                 0x08000217   Thumb Code     0  startup_stm32f105xc.o(.text)
    DMA2_Channel2_IRQHandler                 0x08000217   Thumb Code     0  startup_stm32f105xc.o(.text)
    DMA2_Channel3_IRQHandler                 0x08000217   Thumb Code     0  startup_stm32f105xc.o(.text)
    DMA2_Channel4_IRQHandler                 0x08000217   Thumb Code     0  startup_stm32f105xc.o(.text)
    DMA2_Channel5_IRQHandler                 0x08000217   Thumb Code     0  startup_stm32f105xc.o(.text)
    EXTI0_IRQHandler                         0x08000217   Thumb Code     0  startup_stm32f105xc.o(.text)
    EXTI1_IRQHandler                         0x08000217   Thumb Code     0  startup_stm32f105xc.o(.text)
    EXTI3_IRQHandler                         0x08000217   Thumb Code     0  startup_stm32f105xc.o(.text)
    EXTI4_IRQHandler                         0x08000217   Thumb Code     0  startup_stm32f105xc.o(.text)
    EXTI9_5_IRQHandler                       0x08000217   Thumb Code     0  startup_stm32f105xc.o(.text)
    FLASH_IRQHandler                         0x08000217   Thumb Code     0  startup_stm32f105xc.o(.text)
    I2C1_ER_IRQHandler                       0x08000217   Thumb Code     0  startup_stm32f105xc.o(.text)
    I2C1_EV_IRQHandler                       0x08000217   Thumb Code     0  startup_stm32f105xc.o(.text)
    I2C2_ER_IRQHandler                       0x08000217   Thumb Code     0  startup_stm32f105xc.o(.text)
    I2C2_EV_IRQHandler                       0x08000217   Thumb Code     0  startup_stm32f105xc.o(.text)
    OTG_FS_IRQHandler                        0x08000217   Thumb Code     0  startup_stm32f105xc.o(.text)
    OTG_FS_WKUP_IRQHandler                   0x08000217   Thumb Code     0  startup_stm32f105xc.o(.text)
    PVD_IRQHandler                           0x08000217   Thumb Code     0  startup_stm32f105xc.o(.text)
    RCC_IRQHandler                           0x08000217   Thumb Code     0  startup_stm32f105xc.o(.text)
    RTC_Alarm_IRQHandler                     0x08000217   Thumb Code     0  startup_stm32f105xc.o(.text)
    RTC_IRQHandler                           0x08000217   Thumb Code     0  startup_stm32f105xc.o(.text)
    SPI1_IRQHandler                          0x08000217   Thumb Code     0  startup_stm32f105xc.o(.text)
    SPI2_IRQHandler                          0x08000217   Thumb Code     0  startup_stm32f105xc.o(.text)
    SPI3_IRQHandler                          0x08000217   Thumb Code     0  startup_stm32f105xc.o(.text)
    TAMPER_IRQHandler                        0x08000217   Thumb Code     0  startup_stm32f105xc.o(.text)
    TIM1_BRK_IRQHandler                      0x08000217   Thumb Code     0  startup_stm32f105xc.o(.text)
    TIM1_CC_IRQHandler                       0x08000217   Thumb Code     0  startup_stm32f105xc.o(.text)
    TIM1_TRG_COM_IRQHandler                  0x08000217   Thumb Code     0  startup_stm32f105xc.o(.text)
    TIM1_UP_IRQHandler                       0x08000217   Thumb Code     0  startup_stm32f105xc.o(.text)
    TIM2_IRQHandler                          0x08000217   Thumb Code     0  startup_stm32f105xc.o(.text)
    TIM3_IRQHandler                          0x08000217   Thumb Code     0  startup_stm32f105xc.o(.text)
    TIM7_IRQHandler                          0x08000217   Thumb Code     0  startup_stm32f105xc.o(.text)
    UART4_IRQHandler                         0x08000217   Thumb Code     0  startup_stm32f105xc.o(.text)
    UART5_IRQHandler                         0x08000217   Thumb Code     0  startup_stm32f105xc.o(.text)
    USART1_IRQHandler                        0x08000217   Thumb Code     0  startup_stm32f105xc.o(.text)
    USART2_IRQHandler                        0x08000217   Thumb Code     0  startup_stm32f105xc.o(.text)
    USART3_IRQHandler                        0x08000217   Thumb Code     0  startup_stm32f105xc.o(.text)
    WWDG_IRQHandler                          0x08000217   Thumb Code     0  startup_stm32f105xc.o(.text)
    __user_initial_stackheap                 0x08000219   Thumb Code     0  startup_stm32f105xc.o(.text)
    __aeabi_uldivmod                         0x0800023d   Thumb Code     0  lludivv7m.o(.text)
    _ll_udiv                                 0x0800023d   Thumb Code   240  lludivv7m.o(.text)
    __2snprintf                              0x0800032d   Thumb Code    48  noretval__2snprintf.o(.text)
    _printf_pre_padding                      0x08000361   Thumb Code    44  _printf_pad.o(.text)
    _printf_post_padding                     0x0800038d   Thumb Code    34  _printf_pad.o(.text)
    _printf_int_dec                          0x080003b1   Thumb Code   104  _printf_dec.o(.text)
    __printf                                 0x08000429   Thumb Code   308  __printf_flags_wp.o(.text)
    __aeabi_memset4                          0x08000561   Thumb Code    16  aeabi_memset4.o(.text)
    __aeabi_memset8                          0x08000561   Thumb Code     0  aeabi_memset4.o(.text)
    __aeabi_memclr4                          0x08000571   Thumb Code     0  rt_memclr_w.o(.text)
    __aeabi_memclr8                          0x08000571   Thumb Code     0  rt_memclr_w.o(.text)
    __rt_memclr_w                            0x08000571   Thumb Code     0  rt_memclr_w.o(.text)
    _memset_w                                0x08000575   Thumb Code    74  rt_memclr_w.o(.text)
    __use_two_region_memory                  0x080005bf   Thumb Code     2  heapauxi.o(.text)
    __rt_heap_escrow$2region                 0x080005c1   Thumb Code     2  heapauxi.o(.text)
    __rt_heap_expand$2region                 0x080005c3   Thumb Code     2  heapauxi.o(.text)
    _printf_int_common                       0x080005c5   Thumb Code   178  _printf_intcommon.o(.text)
    _printf_char_common                      0x08000683   Thumb Code    32  _printf_char_common.o(.text)
    _sputc                                   0x080006a9   Thumb Code    10  _sputc.o(.text)
    _snputc                                  0x080006b3   Thumb Code    16  _snputc.o(.text)
    __user_setup_stackheap                   0x080006c3   Thumb Code    74  sys_stackheap_outer.o(.text)
    exit                                     0x0800070d   Thumb Code    18  exit.o(.text)
    __user_libspace                          0x08000721   Thumb Code     8  libspace.o(.text)
    __user_perproc_libspace                  0x08000721   Thumb Code     0  libspace.o(.text)
    __user_perthread_libspace                0x08000721   Thumb Code     0  libspace.o(.text)
    _sys_exit                                0x08000729   Thumb Code     8  sys_exit.o(.text)
    __I$use$semihosting                      0x08000735   Thumb Code     0  use_no_semi.o(.text)
    __use_no_semihosting_swi                 0x08000735   Thumb Code     2  use_no_semi.o(.text)
    __semihosting_library_function           0x08000737   Thumb Code     0  indicate_semi.o(.text)
    BusFault_Handler                         0x08000739   Thumb Code     2  stm32f1xx_it.o(.text.BusFault_Handler)
    Counter_PWM_Drive1_Callback              0x0800073d   Thumb Code    24  drive.o(.text.Counter_PWM_Drive1_Callback)
    Counter_PWM_Drive2_Callback              0x08000755   Thumb Code    42  drive.o(.text.Counter_PWM_Drive2_Callback)
    DMA1_Channel5_Callback                   0x08000781   Thumb Code    12  spi.o(.text.DMA1_Channel5_Callback)
    DMA1_Channel5_IRQHandler                 0x0800078d   Thumb Code    30  stm32f1xx_it.o(.text.DMA1_Channel5_IRQHandler)
    DebugMon_Handler                         0x080007ad   Thumb Code     2  stm32f1xx_it.o(.text.DebugMon_Handler)
    Drive1_PWM_start                         0x080007b1   Thumb Code    56  tim.o(.text.Drive1_PWM_start)
    Drive1_PWM_stop                          0x080007e9   Thumb Code    26  tim.o(.text.Drive1_PWM_stop)
    Drive2_PWM_start                         0x08000805   Thumb Code    60  tim.o(.text.Drive2_PWM_start)
    Drive2_PWM_stop                          0x08000841   Thumb Code    30  tim.o(.text.Drive2_PWM_stop)
    Drives_PWM_start                         0x08000861   Thumb Code   162  tim.o(.text.Drives_PWM_start)
    EXTI15_10_IRQHandler                     0x08000905   Thumb Code    30  stm32f1xx_it.o(.text.EXTI15_10_IRQHandler)
    EXTI2_IRQHandler                         0x08000925   Thumb Code    26  stm32f1xx_it.o(.text.EXTI2_IRQHandler)
    Error_Handler                            0x08000941   Thumb Code    10  main.o(.text.Error_Handler)
    HAL_GetTick                              0x08000955   Thumb Code    12  stm32f1xx_hal.o(.text.HAL_GetTick)
    HAL_IncTick                              0x08000961   Thumb Code    26  stm32f1xx_hal.o(.text.HAL_IncTick)
    HAL_Init                                 0x0800097d   Thumb Code    38  stm32f1xx_hal.o(.text.HAL_Init)
    HAL_InitTick                             0x080009a5   Thumb Code    80  stm32f1xx_hal.o(.text.HAL_InitTick)
    HAL_MspInit                              0x080009f5   Thumb Code    66  stm32f1xx_hal_msp.o(.text.HAL_MspInit)
    HAL_NVIC_SetPriority                     0x08000a39   Thumb Code    30  stm32f1xx_hal_cortex.o(.text.HAL_NVIC_SetPriority)
    HAL_NVIC_SetPriorityGrouping             0x08000a59   Thumb Code     8  stm32f1xx_hal_cortex.o(.text.HAL_NVIC_SetPriorityGrouping)
    HAL_RCC_ClockConfig                      0x08000a61   Thumb Code   372  stm32f1xx_hal_rcc.o(.text.HAL_RCC_ClockConfig)
    HAL_RCC_GetSysClockFreq                  0x08000bd5   Thumb Code   140  stm32f1xx_hal_rcc.o(.text.HAL_RCC_GetSysClockFreq)
    HAL_RCC_OscConfig                        0x08000c81   Thumb Code  1002  stm32f1xx_hal_rcc.o(.text.HAL_RCC_OscConfig)
    HAL_SYSTICK_Config                       0x0800106d   Thumb Code     8  stm32f1xx_hal_cortex.o(.text.HAL_SYSTICK_Config)
    HardFault_Handler                        0x08001075   Thumb Code     2  stm32f1xx_it.o(.text.HardFault_Handler)
    HardStop_Drives                          0x08001079   Thumb Code    38  drive.o(.text.HardStop_Drives)
    LL_EXTI_Init                             0x080013c5   Thumb Code   142  stm32f1xx_ll_exti.o(.text.LL_EXTI_Init)
    LL_GPIO_Init                             0x080014c5   Thumb Code   134  stm32f1xx_ll_gpio.o(.text.LL_GPIO_Init)
    LL_I2C_Init                              0x08001789   Thumb Code    68  stm32f1xx_ll_i2c.o(.text.LL_I2C_Init)
    LL_RCC_GetSystemClocksFreq               0x08001841   Thumb Code    34  stm32f1xx_ll_rcc.o(.text.LL_RCC_GetSystemClocksFreq)
    LL_SPI_Init                              0x080018e9   Thumb Code   118  stm32f1xx_ll_spi.o(.text.LL_SPI_Init)
    LL_TIM_BDTR_Init                         0x0800198d   Thumb Code    58  stm32f1xx_ll_tim.o(.text.LL_TIM_BDTR_Init)
    LL_TIM_Init                              0x08001bb5   Thumb Code   158  stm32f1xx_ll_tim.o(.text.LL_TIM_Init)
    LL_TIM_OC_Init                           0x08001cd9   Thumb Code    82  stm32f1xx_ll_tim.o(.text.LL_TIM_OC_Init)
    LL_USART_Init                            0x08001ddd   Thumb Code   176  stm32f1xx_ll_usart.o(.text.LL_USART_Init)
    Left_Sensor_Callback                     0x08001eed   Thumb Code    74  drive.o(.text.Left_Sensor_Callback)
    MX_DMA_Init                              0x08001f39   Thumb Code    24  dma.o(.text.MX_DMA_Init)
    MX_GPIO_Init                             0x08001f51   Thumb Code   366  gpio.o(.text.MX_GPIO_Init)
    MX_I2C1_Init                             0x080020c1   Thumb Code   154  i2c.o(.text.MX_I2C1_Init)
    MX_SPI2_Init                             0x0800215d   Thumb Code   170  spi.o(.text.MX_SPI2_Init)
    MX_TIM1_Init                             0x08002209   Thumb Code   242  tim.o(.text.MX_TIM1_Init)
    MX_TIM2_Init                             0x080022fd   Thumb Code   178  tim.o(.text.MX_TIM2_Init)
    MX_TIM3_Init                             0x080023b1   Thumb Code   178  tim.o(.text.MX_TIM3_Init)
    MX_TIM4_Init                             0x08002465   Thumb Code   138  tim.o(.text.MX_TIM4_Init)
    MX_TIM5_Init                             0x080024f1   Thumb Code   136  tim.o(.text.MX_TIM5_Init)
    MX_USART3_UART_Init                      0x08002579   Thumb Code   138  usart.o(.text.MX_USART3_UART_Init)
    MemManage_Handler                        0x08002605   Thumb Code     2  stm32f1xx_it.o(.text.MemManage_Handler)
    NMI_Handler                              0x08002609   Thumb Code     2  stm32f1xx_it.o(.text.NMI_Handler)
    PendSV_Handler                           0x08002845   Thumb Code     2  stm32f1xx_it.o(.text.PendSV_Handler)
    RCC_GetHCLKClockFreq                     0x08002875   Thumb Code    28  stm32f1xx_ll_rcc.o(.text.RCC_GetHCLKClockFreq)
    RCC_GetPCLK1ClockFreq                    0x08002891   Thumb Code    26  stm32f1xx_ll_rcc.o(.text.RCC_GetPCLK1ClockFreq)
    RCC_GetPCLK2ClockFreq                    0x080028ad   Thumb Code    26  stm32f1xx_ll_rcc.o(.text.RCC_GetPCLK2ClockFreq)
    RCC_GetSystemClockFreq                   0x080028c9   Thumb Code    24  stm32f1xx_ll_rcc.o(.text.RCC_GetSystemClockFreq)
    RCC_PLL2_GetFreqClockFreq                0x080028e1   Thumb Code    42  stm32f1xx_ll_rcc.o(.text.RCC_PLL2_GetFreqClockFreq)
    RCC_PLL_GetFreqDomain_SYS                0x0800290d   Thumb Code    86  stm32f1xx_ll_rcc.o(.text.RCC_PLL_GetFreqDomain_SYS)
    Right_Sensor_Callback                    0x08002965   Thumb Code    74  drive.o(.text.Right_Sensor_Callback)
    SSD1306_Clear_Screen                     0x080029b1   Thumb Code    10  ssd1306.o(.text.SSD1306_Clear_Screen)
    SSD1306_DrawPixel                        0x080029bd   Thumb Code    92  ssd1306.o(.text.SSD1306_DrawPixel)
    SSD1306_Fill                             0x08002a19   Thumb Code    42  ssd1306.o(.text.SSD1306_Fill)
    SSD1306_GotoXY                           0x08002a45   Thumb Code    22  ssd1306.o(.text.SSD1306_GotoXY)
    SSD1306_PageAdress                       0x08002a5d   Thumb Code    36  ssd1306.o(.text.SSD1306_PageAdress)
    SSD1306_Putc                             0x08002a81   Thumb Code   166  ssd1306.o(.text.SSD1306_Putc)
    SSD1306_Puts                             0x08002b29   Thumb Code    46  ssd1306.o(.text.SSD1306_Puts)
    SSD1306_UpdateScreen                     0x08002b59   Thumb Code    20  ssd1306.o(.text.SSD1306_UpdateScreen)
    SVC_Handler                              0x08002b6d   Thumb Code     2  stm32f1xx_it.o(.text.SVC_Handler)
    SoftStop_Drives                          0x08002b71   Thumb Code    12  drive.o(.text.SoftStop_Drives)
    Stop_Count_Timers                        0x08002b7d   Thumb Code    26  tim.o(.text.Stop_Count_Timers)
    SysTick_Handler                          0x08002bc9   Thumb Code     8  stm32f1xx_it.o(.text.SysTick_Handler)
    SystemClock_Config                       0x08002bd1   Thumb Code   112  main.o(.text.SystemClock_Config)
    SystemInit                               0x08002c41   Thumb Code     2  system_stm32f1xx.o(.text.SystemInit)
    TIM4_IRQHandler                          0x08002c45   Thumb Code    38  tim.o(.text.TIM4_IRQHandler)
    TIM5_IRQHandler                          0x08002c6d   Thumb Code    38  tim.o(.text.TIM5_IRQHandler)
    TIM6_IRQHandler                          0x08002c95   Thumb Code    48  tim.o(.text.TIM6_IRQHandler)
    UsageFault_Handler                       0x08002cc5   Thumb Code     2  stm32f1xx_it.o(.text.UsageFault_Handler)
    calc_rotation_speed                      0x08002dbd   Thumb Code    24  calc_value.o(.text.calc_rotation_speed)
    default_screen                           0x08002de5   Thumb Code   112  ssd1306.o(.text.default_screen)
    delay_us                                 0x08002e71   Thumb Code    58  tim.o(.text.delay_us)
    drive1_turn                              0x08002ead   Thumb Code    90  drive.o(.text.drive1_turn)
    drive2_turn                              0x08002f09   Thumb Code    74  drive.o(.text.drive2_turn)
    init_loop                                0x08003065   Thumb Code    82  menu.o(.text.init_loop)
    init_preset_struct                       0x080030b9   Thumb Code    38  main.o(.text.init_preset_struct)
    init_status_flags_drives                 0x080030e1   Thumb Code    34  drive.o(.text.init_status_flags_drives)
    main                                     0x08003105   Thumb Code   102  main.o(.text.main)
    main_loop                                0x0800316d   Thumb Code   154  menu.o(.text.main_loop)
    main_menu_select_preset_screen           0x08003209   Thumb Code   108  ssd1306.o(.text.main_menu_select_preset_screen)
    menu_select_preset                       0x08003275   Thumb Code   154  menu.o(.text.menu_select_preset)
    menu_select_preset_screen                0x08003311   Thumb Code    44  ssd1306.o(.text.menu_select_preset_screen)
    mode_setup_null_dir_screen               0x0800333d   Thumb Code   126  ssd1306.o(.text.mode_setup_null_dir_screen)
    mode_setup_null_screen                   0x080033bd   Thumb Code    74  ssd1306.o(.text.mode_setup_null_screen)
    read_encoder                             0x080035b9   Thumb Code    48  encoder.o(.text.read_encoder)
    release_pedal_menu                       0x080035e9   Thumb Code    98  ssd1306.o(.text.release_pedal_menu)
    repeat_time                              0x0800364d   Thumb Code    52  tim.o(.text.repeat_time)
    scan_button_PEDAL                        0x08003681   Thumb Code    26  button.o(.text.scan_button_PEDAL)
    scan_keys                                0x080036e9   Thumb Code   352  button.o(.text.scan_keys)
    select_direction                         0x08003849   Thumb Code    80  drive.o(.text.select_direction)
    settings_preset_reset                    0x08003899   Thumb Code    50  drive.o(.text.settings_preset_reset)
    setup_coil_screen                        0x080038cd   Thumb Code    68  ssd1306.o(.text.setup_coil_screen)
    setup_menu                               0x0800391d   Thumb Code   366  menu.o(.text.setup_menu)
    setup_null_position                      0x08003a8d   Thumb Code   154  drive.o(.text.setup_null_position)
    setup_ratio_screen                       0x08003b29   Thumb Code    88  ssd1306.o(.text.setup_ratio_screen)
    setup_speed_screen                       0x08003b8d   Thumb Code    60  ssd1306.o(.text.setup_speed_screen)
    spi_write_buffer_DMA                     0x08003bd1   Thumb Code    98  spi.o(.text.spi_write_buffer_DMA)
    spi_write_byte                           0x08003c35   Thumb Code    20  spi.o(.text.spi_write_byte)
    ssd1306_Init                             0x08003c49   Thumb Code   234  ssd1306.o(.text.ssd1306_Init)
    ssd1306_SendCommand                      0x08003d35   Thumb Code    16  ssd1306_interface.o(.text.ssd1306_SendCommand)
    ssd1306_SendDataBuffer                   0x08003d45   Thumb Code     8  ssd1306_interface.o(.text.ssd1306_SendDataBuffer)
    start_drives_turn                        0x08003d4d   Thumb Code   164  drive.o(.text.start_drives_turn)
    start_menu                               0x08003df1   Thumb Code    52  ssd1306.o(.text.start_menu)
    start_scan_key_PEDAL                     0x08003e25   Thumb Code   200  button.o(.text.start_scan_key_PEDAL)
    timers_ini                               0x08003f8d   Thumb Code    16  tim.o(.text.timers_ini)
    turn_drive_menu                          0x08003f9d   Thumb Code    26  menu.o(.text.turn_drive_menu)
    _is_digit                                0x08003fb7   Thumb Code    14  __printf_wp.o(i._is_digit)
    AHBPrescTable                            0x08003fd5   Data          16  system_stm32f1xx.o(.rodata.AHBPrescTable)
    APBPrescTable                            0x08003fe5   Data           8  system_stm32f1xx.o(.rodata.APBPrescTable)
    Font11x17                                0x08003fee   Data        2006  fonts.o(.rodata.Font11x17)
    Font16x26                                0x080047c4   Data        3068  fonts.o(.rodata.Font16x26)
    Font7x10                                 0x080053c0   Data        1200  fonts.o(.rodata.Font7x10)
    Region$$Table$$Base                      0x08005888   Number         0  anon$$obj.o(Region$$Table)
    Region$$Table$$Limit                     0x080058a8   Number         0  anon$$obj.o(Region$$Table)
    Font_11x17                               0x20000000   Data           8  fonts.o(.data.Font_11x17)
    Font_16x26                               0x20000008   Data           8  fonts.o(.data.Font_16x26)
    Font_7x10                                0x20000010   Data           8  fonts.o(.data.Font_7x10)
    SystemCoreClock                          0x20000018   Data           4  system_stm32f1xx.o(.data.SystemCoreClock)
    drive_mode                               0x2000001c   Data           1  menu.o(.data.drive_mode)
    uwTickFreq                               0x2000001d   Data           1  stm32f1xx_hal.o(.data.uwTickFreq)
    uwTickPrio                               0x20000020   Data           4  stm32f1xx_hal.o(.data.uwTickPrio)
    __libspace_start                         0x20000028   Data          96  libspace.o(.bss)
    Drives_PWM                               0x20000088   Data          12  drive.o(.bss.Drives_PWM)
    __temporary_stack_top$libspace           0x20000088   Data           0  libspace.o(.bss)
    LCD_buff                                 0x20000098   Data          16  ssd1306.o(.bss.LCD_buff)
    Pos_Enc1                                 0x200000a8   Data          12  main.o(.bss.Pos_Enc1)
    SSD1306_Buffer                           0x200000bc   Data         528  ssd1306.o(.bss.SSD1306_Buffer)
    count                                    0x200002cc   Data           1  spi.o(.bss.count)
    count_autorepeat                         0x200002cd   Data           1  button.o(.bss.count_autorepeat)
    count_delay                              0x200002ce   Data           1  menu.o(.bss.count_delay)
    end_bounce                               0x200002cf   Data           1  tim.o(.bss.end_bounce)
    key_code                                 0x200002d0   Data           2  menu.o(.bss.key_code)
    preset1                                  0x200002d4   Data          24  main.o(.bss.preset1)
    preset2                                  0x200002ec   Data          24  main.o(.bss.preset2)
    preset3                                  0x20000304   Data          24  main.o(.bss.preset3)
    preset4                                  0x2000031c   Data          24  main.o(.bss.preset4)
    preset_null_pos                          0x20000334   Data          24  drive.o(.bss.preset_null_pos)
    preset_ptr                               0x2000034c   Data          16  main.o(.bss.preset_ptr)
    status_drives                            0x20000363   Data           1  drive.o(.bss.status_drives)
    uwTick                                   0x20000364   Data           4  stm32f1xx_hal.o(.bss.uwTick)



==============================================================================

Memory Map of the image

  Image Entry point : 0x08000151

  Load Region LR_IROM1 (Base: 0x08000000, Size: 0x000058d0, Max: 0x00020000, ABSOLUTE)

    Execution Region ER_IROM1 (Exec base: 0x08000000, Load base: 0x08000000, Size: 0x000058a8, Max: 0x00020000, ABSOLUTE)

    Exec Addr    Load Addr    Size         Type   Attr      Idx    E Section Name        Object

    0x08000000   0x08000000   0x00000150   Data   RO            3    RESET               startup_stm32f105xc.o
    0x08000150   0x08000150   0x00000008   Code   RO         1549  * !!!main             c_w.l(__main.o)
    0x08000158   0x08000158   0x00000034   Code   RO         1733    !!!scatter          c_w.l(__scatter.o)
    0x0800018c   0x0800018c   0x0000001a   Code   RO         1735    !!handler_copy      c_w.l(__scatter_copy.o)
    0x080001a6   0x080001a6   0x00000002   PAD
    0x080001a8   0x080001a8   0x0000001c   Code   RO         1737    !!handler_zi        c_w.l(__scatter_zi.o)
    0x080001c4   0x080001c4   0x00000000   Code   RO         1540    .ARM.Collect$$_printf_percent$$00000000  c_w.l(_printf_percent.o)
    0x080001c4   0x080001c4   0x00000006   Code   RO         1538    .ARM.Collect$$_printf_percent$$00000009  c_w.l(_printf_d.o)
    0x080001ca   0x080001ca   0x00000006   Code   RO         1539    .ARM.Collect$$_printf_percent$$0000000A  c_w.l(_printf_u.o)
    0x080001d0   0x080001d0   0x00000004   Code   RO         1564    .ARM.Collect$$_printf_percent$$00000017  c_w.l(_printf_percent_end.o)
    0x080001d4   0x080001d4   0x00000002   Code   RO         1597    .ARM.Collect$$libinit$$00000000  c_w.l(libinit.o)
    0x080001d6   0x080001d6   0x00000000   Code   RO         1610    .ARM.Collect$$libinit$$00000002  c_w.l(libinit2.o)
    0x080001d6   0x080001d6   0x00000000   Code   RO         1612    .ARM.Collect$$libinit$$00000004  c_w.l(libinit2.o)
    0x080001d6   0x080001d6   0x00000000   Code   RO         1615    .ARM.Collect$$libinit$$0000000A  c_w.l(libinit2.o)
    0x080001d6   0x080001d6   0x00000000   Code   RO         1617    .ARM.Collect$$libinit$$0000000C  c_w.l(libinit2.o)
    0x080001d6   0x080001d6   0x00000000   Code   RO         1619    .ARM.Collect$$libinit$$0000000E  c_w.l(libinit2.o)
    0x080001d6   0x080001d6   0x00000000   Code   RO         1622    .ARM.Collect$$libinit$$00000011  c_w.l(libinit2.o)
    0x080001d6   0x080001d6   0x00000000   Code   RO         1624    .ARM.Collect$$libinit$$00000013  c_w.l(libinit2.o)
    0x080001d6   0x080001d6   0x00000000   Code   RO         1626    .ARM.Collect$$libinit$$00000015  c_w.l(libinit2.o)
    0x080001d6   0x080001d6   0x00000000   Code   RO         1628    .ARM.Collect$$libinit$$00000017  c_w.l(libinit2.o)
    0x080001d6   0x080001d6   0x00000000   Code   RO         1630    .ARM.Collect$$libinit$$00000019  c_w.l(libinit2.o)
    0x080001d6   0x080001d6   0x00000000   Code   RO         1632    .ARM.Collect$$libinit$$0000001B  c_w.l(libinit2.o)
    0x080001d6   0x080001d6   0x00000000   Code   RO         1634    .ARM.Collect$$libinit$$0000001D  c_w.l(libinit2.o)
    0x080001d6   0x080001d6   0x00000000   Code   RO         1636    .ARM.Collect$$libinit$$0000001F  c_w.l(libinit2.o)
    0x080001d6   0x080001d6   0x00000000   Code   RO         1638    .ARM.Collect$$libinit$$00000021  c_w.l(libinit2.o)
    0x080001d6   0x080001d6   0x00000000   Code   RO         1640    .ARM.Collect$$libinit$$00000023  c_w.l(libinit2.o)
    0x080001d6   0x080001d6   0x00000000   Code   RO         1642    .ARM.Collect$$libinit$$00000025  c_w.l(libinit2.o)
    0x080001d6   0x080001d6   0x00000000   Code   RO         1646    .ARM.Collect$$libinit$$0000002C  c_w.l(libinit2.o)
    0x080001d6   0x080001d6   0x00000000   Code   RO         1648    .ARM.Collect$$libinit$$0000002E  c_w.l(libinit2.o)
    0x080001d6   0x080001d6   0x00000000   Code   RO         1650    .ARM.Collect$$libinit$$00000030  c_w.l(libinit2.o)
    0x080001d6   0x080001d6   0x00000000   Code   RO         1652    .ARM.Collect$$libinit$$00000032  c_w.l(libinit2.o)
    0x080001d6   0x080001d6   0x00000002   Code   RO         1653    .ARM.Collect$$libinit$$00000033  c_w.l(libinit2.o)
    0x080001d8   0x080001d8   0x00000002   Code   RO         1688    .ARM.Collect$$libshutdown$$00000000  c_w.l(libshutdown.o)
    0x080001da   0x080001da   0x00000000   Code   RO         1716    .ARM.Collect$$libshutdown$$00000002  c_w.l(libshutdown2.o)
    0x080001da   0x080001da   0x00000000   Code   RO         1718    .ARM.Collect$$libshutdown$$00000004  c_w.l(libshutdown2.o)
    0x080001da   0x080001da   0x00000000   Code   RO         1721    .ARM.Collect$$libshutdown$$00000007  c_w.l(libshutdown2.o)
    0x080001da   0x080001da   0x00000000   Code   RO         1724    .ARM.Collect$$libshutdown$$0000000A  c_w.l(libshutdown2.o)
    0x080001da   0x080001da   0x00000000   Code   RO         1726    .ARM.Collect$$libshutdown$$0000000C  c_w.l(libshutdown2.o)
    0x080001da   0x080001da   0x00000000   Code   RO         1729    .ARM.Collect$$libshutdown$$0000000F  c_w.l(libshutdown2.o)
    0x080001da   0x080001da   0x00000002   Code   RO         1730    .ARM.Collect$$libshutdown$$00000010  c_w.l(libshutdown2.o)
    0x080001dc   0x080001dc   0x00000000   Code   RO         1551    .ARM.Collect$$rtentry$$00000000  c_w.l(__rtentry.o)
    0x080001dc   0x080001dc   0x00000000   Code   RO         1566    .ARM.Collect$$rtentry$$00000002  c_w.l(__rtentry2.o)
    0x080001dc   0x080001dc   0x00000006   Code   RO         1578    .ARM.Collect$$rtentry$$00000004  c_w.l(__rtentry4.o)
    0x080001e2   0x080001e2   0x00000000   Code   RO         1568    .ARM.Collect$$rtentry$$00000009  c_w.l(__rtentry2.o)
    0x080001e2   0x080001e2   0x00000004   Code   RO         1569    .ARM.Collect$$rtentry$$0000000A  c_w.l(__rtentry2.o)
    0x080001e6   0x080001e6   0x00000000   Code   RO         1571    .ARM.Collect$$rtentry$$0000000C  c_w.l(__rtentry2.o)
    0x080001e6   0x080001e6   0x00000008   Code   RO         1572    .ARM.Collect$$rtentry$$0000000D  c_w.l(__rtentry2.o)
    0x080001ee   0x080001ee   0x00000002   Code   RO         1601    .ARM.Collect$$rtexit$$00000000  c_w.l(rtexit.o)
    0x080001f0   0x080001f0   0x00000000   Code   RO         1659    .ARM.Collect$$rtexit$$00000002  c_w.l(rtexit2.o)
    0x080001f0   0x080001f0   0x00000004   Code   RO         1660    .ARM.Collect$$rtexit$$00000003  c_w.l(rtexit2.o)
    0x080001f4   0x080001f4   0x00000006   Code   RO         1661    .ARM.Collect$$rtexit$$00000004  c_w.l(rtexit2.o)
    0x080001fa   0x080001fa   0x00000002   PAD
    0x080001fc   0x080001fc   0x00000040   Code   RO            4    .text               startup_stm32f105xc.o
    0x0800023c   0x0800023c   0x000000f0   Code   RO         1506    .text               c_w.l(lludivv7m.o)
    0x0800032c   0x0800032c   0x00000034   Code   RO         1510    .text               c_w.l(noretval__2snprintf.o)
    0x08000360   0x08000360   0x0000004e   Code   RO         1514    .text               c_w.l(_printf_pad.o)
    0x080003ae   0x080003ae   0x00000002   PAD
    0x080003b0   0x080003b0   0x00000078   Code   RO         1516    .text               c_w.l(_printf_dec.o)
    0x08000428   0x08000428   0x00000138   Code   RO         1530    .text               c_w.l(__printf_flags_wp.o)
    0x08000560   0x08000560   0x00000010   Code   RO         1543    .text               c_w.l(aeabi_memset4.o)
    0x08000570   0x08000570   0x0000004e   Code   RO         1545    .text               c_w.l(rt_memclr_w.o)
    0x080005be   0x080005be   0x00000006   Code   RO         1547    .text               c_w.l(heapauxi.o)
    0x080005c4   0x080005c4   0x000000b2   Code   RO         1556    .text               c_w.l(_printf_intcommon.o)
    0x08000676   0x08000676   0x00000002   PAD
    0x08000678   0x08000678   0x00000030   Code   RO         1558    .text               c_w.l(_printf_char_common.o)
    0x080006a8   0x080006a8   0x0000000a   Code   RO         1560    .text               c_w.l(_sputc.o)
    0x080006b2   0x080006b2   0x00000010   Code   RO         1562    .text               c_w.l(_snputc.o)
    0x080006c2   0x080006c2   0x0000004a   Code   RO         1584    .text               c_w.l(sys_stackheap_outer.o)
    0x0800070c   0x0800070c   0x00000012   Code   RO         1586    .text               c_w.l(exit.o)
    0x0800071e   0x0800071e   0x00000002   PAD
    0x08000720   0x08000720   0x00000008   Code   RO         1598    .text               c_w.l(libspace.o)
    0x08000728   0x08000728   0x0000000c   Code   RO         1654    .text               c_w.l(sys_exit.o)
    0x08000734   0x08000734   0x00000002   Code   RO         1677    .text               c_w.l(use_no_semi.o)
    0x08000736   0x08000736   0x00000000   Code   RO         1679    .text               c_w.l(indicate_semi.o)
    0x08000736   0x08000736   0x00000002   PAD
    0x08000738   0x08000738   0x00000002   Code   RO          468    .text.BusFault_Handler  stm32f1xx_it.o
    0x0800073a   0x0800073a   0x00000002   PAD
    0x0800073c   0x0800073c   0x00000018   Code   RO           66    .text.Counter_PWM_Drive1_Callback  drive.o
    0x08000754   0x08000754   0x0000002a   Code   RO           68    .text.Counter_PWM_Drive2_Callback  drive.o
    0x0800077e   0x0800077e   0x00000002   PAD
    0x08000780   0x08000780   0x0000000c   Code   RO          303    .text.DMA1_Channel5_Callback  spi.o
    0x0800078c   0x0800078c   0x0000001e   Code   RO          486    .text.DMA1_Channel5_IRQHandler  stm32f1xx_it.o
    0x080007aa   0x080007aa   0x00000002   PAD
    0x080007ac   0x080007ac   0x00000002   Code   RO          474    .text.DebugMon_Handler  stm32f1xx_it.o
    0x080007ae   0x080007ae   0x00000002   PAD
    0x080007b0   0x080007b0   0x00000038   Code   RO          386    .text.Drive1_PWM_start  tim.o
    0x080007e8   0x080007e8   0x0000001a   Code   RO          390    .text.Drive1_PWM_stop  tim.o
    0x08000802   0x08000802   0x00000002   PAD
    0x08000804   0x08000804   0x0000003c   Code   RO          398    .text.Drive2_PWM_start  tim.o
    0x08000840   0x08000840   0x0000001e   Code   RO          402    .text.Drive2_PWM_stop  tim.o
    0x0800085e   0x0800085e   0x00000002   PAD
    0x08000860   0x08000860   0x000000a2   Code   RO          370    .text.Drives_PWM_start  tim.o
    0x08000902   0x08000902   0x00000002   PAD
    0x08000904   0x08000904   0x0000001e   Code   RO          494    .text.EXTI15_10_IRQHandler  stm32f1xx_it.o
    0x08000922   0x08000922   0x00000002   PAD
    0x08000924   0x08000924   0x0000001a   Code   RO          480    .text.EXTI2_IRQHandler  stm32f1xx_it.o
    0x0800093e   0x0800093e   0x00000002   PAD
    0x08000940   0x08000940   0x0000000a   Code   RO          124    .text.Error_Handler  main.o
    0x0800094a   0x0800094a   0x00000002   PAD
    0x0800094c   0x0800094c   0x00000008   Code   RO          104    .text.Get_Encoder_data  encoder.o
    0x08000954   0x08000954   0x0000000c   Code   RO          641    .text.HAL_GetTick   stm32f1xx_hal.o
    0x08000960   0x08000960   0x0000001a   Code   RO          639    .text.HAL_IncTick   stm32f1xx_hal.o
    0x0800097a   0x0800097a   0x00000002   PAD
    0x0800097c   0x0800097c   0x00000026   Code   RO          629    .text.HAL_Init      stm32f1xx_hal.o
    0x080009a2   0x080009a2   0x00000002   PAD
    0x080009a4   0x080009a4   0x00000050   Code   RO          631    .text.HAL_InitTick  stm32f1xx_hal.o
    0x080009f4   0x080009f4   0x00000042   Code   RO          504    .text.HAL_MspInit   stm32f1xx_hal_msp.o
    0x08000a36   0x08000a36   0x00000002   PAD
    0x08000a38   0x08000a38   0x0000001e   Code   RO          812    .text.HAL_NVIC_SetPriority  stm32f1xx_hal_cortex.o
    0x08000a56   0x08000a56   0x00000002   PAD
    0x08000a58   0x08000a58   0x00000008   Code   RO          808    .text.HAL_NVIC_SetPriorityGrouping  stm32f1xx_hal_cortex.o
    0x08000a60   0x08000a60   0x00000174   Code   RO          696    .text.HAL_RCC_ClockConfig  stm32f1xx_hal_rcc.o
    0x08000bd4   0x08000bd4   0x000000ac   Code   RO          698    .text.HAL_RCC_GetSysClockFreq  stm32f1xx_hal_rcc.o
    0x08000c80   0x08000c80   0x000003ea   Code   RO          692    .text.HAL_RCC_OscConfig  stm32f1xx_hal_rcc.o
    0x0800106a   0x0800106a   0x00000002   PAD
    0x0800106c   0x0800106c   0x00000008   Code   RO          832    .text.HAL_SYSTICK_Config  stm32f1xx_hal_cortex.o
    0x08001074   0x08001074   0x00000002   Code   RO          464    .text.HardFault_Handler  stm32f1xx_it.o
    0x08001076   0x08001076   0x00000002   PAD
    0x08001078   0x08001078   0x00000026   Code   RO           50    .text.HardStop_Drives  drive.o
    0x0800109e   0x0800109e   0x00000002   PAD
    0x080010a0   0x080010a0   0x00000020   Code   RO          171    .text.LL_AHB1_GRP1_EnableClock  dma.o
    0x080010c0   0x080010c0   0x00000020   Code   RO          195    .text.LL_APB1_GRP1_EnableClock  i2c.o
    0x080010e0   0x080010e0   0x00000020   Code   RO          251    .text.LL_APB1_GRP1_EnableClock  spi.o
    0x08001100   0x08001100   0x0000001c   Code   RO          334    .text.LL_APB1_GRP1_EnableClock  tim.o
    0x0800111c   0x0800111c   0x00000020   Code   RO          438    .text.LL_APB1_GRP1_EnableClock  usart.o
    0x0800113c   0x0800113c   0x0000001c   Code   RO          143    .text.LL_APB2_GRP1_EnableClock  gpio.o
    0x08001158   0x08001158   0x00000020   Code   RO          191    .text.LL_APB2_GRP1_EnableClock  i2c.o
    0x08001178   0x08001178   0x00000020   Code   RO          253    .text.LL_APB2_GRP1_EnableClock  spi.o
    0x08001198   0x08001198   0x0000001c   Code   RO          318    .text.LL_APB2_GRP1_EnableClock  tim.o
    0x080011b4   0x080011b4   0x00000020   Code   RO          440    .text.LL_APB2_GRP1_EnableClock  usart.o
    0x080011d4   0x080011d4   0x0000000e   Code   RO          305    .text.LL_DMA_ClearFlag_GI5  spi.o
    0x080011e2   0x080011e2   0x00000002   PAD
    0x080011e4   0x080011e4   0x0000000e   Code   RO          271    .text.LL_DMA_ClearFlag_TC5  spi.o
    0x080011f2   0x080011f2   0x00000002   PAD
    0x080011f4   0x080011f4   0x0000000e   Code   RO          273    .text.LL_DMA_ClearFlag_TE5  spi.o
    0x08001202   0x08001202   0x00000002   PAD
    0x08001204   0x08001204   0x0000000e   Code   RO          492    .text.LL_DMA_ClearFlag_TE5  stm32f1xx_it.o
    0x08001212   0x08001212   0x00000002   PAD
    0x08001214   0x08001214   0x0000001c   Code   RO          295    .text.LL_DMA_ConfigAddresses  spi.o
    0x08001230   0x08001230   0x00000010   Code   RO          269    .text.LL_DMA_DisableChannel  spi.o
    0x08001240   0x08001240   0x00000010   Code   RO          301    .text.LL_DMA_EnableChannel  spi.o
    0x08001250   0x08001250   0x00000010   Code   RO          277    .text.LL_DMA_EnableIT_TC  spi.o
    0x08001260   0x08001260   0x00000010   Code   RO          279    .text.LL_DMA_EnableIT_TE  spi.o
    0x08001270   0x08001270   0x00000010   Code   RO          297    .text.LL_DMA_GetDataTransferDirection  spi.o
    0x08001280   0x08001280   0x0000000e   Code   RO          488    .text.LL_DMA_IsActiveFlag_TC5  stm32f1xx_it.o
    0x0800128e   0x0800128e   0x00000002   PAD
    0x08001290   0x08001290   0x0000000e   Code   RO          490    .text.LL_DMA_IsActiveFlag_TE5  stm32f1xx_it.o
    0x0800129e   0x0800129e   0x00000002   PAD
    0x080012a0   0x080012a0   0x00000010   Code   RO          257    .text.LL_DMA_SetChannelPriorityLevel  spi.o
    0x080012b0   0x080012b0   0x00000012   Code   RO          293    .text.LL_DMA_SetDataLength  spi.o
    0x080012c2   0x080012c2   0x00000002   PAD
    0x080012c4   0x080012c4   0x00000014   Code   RO          255    .text.LL_DMA_SetDataTransferDirection  spi.o
    0x080012d8   0x080012d8   0x00000010   Code   RO          263    .text.LL_DMA_SetMemoryIncMode  spi.o
    0x080012e8   0x080012e8   0x00000010   Code   RO          267    .text.LL_DMA_SetMemorySize  spi.o
    0x080012f8   0x080012f8   0x00000010   Code   RO          259    .text.LL_DMA_SetMode  spi.o
    0x08001308   0x08001308   0x00000010   Code   RO          261    .text.LL_DMA_SetPeriphIncMode  spi.o
    0x08001318   0x08001318   0x00000010   Code   RO          265    .text.LL_DMA_SetPeriphSize  spi.o
    0x08001328   0x08001328   0x0000000c   Code   RO          484    .text.LL_EXTI_ClearFlag_0_31  stm32f1xx_it.o
    0x08001334   0x08001334   0x00000012   Code   RO         1173    .text.LL_EXTI_DisableEvent_0_31  stm32f1xx_ll_exti.o
    0x08001346   0x08001346   0x00000002   PAD
    0x08001348   0x08001348   0x00000012   Code   RO         1181    .text.LL_EXTI_DisableFallingTrig_0_31  stm32f1xx_ll_exti.o
    0x0800135a   0x0800135a   0x00000002   PAD
    0x0800135c   0x0800135c   0x00000012   Code   RO         1177    .text.LL_EXTI_DisableIT_0_31  stm32f1xx_ll_exti.o
    0x0800136e   0x0800136e   0x00000002   PAD
    0x08001370   0x08001370   0x00000012   Code   RO         1185    .text.LL_EXTI_DisableRisingTrig_0_31  stm32f1xx_ll_exti.o
    0x08001382   0x08001382   0x00000002   PAD
    0x08001384   0x08001384   0x00000010   Code   RO         1179    .text.LL_EXTI_EnableEvent_0_31  stm32f1xx_ll_exti.o
    0x08001394   0x08001394   0x00000010   Code   RO         1187    .text.LL_EXTI_EnableFallingTrig_0_31  stm32f1xx_ll_exti.o
    0x080013a4   0x080013a4   0x00000010   Code   RO         1175    .text.LL_EXTI_EnableIT_0_31  stm32f1xx_ll_exti.o
    0x080013b4   0x080013b4   0x00000010   Code   RO         1183    .text.LL_EXTI_EnableRisingTrig_0_31  stm32f1xx_ll_exti.o
    0x080013c4   0x080013c4   0x0000008e   Code   RO         1171    .text.LL_EXTI_Init  stm32f1xx_ll_exti.o
    0x08001452   0x08001452   0x00000002   PAD
    0x08001454   0x08001454   0x00000016   Code   RO          482    .text.LL_EXTI_IsActiveFlag_0_31  stm32f1xx_it.o
    0x0800146a   0x0800146a   0x00000002   PAD
    0x0800146c   0x0800146c   0x00000014   Code   RO          193    .text.LL_GPIO_AF_EnableRemap_I2C1  i2c.o
    0x08001480   0x08001480   0x00000018   Code   RO          442    .text.LL_GPIO_AF_RemapPartial_USART3  usart.o
    0x08001498   0x08001498   0x0000002a   Code   RO          147    .text.LL_GPIO_AF_SetEXTISource  gpio.o
    0x080014c2   0x080014c2   0x00000002   PAD
    0x080014c4   0x080014c4   0x00000086   Code   RO          542    .text.LL_GPIO_Init  stm32f1xx_ll_gpio.o
    0x0800154a   0x0800154a   0x00000002   PAD
    0x0800154c   0x0800154c   0x00000012   Code   RO           13    .text.LL_GPIO_IsInputPinSet  button.o
    0x0800155e   0x0800155e   0x00000002   PAD
    0x08001560   0x08001560   0x00000008   Code   RO           40    .text.LL_GPIO_ResetOutputPin  drive.o
    0x08001568   0x08001568   0x00000008   Code   RO          145    .text.LL_GPIO_ResetOutputPin  gpio.o
    0x08001570   0x08001570   0x00000010   Code   RO         1381    .text.LL_GPIO_ResetOutputPin  ssd1306.o
    0x08001580   0x08001580   0x0000000e   Code   RO         1468    .text.LL_GPIO_ResetOutputPin  ssd1306_interface.o
    0x0800158e   0x0800158e   0x00000002   PAD
    0x08001590   0x08001590   0x00000008   Code   RO           42    .text.LL_GPIO_SetOutputPin  drive.o
    0x08001598   0x08001598   0x00000010   Code   RO          299    .text.LL_GPIO_SetOutputPin  spi.o
    0x080015a8   0x080015a8   0x00000010   Code   RO         1383    .text.LL_GPIO_SetOutputPin  ssd1306.o
    0x080015b8   0x080015b8   0x00000026   Code   RO          151    .text.LL_GPIO_SetPinMode  gpio.o
    0x080015de   0x080015de   0x00000002   PAD
    0x080015e0   0x080015e0   0x00000028   Code   RO          546    .text.LL_GPIO_SetPinMode  stm32f1xx_ll_gpio.o
    0x08001608   0x08001608   0x00000028   Code   RO          550    .text.LL_GPIO_SetPinOutputType  stm32f1xx_ll_gpio.o
    0x08001630   0x08001630   0x0000000a   Code   RO          149    .text.LL_GPIO_SetPinPull  gpio.o
    0x0800163a   0x0800163a   0x00000002   PAD
    0x0800163c   0x0800163c   0x0000001a   Code   RO          544    .text.LL_GPIO_SetPinPull  stm32f1xx_ll_gpio.o
    0x08001656   0x08001656   0x00000002   PAD
    0x08001658   0x08001658   0x00000028   Code   RO          548    .text.LL_GPIO_SetPinSpeed  stm32f1xx_ll_gpio.o
    0x08001680   0x08001680   0x0000000c   Code   RO          617    .text.LL_I2C_AcknowledgeNextData  stm32f1xx_ll_i2c.o
    0x0800168c   0x0800168c   0x00000092   Code   RO          609    .text.LL_I2C_ConfigSpeed  stm32f1xx_ll_i2c.o
    0x0800171e   0x0800171e   0x00000002   PAD
    0x08001720   0x08001720   0x0000000a   Code   RO          607    .text.LL_I2C_Disable  stm32f1xx_ll_i2c.o
    0x0800172a   0x0800172a   0x00000002   PAD
    0x0800172c   0x0800172c   0x00000012   Code   RO          199    .text.LL_I2C_DisableGeneralCall  i2c.o
    0x0800173e   0x0800173e   0x00000002   PAD
    0x08001740   0x08001740   0x00000012   Code   RO          197    .text.LL_I2C_DisableOwnAddress2  i2c.o
    0x08001752   0x08001752   0x00000002   PAD
    0x08001754   0x08001754   0x00000012   Code   RO          205    .text.LL_I2C_Enable  i2c.o
    0x08001766   0x08001766   0x00000002   PAD
    0x08001768   0x08001768   0x0000000a   Code   RO          615    .text.LL_I2C_Enable  stm32f1xx_ll_i2c.o
    0x08001772   0x08001772   0x00000002   PAD
    0x08001774   0x08001774   0x00000012   Code   RO          201    .text.LL_I2C_EnableClockStretching  i2c.o
    0x08001786   0x08001786   0x00000002   PAD
    0x08001788   0x08001788   0x00000044   Code   RO          605    .text.LL_I2C_Init   stm32f1xx_ll_i2c.o
    0x080017cc   0x080017cc   0x0000000c   Code   RO          613    .text.LL_I2C_SetMode  stm32f1xx_ll_i2c.o
    0x080017d8   0x080017d8   0x00000014   Code   RO          611    .text.LL_I2C_SetOwnAddress1  stm32f1xx_ll_i2c.o
    0x080017ec   0x080017ec   0x00000012   Code   RO          203    .text.LL_I2C_SetOwnAddress2  i2c.o
    0x080017fe   0x080017fe   0x00000002   PAD
    0x08001800   0x08001800   0x00000010   Code   RO         1063    .text.LL_RCC_GetAHBPrescaler  stm32f1xx_ll_rcc.o
    0x08001810   0x08001810   0x00000010   Code   RO         1065    .text.LL_RCC_GetAPB1Prescaler  stm32f1xx_ll_rcc.o
    0x08001820   0x08001820   0x00000010   Code   RO         1067    .text.LL_RCC_GetAPB2Prescaler  stm32f1xx_ll_rcc.o
    0x08001830   0x08001830   0x00000010   Code   RO         1029    .text.LL_RCC_GetSysClkSource  stm32f1xx_ll_rcc.o
    0x08001840   0x08001840   0x00000022   Code   RO         1037    .text.LL_RCC_GetSystemClocksFreq  stm32f1xx_ll_rcc.o
    0x08001862   0x08001862   0x00000002   PAD
    0x08001864   0x08001864   0x00000010   Code   RO         1079    .text.LL_RCC_HSE_GetPrediv2  stm32f1xx_ll_rcc.o
    0x08001874   0x08001874   0x00000010   Code   RO         1077    .text.LL_RCC_PLL2_GetMultiplicator  stm32f1xx_ll_rcc.o
    0x08001884   0x08001884   0x0000001a   Code   RO         1069    .text.LL_RCC_PLL_GetMainSource  stm32f1xx_ll_rcc.o
    0x0800189e   0x0800189e   0x00000002   PAD
    0x080018a0   0x080018a0   0x00000010   Code   RO         1075    .text.LL_RCC_PLL_GetMultiplicator  stm32f1xx_ll_rcc.o
    0x080018b0   0x080018b0   0x00000010   Code   RO         1071    .text.LL_RCC_PLL_GetPrediv  stm32f1xx_ll_rcc.o
    0x080018c0   0x080018c0   0x00000012   Code   RO          281    .text.LL_SPI_Enable  spi.o
    0x080018d2   0x080018d2   0x00000002   PAD
    0x080018d4   0x080018d4   0x00000012   Code   RO          275    .text.LL_SPI_EnableDMAReq_TX  spi.o
    0x080018e6   0x080018e6   0x00000002   PAD
    0x080018e8   0x080018e8   0x00000076   Code   RO         1209    .text.LL_SPI_Init   stm32f1xx_ll_spi.o
    0x0800195e   0x0800195e   0x00000002   PAD
    0x08001960   0x08001960   0x00000010   Code   RO          285    .text.LL_SPI_IsActiveFlag_TXE  spi.o
    0x08001970   0x08001970   0x00000008   Code   RO         1211    .text.LL_SPI_IsEnabled  stm32f1xx_ll_spi.o
    0x08001978   0x08001978   0x00000006   Code   RO         1213    .text.LL_SPI_SetCRCPolynomial  stm32f1xx_ll_spi.o
    0x0800197e   0x0800197e   0x00000002   PAD
    0x08001980   0x08001980   0x0000000c   Code   RO          287    .text.LL_SPI_TransmitData8  spi.o
    0x0800198c   0x0800198c   0x0000003a   Code   RO         1297    .text.LL_TIM_BDTR_Init  stm32f1xx_ll_tim.o
    0x080019c6   0x080019c6   0x00000002   PAD
    0x080019c8   0x080019c8   0x0000000a   Code   RO          392    .text.LL_TIM_CC_DisableChannel  tim.o
    0x080019d2   0x080019d2   0x00000002   PAD
    0x080019d4   0x080019d4   0x00000008   Code   RO          382    .text.LL_TIM_CC_EnableChannel  tim.o
    0x080019dc   0x080019dc   0x00000008   Code   RO          358    .text.LL_TIM_ClearFlag_UPDATE  tim.o
    0x080019e4   0x080019e4   0x0000000a   Code   RO          320    .text.LL_TIM_DisableARRPreload  tim.o
    0x080019ee   0x080019ee   0x00000002   PAD
    0x080019f0   0x080019f0   0x00000012   Code   RO          404    .text.LL_TIM_DisableAllOutputs  tim.o
    0x08001a02   0x08001a02   0x00000002   PAD
    0x08001a04   0x08001a04   0x0000000a   Code   RO          372    .text.LL_TIM_DisableCounter  tim.o
    0x08001a0e   0x08001a0e   0x00000002   PAD
    0x08001a10   0x08001a10   0x0000000a   Code   RO          356    .text.LL_TIM_DisableDMAReq_TRIG  tim.o
    0x08001a1a   0x08001a1a   0x00000002   PAD
    0x08001a1c   0x08001a1c   0x0000000a   Code   RO          354    .text.LL_TIM_DisableIT_TRIG  tim.o
    0x08001a26   0x08001a26   0x00000002   PAD
    0x08001a28   0x08001a28   0x0000000a   Code   RO          346    .text.LL_TIM_DisableMasterSlaveMode  tim.o
    0x08001a32   0x08001a32   0x00000002   PAD
    0x08001a34   0x08001a34   0x00000012   Code   RO          384    .text.LL_TIM_EnableAllOutputs  tim.o
    0x08001a46   0x08001a46   0x00000002   PAD
    0x08001a48   0x08001a48   0x0000000a   Code   RO          376    .text.LL_TIM_EnableCounter  tim.o
    0x08001a52   0x08001a52   0x00000002   PAD
    0x08001a54   0x08001a54   0x0000000a   Code   RO          360    .text.LL_TIM_EnableIT_UPDATE  tim.o
    0x08001a5e   0x08001a5e   0x00000002   PAD
    0x08001a60   0x08001a60   0x0000000a   Code   RO          330    .text.LL_TIM_EnableMasterSlaveMode  tim.o
    0x08001a6a   0x08001a6a   0x00000002   PAD
    0x08001a6c   0x08001a6c   0x0000000a   Code   RO         1257    .text.LL_TIM_GenerateEvent_UPDATE  stm32f1xx_ll_tim.o
    0x08001a76   0x08001a76   0x00000002   PAD
    0x08001a78   0x08001a78   0x0000000a   Code   RO          108    .text.LL_TIM_GetCounter  encoder.o
    0x08001a82   0x08001a82   0x00000002   PAD
    0x08001a84   0x08001a84   0x0000004e   Code   RO          338    .text.LL_TIM_IC_SetActiveInput  tim.o
    0x08001ad2   0x08001ad2   0x00000002   PAD
    0x08001ad4   0x08001ad4   0x0000005c   Code   RO          342    .text.LL_TIM_IC_SetFilter  tim.o
    0x08001b30   0x08001b30   0x0000003c   Code   RO          344    .text.LL_TIM_IC_SetPolarity  tim.o
    0x08001b6c   0x08001b6c   0x00000048   Code   RO          340    .text.LL_TIM_IC_SetPrescaler  tim.o
    0x08001bb4   0x08001bb4   0x0000009e   Code   RO         1249    .text.LL_TIM_Init   stm32f1xx_ll_tim.o
    0x08001c52   0x08001c52   0x00000002   PAD
    0x08001c54   0x08001c54   0x00000008   Code   RO          396    .text.LL_TIM_IsActiveFlag_UPDATE  tim.o
    0x08001c5c   0x08001c5c   0x0000003e   Code   RO          326    .text.LL_TIM_OC_DisableFast  tim.o
    0x08001c9a   0x08001c9a   0x00000002   PAD
    0x08001c9c   0x08001c9c   0x0000003c   Code   RO          324    .text.LL_TIM_OC_EnablePreload  tim.o
    0x08001cd8   0x08001cd8   0x00000052   Code   RO         1261    .text.LL_TIM_OC_Init  stm32f1xx_ll_tim.o
    0x08001d2a   0x08001d2a   0x00000002   PAD
    0x08001d2c   0x08001d2c   0x0000000c   Code   RO          380    .text.LL_TIM_OC_SetCompareCH1  tim.o
    0x08001d38   0x08001d38   0x00000004   Code   RO         1299    .text.LL_TIM_OC_SetCompareCH1  stm32f1xx_ll_tim.o
    0x08001d3c   0x08001d3c   0x0000000c   Code   RO          378    .text.LL_TIM_OC_SetCompareCH2  tim.o
    0x08001d48   0x08001d48   0x00000004   Code   RO         1293    .text.LL_TIM_OC_SetCompareCH2  stm32f1xx_ll_tim.o
    0x08001d4c   0x08001d4c   0x00000004   Code   RO         1301    .text.LL_TIM_OC_SetCompareCH3  stm32f1xx_ll_tim.o
    0x08001d50   0x08001d50   0x00000004   Code   RO         1303    .text.LL_TIM_OC_SetCompareCH4  stm32f1xx_ll_tim.o
    0x08001d54   0x08001d54   0x00000004   Code   RO          374    .text.LL_TIM_SetAutoReload  tim.o
    0x08001d58   0x08001d58   0x00000004   Code   RO         1251    .text.LL_TIM_SetAutoReload  stm32f1xx_ll_tim.o
    0x08001d5c   0x08001d5c   0x0000000e   Code   RO          322    .text.LL_TIM_SetClockSource  tim.o
    0x08001d6a   0x08001d6a   0x00000002   PAD
    0x08001d6c   0x08001d6c   0x00000004   Code   RO          366    .text.LL_TIM_SetCounter  tim.o
    0x08001d70   0x08001d70   0x00000012   Code   RO          336    .text.LL_TIM_SetEncoderMode  tim.o
    0x08001d82   0x08001d82   0x00000002   PAD
    0x08001d84   0x08001d84   0x00000004   Code   RO         1253    .text.LL_TIM_SetPrescaler  stm32f1xx_ll_tim.o
    0x08001d88   0x08001d88   0x0000000c   Code   RO         1255    .text.LL_TIM_SetRepetitionCounter  stm32f1xx_ll_tim.o
    0x08001d94   0x08001d94   0x0000000c   Code   RO          352    .text.LL_TIM_SetTriggerInput  tim.o
    0x08001da0   0x08001da0   0x0000000c   Code   RO          328    .text.LL_TIM_SetTriggerOutput  tim.o
    0x08001dac   0x08001dac   0x0000001a   Code   RO          444    .text.LL_USART_ConfigAsyncMode  usart.o
    0x08001dc6   0x08001dc6   0x00000002   PAD
    0x08001dc8   0x08001dc8   0x00000012   Code   RO          446    .text.LL_USART_Enable  usart.o
    0x08001dda   0x08001dda   0x00000002   PAD
    0x08001ddc   0x08001ddc   0x000000b0   Code   RO         1323    .text.LL_USART_Init  stm32f1xx_ll_usart.o
    0x08001e8c   0x08001e8c   0x00000008   Code   RO         1325    .text.LL_USART_IsEnabled  stm32f1xx_ll_usart.o
    0x08001e94   0x08001e94   0x00000040   Code   RO         1331    .text.LL_USART_SetBaudRate  stm32f1xx_ll_usart.o
    0x08001ed4   0x08001ed4   0x0000000c   Code   RO         1329    .text.LL_USART_SetHWFlowCtrl  stm32f1xx_ll_usart.o
    0x08001ee0   0x08001ee0   0x0000000c   Code   RO         1327    .text.LL_USART_SetStopBitsLength  stm32f1xx_ll_usart.o
    0x08001eec   0x08001eec   0x0000004a   Code   RO           70    .text.Left_Sensor_Callback  drive.o
    0x08001f36   0x08001f36   0x00000002   PAD
    0x08001f38   0x08001f38   0x00000018   Code   RO          169    .text.MX_DMA_Init   dma.o
    0x08001f50   0x08001f50   0x0000016e   Code   RO          141    .text.MX_GPIO_Init  gpio.o
    0x080020be   0x080020be   0x00000002   PAD
    0x080020c0   0x080020c0   0x0000009a   Code   RO          189    .text.MX_I2C1_Init  i2c.o
    0x0800215a   0x0800215a   0x00000002   PAD
    0x0800215c   0x0800215c   0x000000aa   Code   RO          249    .text.MX_SPI2_Init  spi.o
    0x08002206   0x08002206   0x00000002   PAD
    0x08002208   0x08002208   0x000000f2   Code   RO          316    .text.MX_TIM1_Init  tim.o
    0x080022fa   0x080022fa   0x00000002   PAD
    0x080022fc   0x080022fc   0x000000b2   Code   RO          332    .text.MX_TIM2_Init  tim.o
    0x080023ae   0x080023ae   0x00000002   PAD
    0x080023b0   0x080023b0   0x000000b2   Code   RO          348    .text.MX_TIM3_Init  tim.o
    0x08002462   0x08002462   0x00000002   PAD
    0x08002464   0x08002464   0x0000008a   Code   RO          350    .text.MX_TIM4_Init  tim.o
    0x080024ee   0x080024ee   0x00000002   PAD
    0x080024f0   0x080024f0   0x00000088   Code   RO          368    .text.MX_TIM5_Init  tim.o
    0x08002578   0x08002578   0x0000008a   Code   RO          436    .text.MX_USART3_UART_Init  usart.o
    0x08002602   0x08002602   0x00000002   PAD
    0x08002604   0x08002604   0x00000002   Code   RO          466    .text.MemManage_Handler  stm32f1xx_it.o
    0x08002606   0x08002606   0x00000002   PAD
    0x08002608   0x08002608   0x00000002   Code   RO          462    .text.NMI_Handler   stm32f1xx_it.o
    0x0800260a   0x0800260a   0x00000002   PAD
    0x0800260c   0x0800260c   0x00000004   Code   RO          155    .text.NVIC_EncodePriority  gpio.o
    0x08002610   0x08002610   0x0000002a   Code   RO          175    .text.NVIC_EncodePriority  dma.o
    0x0800263a   0x0800263a   0x00000002   PAD
    0x0800263c   0x0800263c   0x0000002c   Code   RO          818    .text.NVIC_EncodePriority  stm32f1xx_hal_cortex.o
    0x08002668   0x08002668   0x0000007a   Code   RO         1263    .text.OC1Config     stm32f1xx_ll_tim.o
    0x080026e2   0x080026e2   0x00000002   PAD
    0x080026e4   0x080026e4   0x00000082   Code   RO         1265    .text.OC2Config     stm32f1xx_ll_tim.o
    0x08002766   0x08002766   0x00000002   PAD
    0x08002768   0x08002768   0x00000082   Code   RO         1267    .text.OC3Config     stm32f1xx_ll_tim.o
    0x080027ea   0x080027ea   0x00000002   PAD
    0x080027ec   0x080027ec   0x00000058   Code   RO         1269    .text.OC4Config     stm32f1xx_ll_tim.o
    0x08002844   0x08002844   0x00000002   Code   RO          476    .text.PendSV_Handler  stm32f1xx_it.o
    0x08002846   0x08002846   0x00000002   PAD
    0x08002848   0x08002848   0x0000002c   Code   RO          694    .text.RCC_Delay     stm32f1xx_hal_rcc.o
    0x08002874   0x08002874   0x0000001c   Code   RO         1041    .text.RCC_GetHCLKClockFreq  stm32f1xx_ll_rcc.o
    0x08002890   0x08002890   0x0000001a   Code   RO         1043    .text.RCC_GetPCLK1ClockFreq  stm32f1xx_ll_rcc.o
    0x080028aa   0x080028aa   0x00000002   PAD
    0x080028ac   0x080028ac   0x0000001a   Code   RO         1045    .text.RCC_GetPCLK2ClockFreq  stm32f1xx_ll_rcc.o
    0x080028c6   0x080028c6   0x00000002   PAD
    0x080028c8   0x080028c8   0x00000018   Code   RO         1039    .text.RCC_GetSystemClockFreq  stm32f1xx_ll_rcc.o
    0x080028e0   0x080028e0   0x0000002a   Code   RO         1073    .text.RCC_PLL2_GetFreqClockFreq  stm32f1xx_ll_rcc.o
    0x0800290a   0x0800290a   0x00000002   PAD
    0x0800290c   0x0800290c   0x00000056   Code   RO         1057    .text.RCC_PLL_GetFreqDomain_SYS  stm32f1xx_ll_rcc.o
    0x08002962   0x08002962   0x00000002   PAD
    0x08002964   0x08002964   0x0000004a   Code   RO           72    .text.Right_Sensor_Callback  drive.o
    0x080029ae   0x080029ae   0x00000002   PAD
    0x080029b0   0x080029b0   0x0000000a   Code   RO         1385    .text.SSD1306_Clear_Screen  ssd1306.o
    0x080029ba   0x080029ba   0x00000002   PAD
    0x080029bc   0x080029bc   0x0000005c   Code   RO         1391    .text.SSD1306_DrawPixel  ssd1306.o
    0x08002a18   0x08002a18   0x0000002a   Code   RO         1403    .text.SSD1306_Fill  ssd1306.o
    0x08002a42   0x08002a42   0x00000002   PAD
    0x08002a44   0x08002a44   0x00000016   Code   RO         1389    .text.SSD1306_GotoXY  ssd1306.o
    0x08002a5a   0x08002a5a   0x00000002   PAD
    0x08002a5c   0x08002a5c   0x00000024   Code   RO         1401    .text.SSD1306_PageAdress  ssd1306.o
    0x08002a80   0x08002a80   0x000000a6   Code   RO         1397    .text.SSD1306_Putc  ssd1306.o
    0x08002b26   0x08002b26   0x00000002   PAD
    0x08002b28   0x08002b28   0x0000002e   Code   RO         1399    .text.SSD1306_Puts  ssd1306.o
    0x08002b56   0x08002b56   0x00000002   PAD
    0x08002b58   0x08002b58   0x00000014   Code   RO         1387    .text.SSD1306_UpdateScreen  ssd1306.o
    0x08002b6c   0x08002b6c   0x00000002   Code   RO          472    .text.SVC_Handler   stm32f1xx_it.o
    0x08002b6e   0x08002b6e   0x00000002   PAD
    0x08002b70   0x08002b70   0x0000000c   Code   RO           48    .text.SoftStop_Drives  drive.o
    0x08002b7c   0x08002b7c   0x0000001a   Code   RO          406    .text.Stop_Count_Timers  tim.o
    0x08002b96   0x08002b96   0x00000002   PAD
    0x08002b98   0x08002b98   0x0000002e   Code   RO          834    .text.SysTick_Config  stm32f1xx_hal_cortex.o
    0x08002bc6   0x08002bc6   0x00000002   PAD
    0x08002bc8   0x08002bc8   0x00000008   Code   RO          478    .text.SysTick_Handler  stm32f1xx_it.o
    0x08002bd0   0x08002bd0   0x00000070   Code   RO          120    .text.SystemClock_Config  main.o
    0x08002c40   0x08002c40   0x00000002   Code   RO         1349    .text.SystemInit    system_stm32f1xx.o
    0x08002c42   0x08002c42   0x00000002   PAD
    0x08002c44   0x08002c44   0x00000026   Code   RO          408    .text.TIM4_IRQHandler  tim.o
    0x08002c6a   0x08002c6a   0x00000002   PAD
    0x08002c6c   0x08002c6c   0x00000026   Code   RO          394    .text.TIM5_IRQHandler  tim.o
    0x08002c92   0x08002c92   0x00000002   PAD
    0x08002c94   0x08002c94   0x00000030   Code   RO          414    .text.TIM6_IRQHandler  tim.o
    0x08002cc4   0x08002cc4   0x00000002   Code   RO          470    .text.UsageFault_Handler  stm32f1xx_it.o
    0x08002cc6   0x08002cc6   0x00000002   PAD
    0x08002cc8   0x08002cc8   0x00000020   Code   RO          159    .text.__NVIC_EnableIRQ  gpio.o
    0x08002ce8   0x08002ce8   0x00000010   Code   RO          179    .text.__NVIC_EnableIRQ  dma.o
    0x08002cf8   0x08002cf8   0x00000020   Code   RO          364    .text.__NVIC_EnableIRQ  tim.o
    0x08002d18   0x08002d18   0x00000010   Code   RO          157    .text.__NVIC_GetPriorityGrouping  gpio.o
    0x08002d28   0x08002d28   0x00000010   Code   RO          177    .text.__NVIC_GetPriorityGrouping  dma.o
    0x08002d38   0x08002d38   0x00000010   Code   RO          814    .text.__NVIC_GetPriorityGrouping  stm32f1xx_hal_cortex.o
    0x08002d48   0x08002d48   0x00000010   Code   RO          153    .text.__NVIC_SetPriority  gpio.o
    0x08002d58   0x08002d58   0x0000000e   Code   RO          173    .text.__NVIC_SetPriority  dma.o
    0x08002d66   0x08002d66   0x00000002   PAD
    0x08002d68   0x08002d68   0x00000010   Code   RO          362    .text.__NVIC_SetPriority  tim.o
    0x08002d78   0x08002d78   0x00000022   Code   RO          816    .text.__NVIC_SetPriority  stm32f1xx_hal_cortex.o
    0x08002d9a   0x08002d9a   0x00000002   PAD
    0x08002d9c   0x08002d9c   0x00000020   Code   RO          810    .text.__NVIC_SetPriorityGrouping  stm32f1xx_hal_cortex.o
    0x08002dbc   0x08002dbc   0x00000018   Code   RO          513    .text.calc_rotation_speed  calc_value.o
    0x08002dd4   0x08002dd4   0x00000010   Code   RO         1423    .text.clear_buffer_screen  ssd1306.o
    0x08002de4   0x08002de4   0x0000008c   Code   RO         1421    .text.default_screen  ssd1306.o
    0x08002e70   0x08002e70   0x0000003a   Code   RO          410    .text.delay_us      tim.o
    0x08002eaa   0x08002eaa   0x00000002   PAD
    0x08002eac   0x08002eac   0x0000005a   Code   RO           36    .text.drive1_turn   drive.o
    0x08002f06   0x08002f06   0x00000002   PAD
    0x08002f08   0x08002f08   0x0000004a   Code   RO           44    .text.drive2_turn   drive.o
    0x08002f52   0x08002f52   0x00000002   PAD
    0x08002f54   0x08002f54   0x00000010   Code   RO           60    .text.drives_one_full_turn  drive.o
    0x08002f64   0x08002f64   0x0000002c   Code   RO          418    .text.encoder_init  tim.o
    0x08002f90   0x08002f90   0x00000026   Code   RO           38    .text.init_drive1_setting  drive.o
    0x08002fb6   0x08002fb6   0x00000002   PAD
    0x08002fb8   0x08002fb8   0x00000026   Code   RO           46    .text.init_drive2_setting  drive.o
    0x08002fde   0x08002fde   0x00000002   PAD
    0x08002fe0   0x08002fe0   0x0000005a   Code   RO           58    .text.init_drives_for_full_turn  drive.o
    0x0800303a   0x0800303a   0x00000002   PAD
    0x0800303c   0x0800303c   0x00000028   Code   RO           56    .text.init_drives_setting  drive.o
    0x08003064   0x08003064   0x00000052   Code   RO         1484    .text.init_loop     menu.o
    0x080030b6   0x080030b6   0x00000002   PAD
    0x080030b8   0x080030b8   0x00000026   Code   RO          122    .text.init_preset_struct  main.o
    0x080030de   0x080030de   0x00000002   PAD
    0x080030e0   0x080030e0   0x00000022   Code   RO           34    .text.init_status_flags_drives  drive.o
    0x08003102   0x08003102   0x00000002   PAD
    0x08003104   0x08003104   0x00000066   Code   RO          118    .text.main          main.o
    0x0800316a   0x0800316a   0x00000002   PAD
    0x0800316c   0x0800316c   0x0000009a   Code   RO         1486    .text.main_loop     menu.o
    0x08003206   0x08003206   0x00000002   PAD
    0x08003208   0x08003208   0x0000006c   Code   RO         1431    .text.main_menu_select_preset_screen  ssd1306.o
    0x08003274   0x08003274   0x0000009a   Code   RO         1488    .text.menu_select_preset  menu.o
    0x0800330e   0x0800330e   0x00000002   PAD
    0x08003310   0x08003310   0x0000002c   Code   RO         1437    .text.menu_select_preset_screen  ssd1306.o
    0x0800333c   0x0800333c   0x0000007e   Code   RO         1435    .text.mode_setup_null_dir_screen  ssd1306.o
    0x080033ba   0x080033ba   0x00000002   PAD
    0x080033bc   0x080033bc   0x0000004a   Code   RO         1433    .text.mode_setup_null_screen  ssd1306.o
    0x08003406   0x08003406   0x00000002   PAD
    0x08003408   0x08003408   0x0000006a   Code   RO         1445    .text.preset1_screen  ssd1306.o
    0x08003472   0x08003472   0x00000002   PAD
    0x08003474   0x08003474   0x0000006a   Code   RO         1439    .text.preset2_screen  ssd1306.o
    0x080034de   0x080034de   0x00000002   PAD
    0x080034e0   0x080034e0   0x0000006a   Code   RO         1441    .text.preset3_screen  ssd1306.o
    0x0800354a   0x0800354a   0x00000002   PAD
    0x0800354c   0x0800354c   0x0000006a   Code   RO         1443    .text.preset4_screen  ssd1306.o
    0x080035b6   0x080035b6   0x00000002   PAD
    0x080035b8   0x080035b8   0x00000030   Code   RO          102    .text.read_encoder  encoder.o
    0x080035e8   0x080035e8   0x00000062   Code   RO         1447    .text.release_pedal_menu  ssd1306.o
    0x0800364a   0x0800364a   0x00000002   PAD
    0x0800364c   0x0800364c   0x00000034   Code   RO          412    .text.repeat_time   tim.o
    0x08003680   0x08003680   0x0000001a   Code   RO           19    .text.scan_button_PEDAL  button.o
    0x0800369a   0x0800369a   0x00000002   PAD
    0x0800369c   0x0800369c   0x0000004a   Code   RO           15    .text.scan_buttons_GPIO  button.o
    0x080036e6   0x080036e6   0x00000002   PAD
    0x080036e8   0x080036e8   0x00000160   Code   RO           17    .text.scan_keys     button.o
    0x08003848   0x08003848   0x00000050   Code   RO           62    .text.select_direction  drive.o
    0x08003898   0x08003898   0x00000032   Code   RO           52    .text.settings_preset_reset  drive.o
    0x080038ca   0x080038ca   0x00000002   PAD
    0x080038cc   0x080038cc   0x00000050   Code   RO         1429    .text.setup_coil_screen  ssd1306.o
    0x0800391c   0x0800391c   0x0000016e   Code   RO         1490    .text.setup_menu    menu.o
    0x08003a8a   0x08003a8a   0x00000002   PAD
    0x08003a8c   0x08003a8c   0x0000009a   Code   RO           64    .text.setup_null_position  drive.o
    0x08003b26   0x08003b26   0x00000002   PAD
    0x08003b28   0x08003b28   0x00000064   Code   RO         1425    .text.setup_ratio_screen  ssd1306.o
    0x08003b8c   0x08003b8c   0x00000044   Code   RO         1427    .text.setup_speed_screen  ssd1306.o
    0x08003bd0   0x08003bd0   0x00000062   Code   RO          291    .text.spi_write_buffer_DMA  spi.o
    0x08003c32   0x08003c32   0x00000002   PAD
    0x08003c34   0x08003c34   0x00000014   Code   RO          283    .text.spi_write_byte  spi.o
    0x08003c48   0x08003c48   0x000000ea   Code   RO         1379    .text.ssd1306_Init  ssd1306.o
    0x08003d32   0x08003d32   0x00000002   PAD
    0x08003d34   0x08003d34   0x00000010   Code   RO         1466    .text.ssd1306_SendCommand  ssd1306_interface.o
    0x08003d44   0x08003d44   0x00000008   Code   RO         1474    .text.ssd1306_SendDataBuffer  ssd1306_interface.o
    0x08003d4c   0x08003d4c   0x000000a4   Code   RO           54    .text.start_drives_turn  drive.o
    0x08003df0   0x08003df0   0x00000034   Code   RO         1449    .text.start_menu    ssd1306.o
    0x08003e24   0x08003e24   0x000000c8   Code   RO           11    .text.start_scan_key_PEDAL  button.o
    0x08003eec   0x08003eec   0x0000003e   Code   RO          420    .text.tim_delay_init  tim.o
    0x08003f2a   0x08003f2a   0x00000002   PAD
    0x08003f2c   0x08003f2c   0x0000005e   Code   RO          422    .text.timer_bounce_init  tim.o
    0x08003f8a   0x08003f8a   0x00000002   PAD
    0x08003f8c   0x08003f8c   0x00000010   Code   RO          416    .text.timers_ini    tim.o
    0x08003f9c   0x08003f9c   0x0000001a   Code   RO         1492    .text.turn_drive_menu  menu.o
    0x08003fb6   0x08003fb6   0x0000000e   Code   RO         1528    i._is_digit         c_w.l(__printf_wp.o)
    0x08003fc4   0x08003fc4   0x00000011   Data   RO         1531    .constdata          c_w.l(__printf_flags_wp.o)
    0x08003fd5   0x08003fd5   0x00000010   Data   RO         1354    .rodata.AHBPrescTable  system_stm32f1xx.o
    0x08003fe5   0x08003fe5   0x00000008   Data   RO         1355    .rodata.APBPrescTable  system_stm32f1xx.o
    0x08003fed   0x08003fed   0x00000001   PAD
    0x08003fee   0x08003fee   0x000007d6   Data   RO         1367    .rodata.Font11x17   fonts.o
    0x080047c4   0x080047c4   0x00000bfc   Data   RO         1368    .rodata.Font16x26   fonts.o
    0x080053c0   0x080053c0   0x000004b0   Data   RO         1366    .rodata.Font7x10    fonts.o
    0x08005870   0x08005870   0x00000007   Data   RO          425    .rodata.OFFSET_TAB_CCMRx  tim.o
    0x08005877   0x08005877   0x00000007   Data   RO          427    .rodata.SHIFT_TAB_ICxx  tim.o
    0x0800587e   0x0800587e   0x00000007   Data   RO          426    .rodata.SHIFT_TAB_OCxx  tim.o
    0x08005885   0x08005885   0x00000003   PAD
    0x08005888   0x08005888   0x00000020   Data   RO         1732    Region$$Table       anon$$obj.o


    Execution Region RW_IRAM1 (Exec base: 0x20000000, Load base: 0x080058a8, Size: 0x00001568, Max: 0x00010000, ABSOLUTE)

    Exec Addr    Load Addr    Size         Type   Attr      Idx    E Section Name        Object

    0x20000000   0x080058a8   0x00000008   Data   RW         1370    .data.Font_11x17    fonts.o
    0x20000008   0x080058b0   0x00000008   Data   RW         1371    .data.Font_16x26    fonts.o
    0x20000010   0x080058b8   0x00000008   Data   RW         1369    .data.Font_7x10     fonts.o
    0x20000018   0x080058c0   0x00000004   Data   RW         1353    .data.SystemCoreClock  system_stm32f1xx.o
    0x2000001c   0x080058c4   0x00000001   Data   RW         1496    .data.drive_mode    menu.o
    0x2000001d   0x080058c5   0x00000001   Data   RW          680    .data.uwTickFreq    stm32f1xx_hal.o
    0x2000001e   0x080058c6   0x00000002   PAD
    0x20000020   0x080058c8   0x00000004   Data   RW          679    .data.uwTickPrio    stm32f1xx_hal.o
    0x20000024   0x080058cc   0x00000004   PAD
    0x20000028        -       0x00000060   Zero   RW         1599    .bss                c_w.l(libspace.o)
    0x20000088        -       0x0000000c   Zero   RW           75    .bss.Drives_PWM     drive.o
    0x20000094   0x080058cc   0x00000004   PAD
    0x20000098        -       0x00000010   Zero   RW         1452    .bss.LCD_buff       ssd1306.o
    0x200000a8        -       0x0000000c   Zero   RW          126    .bss.Pos_Enc1       main.o
    0x200000b4        -       0x00000002   Zero   RW         1455    .bss.SSD1306.0      ssd1306.o
    0x200000b6        -       0x00000002   Zero   RW         1456    .bss.SSD1306.1      ssd1306.o
    0x200000b8        -       0x00000001   Zero   RW         1457    .bss.SSD1306.2      ssd1306.o
    0x200000b9   0x080058cc   0x00000003   PAD
    0x200000bc        -       0x00000210   Zero   RW         1451    .bss.SSD1306_Buffer  ssd1306.o
    0x200002cc        -       0x00000001   Zero   RW          307    .bss.count          spi.o
    0x200002cd        -       0x00000001   Zero   RW           21    .bss.count_autorepeat  button.o
    0x200002ce        -       0x00000001   Zero   RW         1494    .bss.count_delay    menu.o
    0x200002cf        -       0x00000001   Zero   RW          424    .bss.end_bounce     tim.o
    0x200002d0        -       0x00000002   Zero   RW         1495    .bss.key_code       menu.o
    0x200002d2   0x080058cc   0x00000002   PAD
    0x200002d4        -       0x00000018   Zero   RW          127    .bss.preset1        main.o
    0x200002ec        -       0x00000018   Zero   RW          128    .bss.preset2        main.o
    0x20000304        -       0x00000018   Zero   RW          129    .bss.preset3        main.o
    0x2000031c        -       0x00000018   Zero   RW          130    .bss.preset4        main.o
    0x20000334        -       0x00000018   Zero   RW           76    .bss.preset_null_pos  drive.o
    0x2000034c        -       0x00000010   Zero   RW          132    .bss.preset_ptr     main.o
    0x2000035c        -       0x00000002   Zero   RW           25    .bss.scan_keys.key_code  button.o
    0x2000035e        -       0x00000001   Zero   RW           24    .bss.scan_keys.key_state  button.o
    0x2000035f   0x080058cc   0x00000001   PAD
    0x20000360        -       0x00000002   Zero   RW           23    .bss.start_scan_key_PEDAL.key_code  button.o
    0x20000362        -       0x00000001   Zero   RW           22    .bss.start_scan_key_PEDAL.key_state  button.o
    0x20000363        -       0x00000001   Zero   RW           77    .bss.status_drives  drive.o
    0x20000364        -       0x00000004   Zero   RW          681    .bss.uwTick         stm32f1xx_hal.o
    0x20000368        -       0x00000200   Zero   RW            2    HEAP                startup_stm32f105xc.o
    0x20000568        -       0x00001000   Zero   RW            1    STACK               startup_stm32f105xc.o


==============================================================================

Image component sizes


      Code (inc. data)   RO Data    RW Data    ZI Data      Debug   Object Name

       670          6          0          0          7       2809   button.o
        24          0          0          0          0        645   calc_value.o
       144          0          0          0          0       4509   dma.o
      1148          0          0          0         37       5652   drive.o
        66          0          0          0          0       2074   encoder.o
         0          0       6274         24          0       1213   fonts.o
       560          0          0          0          0       6332   gpio.o
       328          0          0          0          0       6300   i2c.o
       262          0          0          0        124       2889   main.o
       782          6          0          1          3       3412   menu.o
       728          0          0          0          1       6634   spi.o
      2030         60          0          0        549      13480   ssd1306.o
        38          0          0          0          0       1730   ssd1306_interface.o
        64         26        336          0       4608        768   startup_stm32f105xc.o
       156          0          0          5          4       6063   stm32f1xx_hal.o
       218          0          0          0          0       8996   stm32f1xx_hal_cortex.o
        66          0          0          0          0       1209   stm32f1xx_hal_msp.o
      1590         32          0          0          0       7822   stm32f1xx_hal_rcc.o
       186          0          0          0          0       2658   stm32f1xx_it.o
       278          4          0          0          0       3157   stm32f1xx_ll_exti.o
       280          0          0          0          0       3463   stm32f1xx_ll_gpio.o
       278          0          0          0          0       4007   stm32f1xx_ll_i2c.o
       420          0          0          0          0       6131   stm32f1xx_ll_rcc.o
       132          0          0          0          0       5110   stm32f1xx_ll_spi.o
       814          0          0          0          0      11209   stm32f1xx_ll_tim.o
       272          0          0          0          0       4963   stm32f1xx_ll_usart.o
         2          0         24          4          0       1912   system_stm32f1xx.o
      2448          8         21          0          1      14135   tim.o
       270          0          0          0          0       3355   usart.o

    ----------------------------------------------------------------------
     14526        142       6691         36       5348     142637   Object Totals
         0          0         32          0          0          0   (incl. Generated)
       272          0          4          2         14          0   (incl. Padding)

    ----------------------------------------------------------------------

      Code (inc. data)   RO Data    RW Data    ZI Data      Debug   Library Member Name

         8          0          0          0          0         68   __main.o
       312          4         17          0          0         92   __printf_flags_wp.o
        14          0          0          0          0         68   __printf_wp.o
         0          0          0          0          0          0   __rtentry.o
        12          0          0          0          0          0   __rtentry2.o
         6          0          0          0          0          0   __rtentry4.o
        52          8          0          0          0          0   __scatter.o
        26          0          0          0          0          0   __scatter_copy.o
        28          0          0          0          0          0   __scatter_zi.o
        48          6          0          0          0         96   _printf_char_common.o
         6          0          0          0          0          0   _printf_d.o
       120         16          0          0          0         92   _printf_dec.o
       178          0          0          0          0         88   _printf_intcommon.o
        78          0          0          0          0        108   _printf_pad.o
         0          0          0          0          0          0   _printf_percent.o
         4          0          0          0          0          0   _printf_percent_end.o
         6          0          0          0          0          0   _printf_u.o
        16          0          0          0          0         68   _snputc.o
        10          0          0          0          0         68   _sputc.o
        16          0          0          0          0         68   aeabi_memset4.o
        18          0          0          0          0         80   exit.o
         6          0          0          0          0        152   heapauxi.o
         0          0          0          0          0          0   indicate_semi.o
         2          0          0          0          0          0   libinit.o
         2          0          0          0          0          0   libinit2.o
         2          0          0          0          0          0   libshutdown.o
         2          0          0          0          0          0   libshutdown2.o
         8          4          0          0         96         68   libspace.o
       240          0          0          0          0        100   lludivv7m.o
        52          4          0          0          0         84   noretval__2snprintf.o
        78          0          0          0          0         80   rt_memclr_w.o
         2          0          0          0          0          0   rtexit.o
        10          0          0          0          0          0   rtexit2.o
        12          4          0          0          0         68   sys_exit.o
        74          0          0          0          0         80   sys_stackheap_outer.o
         2          0          0          0          0         68   use_no_semi.o

    ----------------------------------------------------------------------
      1462         46         17          0         96       1596   Library Totals
        12          0          0          0          0          0   (incl. Padding)

    ----------------------------------------------------------------------

      Code (inc. data)   RO Data    RW Data    ZI Data      Debug   Library Name

      1450         46         17          0         96       1596   c_w.l

    ----------------------------------------------------------------------
      1462         46         17          0         96       1596   Library Totals

    ----------------------------------------------------------------------

==============================================================================


      Code (inc. data)   RO Data    RW Data    ZI Data      Debug   

     15988        188       6708         36       5444     142981   Grand Totals
     15988        188       6708         36       5444     142981   ELF Image Totals
     15988        188       6708         36          0          0   ROM Totals

==============================================================================

    Total RO  Size (Code + RO Data)                22696 (  22.16kB)
    Total RW  Size (RW Data + ZI Data)              5480 (   5.35kB)
    Total ROM Size (Code + RO Data + RW Data)      22732 (  22.20kB)

==============================================================================

