Component: ARM Compiler 6.16 Tool: armlink [5dfeaa00]

==============================================================================

Section Cross References

    startup_stm32f105xc.o(STACK) refers (Special) to heapauxi.o(.text) for __use_two_region_memory
    startup_stm32f105xc.o(HEAP) refers (Special) to heapauxi.o(.text) for __use_two_region_memory
    startup_stm32f105xc.o(RESET) refers (Special) to heapauxi.o(.text) for __use_two_region_memory
    startup_stm32f105xc.o(RESET) refers to startup_stm32f105xc.o(STACK) for __initial_sp
    startup_stm32f105xc.o(RESET) refers to startup_stm32f105xc.o(.text) for Reset_Handler
    startup_stm32f105xc.o(RESET) refers to stm32f1xx_it.o(.text.NMI_Handler) for NMI_Handler
    startup_stm32f105xc.o(RESET) refers to stm32f1xx_it.o(.text.HardFault_Handler) for HardFault_Handler
    startup_stm32f105xc.o(RESET) refers to stm32f1xx_it.o(.text.MemManage_Handler) for MemManage_Handler
    startup_stm32f105xc.o(RESET) refers to stm32f1xx_it.o(.text.BusFault_Handler) for BusFault_Handler
    startup_stm32f105xc.o(RESET) refers to stm32f1xx_it.o(.text.UsageFault_Handler) for UsageFault_Handler
    startup_stm32f105xc.o(RESET) refers to stm32f1xx_it.o(.text.SVC_Handler) for SVC_Handler
    startup_stm32f105xc.o(RESET) refers to stm32f1xx_it.o(.text.DebugMon_Handler) for DebugMon_Handler
    startup_stm32f105xc.o(RESET) refers to stm32f1xx_it.o(.text.PendSV_Handler) for PendSV_Handler
    startup_stm32f105xc.o(RESET) refers to stm32f1xx_it.o(.text.SysTick_Handler) for SysTick_Handler
    startup_stm32f105xc.o(RESET) refers to stm32f1xx_it.o(.text.DMA1_Channel5_IRQHandler) for DMA1_Channel5_IRQHandler
    startup_stm32f105xc.o(RESET) refers to stm32f1xx_it.o(.text.TIM1_UP_IRQHandler) for TIM1_UP_IRQHandler
    startup_stm32f105xc.o(RESET) refers to tim.o(.text.TIM6_IRQHandler) for TIM6_IRQHandler
    startup_stm32f105xc.o(.text) refers (Special) to heapauxi.o(.text) for __use_two_region_memory
    startup_stm32f105xc.o(.text) refers to system_stm32f1xx.o(.text.SystemInit) for SystemInit
    startup_stm32f105xc.o(.text) refers to __main.o(!!!main) for __main
    startup_stm32f105xc.o(.text) refers to startup_stm32f105xc.o(HEAP) for Heap_Mem
    startup_stm32f105xc.o(.text) refers to startup_stm32f105xc.o(STACK) for Stack_Mem
    button.o(.text.scan_keys) refers to button.o(.bss.scan_keys.key_state) for scan_keys.key_state
    button.o(.text.scan_keys) refers to tim.o(.text.repeat_time) for repeat_time
    button.o(.text.scan_keys) refers to tim.o(.bss.end_bounce) for end_bounce
    button.o(.text.scan_keys) refers to button.o(.bss.scan_keys.key_code) for scan_keys.key_code
    button.o(.text.scan_keys) refers to button.o(.text.scan_buttons_GPIO) for scan_buttons_GPIO
    button.o(.text.scan_keys) refers to button.o(.text.LL_GPIO_IsInputPinSet) for LL_GPIO_IsInputPinSet
    button.o(.text.scan_keys) refers to button.o(.bss.count_autorepeat) for count_autorepeat
    button.o(.ARM.exidx.text.scan_keys) refers to button.o(.text.scan_keys) for [Anonymous Symbol]
    button.o(.ARM.exidx.text.LL_GPIO_IsInputPinSet) refers to button.o(.text.LL_GPIO_IsInputPinSet) for [Anonymous Symbol]
    button.o(.text.scan_buttons_GPIO) refers to button.o(.text.LL_GPIO_IsInputPinSet) for LL_GPIO_IsInputPinSet
    button.o(.ARM.exidx.text.scan_buttons_GPIO) refers to button.o(.text.scan_buttons_GPIO) for [Anonymous Symbol]
    drive.o(.text.dr1_one_full_turn) refers to drive.o(.text.LL_GPIO_SetOutputPin) for LL_GPIO_SetOutputPin
    drive.o(.text.dr1_one_full_turn) refers to tim.o(.text.delay_us) for delay_us
    drive.o(.text.dr1_one_full_turn) refers to drive.o(.text.dr1_rotate_step) for dr1_rotate_step
    drive.o(.text.dr1_one_full_turn) refers to drive.o(.text.LL_GPIO_ResetOutputPin) for LL_GPIO_ResetOutputPin
    drive.o(.ARM.exidx.text.dr1_one_full_turn) refers to drive.o(.text.dr1_one_full_turn) for [Anonymous Symbol]
    drive.o(.ARM.exidx.text.LL_GPIO_SetOutputPin) refers to drive.o(.text.LL_GPIO_SetOutputPin) for [Anonymous Symbol]
    drive.o(.text.dr1_rotate_step) refers to tim.o(.text.delay_us) for delay_us
    drive.o(.ARM.exidx.text.dr1_rotate_step) refers to drive.o(.text.dr1_rotate_step) for [Anonymous Symbol]
    drive.o(.ARM.exidx.text.LL_GPIO_ResetOutputPin) refers to drive.o(.text.LL_GPIO_ResetOutputPin) for [Anonymous Symbol]
    drive.o(.text.init_drive_turn) refers to drive.o(.bss.Drive2_PWM) for Drive2_PWM
    drive.o(.text.init_drive_turn) refers to drive.o(.data.flag_turn_end) for flag_turn_end
    drive.o(.text.init_drive_turn) refers to menu.o(.text.turn_drive_menu) for turn_drive_menu
    drive.o(.text.init_drive_turn) refers to drive.o(.text.dr2_one_full_turn) for dr2_one_full_turn
    drive.o(.ARM.exidx.text.init_drive_turn) refers to drive.o(.text.init_drive_turn) for [Anonymous Symbol]
    drive.o(.text.dr2_one_full_turn) refers to drive.o(.text.LL_GPIO_SetOutputPin) for LL_GPIO_SetOutputPin
[...]
    [Anonymous Symbol]                       0x080018a0   Section        0  tim.o(.text.LL_TIM_OC_EnablePreload)
    [Anonymous Symbol]                       0x080018b4   Section        0  stm32f1xx_ll_tim.o(.text.LL_TIM_OC_Init)
    LL_TIM_OC_SetCompareCH1                  0x08001909   Thumb Code    12  tim.o(.text.LL_TIM_OC_SetCompareCH1)
    [Anonymous Symbol]                       0x08001908   Section        0  tim.o(.text.LL_TIM_OC_SetCompareCH1)
    LL_TIM_OC_SetCompareCH1                  0x08001915   Thumb Code     4  stm32f1xx_ll_tim.o(.text.LL_TIM_OC_SetCompareCH1)
    [Anonymous Symbol]                       0x08001914   Section        0  stm32f1xx_ll_tim.o(.text.LL_TIM_OC_SetCompareCH1)
    LL_TIM_OC_SetCompareCH2                  0x08001919   Thumb Code     4  stm32f1xx_ll_tim.o(.text.LL_TIM_OC_SetCompareCH2)
    [Anonymous Symbol]                       0x08001918   Section        0  stm32f1xx_ll_tim.o(.text.LL_TIM_OC_SetCompareCH2)
    LL_TIM_OC_SetCompareCH3                  0x0800191d   Thumb Code     4  stm32f1xx_ll_tim.o(.text.LL_TIM_OC_SetCompareCH3)
    [Anonymous Symbol]                       0x0800191c   Section        0  stm32f1xx_ll_tim.o(.text.LL_TIM_OC_SetCompareCH3)
    LL_TIM_OC_SetCompareCH4                  0x08001921   Thumb Code     4  stm32f1xx_ll_tim.o(.text.LL_TIM_OC_SetCompareCH4)
    [Anonymous Symbol]                       0x08001920   Section        0  stm32f1xx_ll_tim.o(.text.LL_TIM_OC_SetCompareCH4)
    LL_TIM_SetAutoReload                     0x08001925   Thumb Code     4  tim.o(.text.LL_TIM_SetAutoReload)
    [Anonymous Symbol]                       0x08001924   Section        0  tim.o(.text.LL_TIM_SetAutoReload)
    LL_TIM_SetAutoReload                     0x08001929   Thumb Code     4  stm32f1xx_ll_tim.o(.text.LL_TIM_SetAutoReload)
    [Anonymous Symbol]                       0x08001928   Section        0  stm32f1xx_ll_tim.o(.text.LL_TIM_SetAutoReload)
    LL_TIM_SetClockSource                    0x0800192d   Thumb Code    20  tim.o(.text.LL_TIM_SetClockSource)
    [Anonymous Symbol]                       0x0800192c   Section        0  tim.o(.text.LL_TIM_SetClockSource)
    LL_TIM_SetCounter                        0x08001941   Thumb Code     4  tim.o(.text.LL_TIM_SetCounter)
    [Anonymous Symbol]                       0x08001940   Section        0  tim.o(.text.LL_TIM_SetCounter)
    LL_TIM_SetEncoderMode                    0x08001945   Thumb Code    12  tim.o(.text.LL_TIM_SetEncoderMode)
    [Anonymous Symbol]                       0x08001944   Section        0  tim.o(.text.LL_TIM_SetEncoderMode)
    LL_TIM_SetPrescaler                      0x08001951   Thumb Code     4  stm32f1xx_ll_tim.o(.text.LL_TIM_SetPrescaler)
    [Anonymous Symbol]                       0x08001950   Section        0  stm32f1xx_ll_tim.o(.text.LL_TIM_SetPrescaler)
    LL_TIM_SetRepetitionCounter              0x08001955   Thumb Code    12  tim.o(.text.LL_TIM_SetRepetitionCounter)
    [Anonymous Symbol]                       0x08001954   Section        0  tim.o(.text.LL_TIM_SetRepetitionCounter)
    LL_TIM_SetRepetitionCounter              0x08001961   Thumb Code    12  stm32f1xx_ll_tim.o(.text.LL_TIM_SetRepetitionCounter)
    [Anonymous Symbol]                       0x08001960   Section        0  stm32f1xx_ll_tim.o(.text.LL_TIM_SetRepetitionCounter)
    LL_TIM_SetTriggerOutput                  0x0800196d   Thumb Code    10  tim.o(.text.LL_TIM_SetTriggerOutput)
    [Anonymous Symbol]                       0x0800196c   Section        0  tim.o(.text.LL_TIM_SetTriggerOutput)
    LL_USART_ConfigAsyncMode                 0x08001979   Thumb Code    26  usart.o(.text.LL_USART_ConfigAsyncMode)
    [Anonymous Symbol]                       0x08001978   Section        0  usart.o(.text.LL_USART_ConfigAsyncMode)
    LL_USART_Enable                          0x08001995   Thumb Code    18  usart.o(.text.LL_USART_Enable)
    [Anonymous Symbol]                       0x08001994   Section        0  usart.o(.text.LL_USART_Enable)
    [Anonymous Symbol]                       0x080019a8   Section        0  stm32f1xx_ll_usart.o(.text.LL_USART_Init)
    LL_USART_IsEnabled                       0x08001a59   Thumb Code     8  stm32f1xx_ll_usart.o(.text.LL_USART_IsEnabled)
    [Anonymous Symbol]                       0x08001a58   Section        0  stm32f1xx_ll_usart.o(.text.LL_USART_IsEnabled)
    LL_USART_SetBaudRate                     0x08001a61   Thumb Code    64  stm32f1xx_ll_usart.o(.text.LL_USART_SetBaudRate)
    [Anonymous Symbol]                       0x08001a60   Section        0  stm32f1xx_ll_usart.o(.text.LL_USART_SetBaudRate)
    LL_USART_SetHWFlowCtrl                   0x08001aa1   Thumb Code    12  stm32f1xx_ll_usart.o(.text.LL_USART_SetHWFlowCtrl)
    [Anonymous Symbol]                       0x08001aa0   Section        0  stm32f1xx_ll_usart.o(.text.LL_USART_SetHWFlowCtrl)
    LL_USART_SetStopBitsLength               0x08001aad   Thumb Code    12  stm32f1xx_ll_usart.o(.text.LL_USART_SetStopBitsLength)
    [Anonymous Symbol]                       0x08001aac   Section        0  stm32f1xx_ll_usart.o(.text.LL_USART_SetStopBitsLength)
    [Anonymous Symbol]                       0x08001ab8   Section        0  dma.o(.text.MX_DMA_Init)
    [Anonymous Symbol]                       0x08001ad0   Section        0  gpio.o(.text.MX_GPIO_Init)
    [Anonymous Symbol]                       0x08001b9c   Section        0  i2c.o(.text.MX_I2C1_Init)
    [Anonymous Symbol]                       0x08001c38   Section        0  spi.o(.text.MX_SPI2_Init)
    [Anonymous Symbol]                       0x08001ce4   Section        0  tim.o(.text.MX_TIM1_Init)
    [Anonymous Symbol]                       0x08001e08   Section        0  tim.o(.text.MX_TIM2_Init)
    [Anonymous Symbol]                       0x08001edc   Section        0  tim.o(.text.MX_TIM3_Init)
    [Anonymous Symbol]                       0x08001f9c   Section        0  usart.o(.text.MX_USART3_UART_Init)
    [Anonymous Symbol]                       0x08002028   Section        0  stm32f1xx_it.o(.text.MemManage_Handler)
    [Anonymous Symbol]                       0x0800202c   Section        0  stm32f1xx_it.o(.text.NMI_Handler)
    NVIC_EncodePriority                      0x08002031   Thumb Code     4  dma.o(.text.NVIC_EncodePriority)
    [Anonymous Symbol]                       0x08002030   Section        0  dma.o(.text.NVIC_EncodePriority)
    NVIC_EncodePriority                      0x08002035   Thumb Code     4  tim.o(.text.NVIC_EncodePriority)
    [Anonymous Symbol]                       0x08002034   Section        0  tim.o(.text.NVIC_EncodePriority)
    NVIC_EncodePriority                      0x08002039   Thumb Code    44  stm32f1xx_hal_cortex.o(.text.NVIC_EncodePriority)
    [Anonymous Symbol]                       0x08002038   Section        0  stm32f1xx_hal_cortex.o(.text.NVIC_EncodePriority)
    OC1Config                                0x08002065   Thumb Code   122  stm32f1xx_ll_tim.o(.text.OC1Config)
    [Anonymous Symbol]                       0x08002064   Section        0  stm32f1xx_ll_tim.o(.text.OC1Config)
    OC2Config                                0x080020e1   Thumb Code   130  stm32f1xx_ll_tim.o(.text.OC2Config)
    [Anonymous Symbol]                       0x080020e0   Section        0  stm32f1xx_ll_tim.o(.text.OC2Config)
    OC3Config                                0x08002165   Thumb Code   130  stm32f1xx_ll_tim.o(.text.OC3Config)
    [Anonymous Symbol]                       0x08002164   Section        0  stm32f1xx_ll_tim.o(.text.OC3Config)
    OC4Config                                0x080021e9   Thumb Code    88  stm32f1xx_ll_tim.o(.text.OC4Config)
    [Anonymous Symbol]                       0x080021e8   Section        0  stm32f1xx_ll_tim.o(.text.OC4Config)
    [Anonymous Symbol]                       0x08002240   Section        0  tim.o(.text.PWM_on)
    PWM_turn_drive                           0x08002285   Thumb Code    82  drive.o(.text.PWM_turn_drive)
    [Anonymous Symbol]                       0x08002284   Section        0  drive.o(.text.PWM_turn_drive)
    [Anonymous Symbol]                       0x080022d8   Section        0  stm32f1xx_it.o(.text.PendSV_Handler)
    RCC_Delay                                0x080022dd   Thumb Code    44  stm32f1xx_hal_rcc.o(.text.RCC_Delay)
    [Anonymous Symbol]                       0x080022dc   Section        0  stm32f1xx_hal_rcc.o(.text.RCC_Delay)
    [Anonymous Symbol]                       0x08002308   Section        0  stm32f1xx_ll_rcc.o(.text.RCC_GetHCLKClockFreq)
    [Anonymous Symbol]                       0x08002324   Section        0  stm32f1xx_ll_rcc.o(.text.RCC_GetPCLK1ClockFreq)
    [Anonymous Symbol]                       0x08002340   Section        0  stm32f1xx_ll_rcc.o(.text.RCC_GetPCLK2ClockFreq)
    [Anonymous Symbol]                       0x0800235c   Section        0  stm32f1xx_ll_rcc.o(.text.RCC_GetSystemClockFreq)
    [Anonymous Symbol]                       0x08002374   Section        0  stm32f1xx_ll_rcc.o(.text.RCC_PLL2_GetFreqClockFreq)
    [Anonymous Symbol]                       0x080023a0   Section        0  stm32f1xx_ll_rcc.o(.text.RCC_PLL_GetFreqDomain_SYS)
    [Anonymous Symbol]                       0x080023f8   Section        0  ssd1306.o(.text.SSD1306_Clear_Screen)
    [Anonymous Symbol]                       0x08002404   Section        0  ssd1306.o(.text.SSD1306_DrawPixel)
    [Anonymous Symbol]                       0x08002460   Section        0  ssd1306.o(.text.SSD1306_Fill)
    [Anonymous Symbol]                       0x0800248c   Section        0  ssd1306.o(.text.SSD1306_GotoXY)
    [Anonymous Symbol]                       0x080024a4   Section        0  ssd1306.o(.text.SSD1306_PageAdress)
    [Anonymous Symbol]                       0x080024c8   Section        0  ssd1306.o(.text.SSD1306_Putc)
    [Anonymous Symbol]                       0x0800257c   Section        0  ssd1306.o(.text.SSD1306_Puts)
    [Anonymous Symbol]                       0x080025ac   Section        0  ssd1306.o(.text.SSD1306_UpdateScreen)
    [Anonymous Symbol]                       0x080025c0   Section        0  stm32f1xx_it.o(.text.SVC_Handler)
    SysTick_Config                           0x080025c5   Thumb Code    46  stm32f1xx_hal_cortex.o(.text.SysTick_Config)
    [Anonymous Symbol]                       0x080025c4   Section        0  stm32f1xx_hal_cortex.o(.text.SysTick_Config)
    [Anonymous Symbol]                       0x080025f4   Section        0  stm32f1xx_it.o(.text.SysTick_Handler)
    [Anonymous Symbol]                       0x080025fc   Section        0  main.o(.text.SystemClock_Config)
    [Anonymous Symbol]                       0x0800266c   Section        0  system_stm32f1xx.o(.text.SystemInit)
    [Anonymous Symbol]                       0x08002670   Section        0  stm32f1xx_it.o(.text.TIM1_UP_IRQHandler)
    [Anonymous Symbol]                       0x08002678   Section        0  tim.o(.text.TIM6_IRQHandler)
    [Anonymous Symbol]                       0x080026a8   Section        0  drive.o(.text.TIM_PWM1_Callback)
    [Anonymous Symbol]                       0x080026b0   Section        0  stm32f1xx_it.o(.text.UsageFault_Handler)
    __NVIC_EnableIRQ                         0x080026b5   Thumb Code    16  dma.o(.text.__NVIC_EnableIRQ)
    [Anonymous Symbol]                       0x080026b4   Section        0  dma.o(.text.__NVIC_EnableIRQ)
    __NVIC_EnableIRQ                         0x080026c5   Thumb Code    32  tim.o(.text.__NVIC_EnableIRQ)
    [Anonymous Symbol]                       0x080026c4   Section        0  tim.o(.text.__NVIC_EnableIRQ)
    __NVIC_GetPriorityGrouping               0x080026e5   Thumb Code    16  dma.o(.text.__NVIC_GetPriorityGrouping)
    [Anonymous Symbol]                       0x080026e4   Section        0  dma.o(.text.__NVIC_GetPriorityGrouping)
    __NVIC_GetPriorityGrouping               0x080026f5   Thumb Code    16  tim.o(.text.__NVIC_GetPriorityGrouping)
    [Anonymous Symbol]                       0x080026f4   Section        0  tim.o(.text.__NVIC_GetPriorityGrouping)
    __NVIC_GetPriorityGrouping               0x08002705   Thumb Code    16  stm32f1xx_hal_cortex.o(.text.__NVIC_GetPriorityGrouping)
    [Anonymous Symbol]                       0x08002704   Section        0  stm32f1xx_hal_cortex.o(.text.__NVIC_GetPriorityGrouping)
    __NVIC_SetPriority                       0x08002715   Thumb Code    14  dma.o(.text.__NVIC_SetPriority)
    [Anonymous Symbol]                       0x08002714   Section        0  dma.o(.text.__NVIC_SetPriority)
    __NVIC_SetPriority                       0x08002725   Thumb Code    16  tim.o(.text.__NVIC_SetPriority)
    [Anonymous Symbol]                       0x08002724   Section        0  tim.o(.text.__NVIC_SetPriority)
    __NVIC_SetPriority                       0x08002735   Thumb Code    34  stm32f1xx_hal_cortex.o(.text.__NVIC_SetPriority)
    [Anonymous Symbol]                       0x08002734   Section        0  stm32f1xx_hal_cortex.o(.text.__NVIC_SetPriority)
    __NVIC_SetPriorityGrouping               0x08002759   Thumb Code    32  stm32f1xx_hal_cortex.o(.text.__NVIC_SetPriorityGrouping)
    [Anonymous Symbol]                       0x08002758   Section        0  stm32f1xx_hal_cortex.o(.text.__NVIC_SetPriorityGrouping)
    [Anonymous Symbol]                       0x08002778   Section        0  ssd1306.o(.text.default_screen)
    [Anonymous Symbol]                       0x080027c4   Section        0  tim.o(.text.delay_us)
    dr2_one_full_turn                        0x08002801   Thumb Code    70  drive.o(.text.dr2_one_full_turn)
    [Anonymous Symbol]                       0x08002800   Section        0  drive.o(.text.dr2_one_full_turn)
    encoder1_init                            0x08002849   Thumb Code    44  tim.o(.text.encoder1_init)
    [Anonymous Symbol]                       0x08002848   Section        0  tim.o(.text.encoder1_init)
    [Anonymous Symbol]                       0x08002874   Section        0  drive.o(.text.init_drive_turn)
    [Anonymous Symbol]                       0x080028bc   Section        0  main.o(.text.main)
    [Anonymous Symbol]                       0x08002930   Section        0  menu.o(.text.main_menu)
    [Anonymous Symbol]                       0x0800296c   Section        0  drive.o(.text.read_encoder1_rotation)
    [Anonymous Symbol]                       0x080029a4   Section        0  tim.o(.text.repeat_time)
    scan_buttons_GPIO                        0x080029d9   Thumb Code    76  button.o(.text.scan_buttons_GPIO)
    [Anonymous Symbol]                       0x080029d8   Section        0  button.o(.text.scan_buttons_GPIO)
    [Anonymous Symbol]                       0x08002a24   Section        0  button.o(.text.scan_keys)
    [Anonymous Symbol]                       0x08002b88   Section        0  ssd1306.o(.text.setup_coil_screen)
    [Anonymous Symbol]                       0x08002bd4   Section        0  menu.o(.text.setup_menu)
    [Anonymous Symbol]                       0x08002c68   Section        0  spi.o(.text.spi_write_buffer_DMA)
    [Anonymous Symbol]                       0x08002ccc   Section        0  spi.o(.text.spi_write_byte)
    [Anonymous Symbol]                       0x08002ce0   Section        0  ssd1306.o(.text.ssd1306_Init)
    [Anonymous Symbol]                       0x08002dcc   Section        0  ssd1306_interface.o(.text.ssd1306_SendCommand)
    [Anonymous Symbol]                       0x08002ddc   Section        0  ssd1306_interface.o(.text.ssd1306_SendDataBuffer)
    tim_delay_init                           0x08002de5   Thumb Code    62  tim.o(.text.tim_delay_init)
    [Anonymous Symbol]                       0x08002de4   Section        0  tim.o(.text.tim_delay_init)
    timer_bounce_init                        0x08002e25   Thumb Code    94  tim.o(.text.timer_bounce_init)
    [Anonymous Symbol]                       0x08002e24   Section        0  tim.o(.text.timer_bounce_init)
    [Anonymous Symbol]                       0x08002e84   Section        0  tim.o(.text.timers_ini)
    [Anonymous Symbol]                       0x08002e94   Section        0  menu.o(.text.turn_drive_menu)
    i._is_digit                              0x08002eac   Section        0  __printf_wp.o(i._is_digit)
    maptable                                 0x08002eba   Data          17  __printf_flags_wp.o(.constdata)
    .constdata                               0x08002eba   Section       17  __printf_flags_wp.o(.constdata)
    OFFSET_TAB_CCMRx                         0x08003ae0   Data           7  tim.o(.rodata.OFFSET_TAB_CCMRx)
    [Anonymous Symbol]                       0x08003ae0   Section        0  tim.o(.rodata.OFFSET_TAB_CCMRx)
    SHIFT_TAB_ICxx                           0x08003ae7   Data           7  tim.o(.rodata.SHIFT_TAB_ICxx)
    [Anonymous Symbol]                       0x08003ae7   Section        0  tim.o(.rodata.SHIFT_TAB_ICxx)
    .bss                                     0x20000018   Section       96  libspace.o(.bss)
    SSD1306.0                                0x200000b4   Data           2  ssd1306.o(.bss.SSD1306.0)
    [Anonymous Symbol]                       0x200000b4   Section        0  ssd1306.o(.bss.SSD1306.0)
    SSD1306.1                                0x200000b6   Data           2  ssd1306.o(.bss.SSD1306.1)
    [Anonymous Symbol]                       0x200000b6   Section        0  ssd1306.o(.bss.SSD1306.1)
    SSD1306.2                                0x200000b8   Data           1  ssd1306.o(.bss.SSD1306.2)
    [Anonymous Symbol]                       0x200000b8   Section        0  ssd1306.o(.bss.SSD1306.2)
    scan_keys.key_code                       0x200002d2   Data           2  button.o(.bss.scan_keys.key_code)
    [Anonymous Symbol]                       0x200002d2   Section        0  button.o(.bss.scan_keys.key_code)
    scan_keys.key_state                      0x200002d4   Data           1  button.o(.bss.scan_keys.key_state)
    [Anonymous Symbol]                       0x200002d4   Section        0  button.o(.bss.scan_keys.key_state)
    Heap_Mem                                 0x200002e0   Data         512  startup_stm32f105xc.o(HEAP)
    HEAP                                     0x200002e0   Section      512  startup_stm32f105xc.o(HEAP)
    Stack_Mem                                0x200004e0   Data        4096  startup_stm32f105xc.o(STACK)
    STACK                                    0x200004e0   Section     4096  startup_stm32f105xc.o(STACK)
    __initial_sp                             0x200014e0   Data           0  startup_stm32f105xc.o(STACK)

    Global Symbols

    Symbol Name                              Value     Ov Type        Size  Object(Section)

    BuildAttributes$$THM_ISAv4$P$D$K$B$S$PE$A:L22UL41UL21$X:L11$S22US41US21$IEEE1$IW$~IW$USESV6$~STKCKD$USESV7$~SHL$OTIME$ROPI$EBA8$UX$STANDARDLIB$REQ8$PRES8$EABIv2 0x00000000   Number         0  anon$$obj.o ABSOLUTE
    __fp_init_empty                          0x00000000   Number         0  fpinit_empty.o ABSOLUTE
    _printf_flags                            0x00000000   Number         0  printf_stubs.o ABSOLUTE
    _printf_return_value                     0x00000000   Number         0  printf_stubs.o ABSOLUTE
    _printf_sizespec                         0x00000000   Number         0  printf_stubs.o ABSOLUTE
    _printf_widthprec                        0x00000000   Number         0  printf_stubs.o ABSOLUTE
    __ARM_exceptions_init                     - Undefined Weak Reference
    __alloca_initialize                       - Undefined Weak Reference
    __arm_preinit_                            - Undefined Weak Reference
    __cpp_initialize__aeabi_                  - Undefined Weak Reference
    __cxa_finalize                            - Undefined Weak Reference
    __rt_locale                               - Undefined Weak Reference
    __sigvec_lookup                           - Undefined Weak Reference
    _atexit_init                              - Undefined Weak Reference
    _call_atexit_fns                          - Undefined Weak Reference
    _clock_init                               - Undefined Weak Reference
    _fp_trap_init                             - Undefined Weak Reference
    _fp_trap_shutdown                         - Undefined Weak Reference
    _get_lc_collate                           - Undefined Weak Reference
    _get_lc_ctype                             - Undefined Weak Reference
    _get_lc_monetary                          - Undefined Weak Reference
    _get_lc_numeric                           - Undefined Weak Reference
    _get_lc_time                              - Undefined Weak Reference
    _getenv_init                              - Undefined Weak Reference
    _handle_redirection                       - Undefined Weak Reference
    _init_alloc                               - Undefined Weak Reference
    _init_user_alloc                          - Undefined Weak Reference
    _initio                                   - Undefined Weak Reference
    _printf_truncate_signed                   - Undefined Weak Reference
    _printf_truncate_unsigned                 - Undefined Weak Reference
    _rand_init                                - Undefined Weak Reference
    _signal_finish                            - Undefined Weak Reference
    _signal_init                              - Undefined Weak Reference
    _terminate_alloc                          - Undefined Weak Reference
    _terminate_user_alloc                     - Undefined Weak Reference
    _terminateio                              - Undefined Weak Reference
    __Vectors_Size                           0x00000150   Number         0  startup_stm32f105xc.o ABSOLUTE
    __Vectors                                0x08000000   Data           4  startup_stm32f105xc.o(RESET)
    __Vectors_End                            0x08000150   Data           0  startup_stm32f105xc.o(RESET)
    __main                                   0x08000151   Thumb Code     8  __main.o(!!!main)
    __scatterload                            0x08000159   Thumb Code     0  __scatter.o(!!!scatter)
    __scatterload_rt2                        0x08000159   Thumb Code    44  __scatter.o(!!!scatter)
    __scatterload_rt2_thumb_only             0x08000159   Thumb Code     0  __scatter.o(!!!scatter)
    __scatterload_null                       0x08000167   Thumb Code     0  __scatter.o(!!!scatter)
    __scatterload_copy                       0x0800018d   Thumb Code    26  __scatter_copy.o(!!handler_copy)
    __scatterload_zeroinit                   0x080001a9   Thumb Code    28  __scatter_zi.o(!!handler_zi)
    _printf_d                                0x080001c5   Thumb Code     0  _printf_d.o(.ARM.Collect$$_printf_percent$$00000009)
    _printf_percent                          0x080001c5   Thumb Code     0  _printf_percent.o(.ARM.Collect$$_printf_percent$$00000000)
    _printf_u                                0x080001cb   Thumb Code     0  _printf_u.o(.ARM.Collect$$_printf_percent$$0000000A)
    _printf_percent_end                      0x080001d1   Thumb Code     0  _printf_percent_end.o(.ARM.Collect$$_printf_percent$$00000017)
    __rt_lib_init                            0x080001d5   Thumb Code     0  libinit.o(.ARM.Collect$$libinit$$00000000)
    __rt_lib_init_alloca_1                   0x080001d7   Thumb Code     0  libinit2.o(.ARM.Collect$$libinit$$0000002E)
    __rt_lib_init_argv_1                     0x080001d7   Thumb Code     0  libinit2.o(.ARM.Collect$$libinit$$0000002C)
    __rt_lib_init_atexit_1                   0x080001d7   Thumb Code     0  libinit2.o(.ARM.Collect$$libinit$$0000001B)
    __rt_lib_init_clock_1                    0x080001d7   Thumb Code     0  libinit2.o(.ARM.Collect$$libinit$$00000021)
    __rt_lib_init_cpp_1                      0x080001d7   Thumb Code     0  libinit2.o(.ARM.Collect$$libinit$$00000032)
    __rt_lib_init_exceptions_1               0x080001d7   Thumb Code     0  libinit2.o(.ARM.Collect$$libinit$$00000030)
    __rt_lib_init_fp_1                       0x080001d7   Thumb Code     0  libinit2.o(.ARM.Collect$$libinit$$00000002)
    __rt_lib_init_fp_trap_1                  0x080001d7   Thumb Code     0  libinit2.o(.ARM.Collect$$libinit$$0000001F)
    __rt_lib_init_getenv_1                   0x080001d7   Thumb Code     0  libinit2.o(.ARM.Collect$$libinit$$00000023)
    __rt_lib_init_heap_1                     0x080001d7   Thumb Code     0  libinit2.o(.ARM.Collect$$libinit$$0000000A)
    __rt_lib_init_lc_collate_1               0x080001d7   Thumb Code     0  libinit2.o(.ARM.Collect$$libinit$$00000011)
    __rt_lib_init_lc_ctype_1                 0x080001d7   Thumb Code     0  libinit2.o(.ARM.Collect$$libinit$$00000013)
    __rt_lib_init_lc_monetary_1              0x080001d7   Thumb Code     0  libinit2.o(.ARM.Collect$$libinit$$00000015)
    __rt_lib_init_lc_numeric_1               0x080001d7   Thumb Code     0  libinit2.o(.ARM.Collect$$libinit$$00000017)
    __rt_lib_init_lc_time_1                  0x080001d7   Thumb Code     0  libinit2.o(.ARM.Collect$$libinit$$00000019)
    __rt_lib_init_preinit_1                  0x080001d7   Thumb Code     0  libinit2.o(.ARM.Collect$$libinit$$00000004)
    __rt_lib_init_rand_1                     0x080001d7   Thumb Code     0  libinit2.o(.ARM.Collect$$libinit$$0000000E)
    __rt_lib_init_return                     0x080001d7   Thumb Code     0  libinit2.o(.ARM.Collect$$libinit$$00000033)
    __rt_lib_init_signal_1                   0x080001d7   Thumb Code     0  libinit2.o(.ARM.Collect$$libinit$$0000001D)
    __rt_lib_init_stdio_1                    0x080001d7   Thumb Code     0  libinit2.o(.ARM.Collect$$libinit$$00000025)
    __rt_lib_init_user_alloc_1               0x080001d7   Thumb Code     0  libinit2.o(.ARM.Collect$$libinit$$0000000C)
    __rt_lib_shutdown                        0x080001d9   Thumb Code     0  libshutdown.o(.ARM.Collect$$libshutdown$$00000000)
    __rt_lib_shutdown_cpp_1                  0x080001db   Thumb Code     0  libshutdown2.o(.ARM.Collect$$libshutdown$$00000002)
    __rt_lib_shutdown_fp_trap_1              0x080001db   Thumb Code     0  libshutdown2.o(.ARM.Collect$$libshutdown$$00000007)
    __rt_lib_shutdown_heap_1                 0x080001db   Thumb Code     0  libshutdown2.o(.ARM.Collect$$libshutdown$$0000000F)
    __rt_lib_shutdown_return                 0x080001db   Thumb Code     0  libshutdown2.o(.ARM.Collect$$libshutdown$$00000010)
    __rt_lib_shutdown_signal_1               0x080001db   Thumb Code     0  libshutdown2.o(.ARM.Collect$$libshutdown$$0000000A)
    __rt_lib_shutdown_stdio_1                0x080001db   Thumb Code     0  libshutdown2.o(.ARM.Collect$$libshutdown$$00000004)
    __rt_lib_shutdown_user_alloc_1           0x080001db   Thumb Code     0  libshutdown2.o(.ARM.Collect$$libshutdown$$0000000C)
    __rt_entry                               0x080001dd   Thumb Code     0  __rtentry.o(.ARM.Collect$$rtentry$$00000000)
    __rt_entry_presh_1                       0x080001dd   Thumb Code     0  __rtentry2.o(.ARM.Collect$$rtentry$$00000002)
    __rt_entry_sh                            0x080001dd   Thumb Code     0  __rtentry4.o(.ARM.Collect$$rtentry$$00000004)
    __rt_entry_li                            0x080001e3   Thumb Code     0  __rtentry2.o(.ARM.Collect$$rtentry$$0000000A)
    __rt_entry_postsh_1                      0x080001e3   Thumb Code     0  __rtentry2.o(.ARM.Collect$$rtentry$$00000009)
    __rt_entry_main                          0x080001e7   Thumb Code     0  __rtentry2.o(.ARM.Collect$$rtentry$$0000000D)
    __rt_entry_postli_1                      0x080001e7   Thumb Code     0  __rtentry2.o(.ARM.Collect$$rtentry$$0000000C)
    __rt_exit                                0x080001ef   Thumb Code     0  rtexit.o(.ARM.Collect$$rtexit$$00000000)
    __rt_exit_ls                             0x080001f1   Thumb Code     0  rtexit2.o(.ARM.Collect$$rtexit$$00000003)
    __rt_exit_prels_1                        0x080001f1   Thumb Code     0  rtexit2.o(.ARM.Collect$$rtexit$$00000002)
    __rt_exit_exit                           0x080001f5   Thumb Code     0  rtexit2.o(.ARM.Collect$$rtexit$$00000004)
    Reset_Handler                            0x080001fd   Thumb Code     8  startup_stm32f105xc.o(.text)
    ADC1_2_IRQHandler                        0x08000217   Thumb Code     0  startup_stm32f105xc.o(.text)
    CAN1_RX0_IRQHandler                      0x08000217   Thumb Code     0  startup_stm32f105xc.o(.text)
    CAN1_RX1_IRQHandler                      0x08000217   Thumb Code     0  startup_stm32f105xc.o(.text)
    CAN1_SCE_IRQHandler                      0x08000217   Thumb Code     0  startup_stm32f105xc.o(.text)
    CAN1_TX_IRQHandler                       0x08000217   Thumb Code     0  startup_stm32f105xc.o(.text)
    CAN2_RX0_IRQHandler                      0x08000217   Thumb Code     0  startup_stm32f105xc.o(.text)
    CAN2_RX1_IRQHandler                      0x08000217   Thumb Code     0  startup_stm32f105xc.o(.text)
    CAN2_SCE_IRQHandler                      0x08000217   Thumb Code     0  startup_stm32f105xc.o(.text)
    CAN2_TX_IRQHandler                       0x08000217   Thumb Code     0  startup_stm32f105xc.o(.text)
    DMA1_Channel1_IRQHandler                 0x08000217   Thumb Code     0  startup_stm32f105xc.o(.text)
    DMA1_Channel2_IRQHandler                 0x08000217   Thumb Code     0  startup_stm32f105xc.o(.text)
    DMA1_Channel3_IRQHandler                 0x08000217   Thumb Code     0  startup_stm32f105xc.o(.text)
    DMA1_Channel4_IRQHandler                 0x08000217   Thumb Code     0  startup_stm32f105xc.o(.text)
    DMA1_Channel6_IRQHandler                 0x08000217   Thumb Code     0  startup_stm32f105xc.o(.text)
    DMA1_Channel7_IRQHandler                 0x08000217   Thumb Code     0  startup_stm32f105xc.o(.text)
    DMA2_Channel1_IRQHandler                 0x08000217   Thumb Code     0  startup_stm32f105xc.o(.text)
    DMA2_Channel2_IRQHandler                 0x08000217   Thumb Code     0  startup_stm32f105xc.o(.text)
    DMA2_Channel3_IRQHandler                 0x08000217   Thumb Code     0  startup_stm32f105xc.o(.text)
    DMA2_Channel4_IRQHandler                 0x08000217   Thumb Code     0  startup_stm32f105xc.o(.text)
    DMA2_Channel5_IRQHandler                 0x08000217   Thumb Code     0  startup_stm32f105xc.o(.text)
    EXTI0_IRQHandler                         0x08000217   Thumb Code     0  startup_stm32f105xc.o(.text)
    EXTI15_10_IRQHandler                     0x08000217   Thumb Code     0  startup_stm32f105xc.o(.text)
    EXTI1_IRQHandler                         0x08000217   Thumb Code     0  startup_stm32f105xc.o(.text)
    EXTI2_IRQHandler                         0x08000217   Thumb Code     0  startup_stm32f105xc.o(.text)
    EXTI3_IRQHandler                         0x08000217   Thumb Code     0  startup_stm32f105xc.o(.text)
    EXTI4_IRQHandler                         0x08000217   Thumb Code     0  startup_stm32f105xc.o(.text)
    EXTI9_5_IRQHandler                       0x08000217   Thumb Code     0  startup_stm32f105xc.o(.text)
    FLASH_IRQHandler                         0x08000217   Thumb Code     0  startup_stm32f105xc.o(.text)
    I2C1_ER_IRQHandler                       0x08000217   Thumb Code     0  startup_stm32f105xc.o(.text)
    I2C1_EV_IRQHandler                       0x08000217   Thumb Code     0  startup_stm32f105xc.o(.text)
    I2C2_ER_IRQHandler                       0x08000217   Thumb Code     0  startup_stm32f105xc.o(.text)
    I2C2_EV_IRQHandler                       0x08000217   Thumb Code     0  startup_stm32f105xc.o(.text)
    OTG_FS_IRQHandler                        0x08000217   Thumb Code     0  startup_stm32f105xc.o(.text)
    OTG_FS_WKUP_IRQHandler                   0x08000217   Thumb Code     0  startup_stm32f105xc.o(.text)
    PVD_IRQHandler                           0x08000217   Thumb Code     0  startup_stm32f105xc.o(.text)
    RCC_IRQHandler                           0x08000217   Thumb Code     0  startup_stm32f105xc.o(.text)
    RTC_Alarm_IRQHandler                     0x08000217   Thumb Code     0  startup_stm32f105xc.o(.text)
    RTC_IRQHandler                           0x08000217   Thumb Code     0  startup_stm32f105xc.o(.text)
    SPI1_IRQHandler                          0x08000217   Thumb Code     0  startup_stm32f105xc.o(.text)
    SPI2_IRQHandler                          0x08000217   Thumb Code     0  startup_stm32f105xc.o(.text)
    SPI3_IRQHandler                          0x08000217   Thumb Code     0  startup_stm32f105xc.o(.text)
    TAMPER_IRQHandler                        0x08000217   Thumb Code     0  startup_stm32f105xc.o(.text)
    TIM1_BRK_IRQHandler                      0x08000217   Thumb Code     0  startup_stm32f105xc.o(.text)
    TIM1_CC_IRQHandler                       0x08000217   Thumb Code     0  startup_stm32f105xc.o(.text)
    TIM1_TRG_COM_IRQHandler                  0x08000217   Thumb Code     0  startup_stm32f105xc.o(.text)
    TIM2_IRQHandler                          0x08000217   Thumb Code     0  startup_stm32f105xc.o(.text)
    TIM3_IRQHandler                          0x08000217   Thumb Code     0  startup_stm32f105xc.o(.text)
    TIM4_IRQHandler                          0x08000217   Thumb Code     0  startup_stm32f105xc.o(.text)
    TIM5_IRQHandler                          0x08000217   Thumb Code     0  startup_stm32f105xc.o(.text)
    TIM7_IRQHandler                          0x08000217   Thumb Code     0  startup_stm32f105xc.o(.text)
    UART4_IRQHandler                         0x08000217   Thumb Code     0  startup_stm32f105xc.o(.text)
    UART5_IRQHandler                         0x08000217   Thumb Code     0  startup_stm32f105xc.o(.text)
    USART1_IRQHandler                        0x08000217   Thumb Code     0  startup_stm32f105xc.o(.text)
    USART2_IRQHandler                        0x08000217   Thumb Code     0  startup_stm32f105xc.o(.text)
    USART3_IRQHandler                        0x08000217   Thumb Code     0  startup_stm32f105xc.o(.text)
    WWDG_IRQHandler                          0x08000217   Thumb Code     0  startup_stm32f105xc.o(.text)
    __user_initial_stackheap                 0x08000219   Thumb Code     0  startup_stm32f105xc.o(.text)
    __aeabi_uldivmod                         0x0800023d   Thumb Code     0  lludivv7m.o(.text)
    _ll_udiv                                 0x0800023d   Thumb Code   240  lludivv7m.o(.text)
    __2snprintf                              0x0800032d   Thumb Code    48  noretval__2snprintf.o(.text)
    _printf_pre_padding                      0x08000361   Thumb Code    44  _printf_pad.o(.text)
    _printf_post_padding                     0x0800038d   Thumb Code    34  _printf_pad.o(.text)
    _printf_int_dec                          0x080003b1   Thumb Code   104  _printf_dec.o(.text)
    __printf                                 0x08000429   Thumb Code   308  __printf_flags_wp.o(.text)
    __aeabi_memset4                          0x08000561   Thumb Code    16  aeabi_memset4.o(.text)
    __aeabi_memset8                          0x08000561   Thumb Code     0  aeabi_memset4.o(.text)
    __aeabi_memclr4                          0x08000571   Thumb Code     0  rt_memclr_w.o(.text)
    __aeabi_memclr8                          0x08000571   Thumb Code     0  rt_memclr_w.o(.text)
    __rt_memclr_w                            0x08000571   Thumb Code     0  rt_memclr_w.o(.text)
    _memset_w                                0x08000575   Thumb Code    74  rt_memclr_w.o(.text)
    __use_two_region_memory                  0x080005bf   Thumb Code     2  heapauxi.o(.text)
    __rt_heap_escrow$2region                 0x080005c1   Thumb Code     2  heapauxi.o(.text)
    __rt_heap_expand$2region                 0x080005c3   Thumb Code     2  heapauxi.o(.text)
    _printf_int_common                       0x080005c5   Thumb Code   178  _printf_intcommon.o(.text)
    _printf_char_common                      0x08000683   Thumb Code    32  _printf_char_common.o(.text)
    _sputc                                   0x080006a9   Thumb Code    10  _sputc.o(.text)
    _snputc                                  0x080006b3   Thumb Code    16  _snputc.o(.text)
    __user_setup_stackheap                   0x080006c3   Thumb Code    74  sys_stackheap_outer.o(.text)
    exit                                     0x0800070d   Thumb Code    18  exit.o(.text)
    __user_libspace                          0x08000721   Thumb Code     8  libspace.o(.text)
    __user_perproc_libspace                  0x08000721   Thumb Code     0  libspace.o(.text)
    __user_perthread_libspace                0x08000721   Thumb Code     0  libspace.o(.text)
    _sys_exit                                0x08000729   Thumb Code     8  sys_exit.o(.text)
    __I$use$semihosting                      0x08000735   Thumb Code     0  use_no_semi.o(.text)
    __use_no_semihosting_swi                 0x08000735   Thumb Code     2  use_no_semi.o(.text)
    __semihosting_library_function           0x08000737   Thumb Code     0  indicate_semi.o(.text)
    BusFault_Handler                         0x08000739   Thumb Code     2  stm32f1xx_it.o(.text.BusFault_Handler)
    DMA1_Channel5_Callback                   0x0800073d   Thumb Code    12  spi.o(.text.DMA1_Channel5_Callback)
    DMA1_Channel5_IRQHandler                 0x08000749   Thumb Code    30  stm32f1xx_it.o(.text.DMA1_Channel5_IRQHandler)
    DebugMon_Handler                         0x08000769   Thumb Code     2  stm32f1xx_it.o(.text.DebugMon_Handler)
    Error_Handler                            0x0800076d   Thumb Code    10  main.o(.text.Error_Handler)
    Get_Encoder1_data                        0x08000779   Thumb Code     8  tim.o(.text.Get_Encoder1_data)
    HAL_GetTick                              0x08000781   Thumb Code    12  stm32f1xx_hal.o(.text.HAL_GetTick)
    HAL_IncTick                              0x0800078d   Thumb Code    26  stm32f1xx_hal.o(.text.HAL_IncTick)
    HAL_Init                                 0x080007a9   Thumb Code    38  stm32f1xx_hal.o(.text.HAL_Init)
    HAL_InitTick                             0x080007d1   Thumb Code    80  stm32f1xx_hal.o(.text.HAL_InitTick)
    HAL_MspInit                              0x08000821   Thumb Code    66  stm32f1xx_hal_msp.o(.text.HAL_MspInit)
    HAL_NVIC_SetPriority                     0x08000865   Thumb Code    30  stm32f1xx_hal_cortex.o(.text.HAL_NVIC_SetPriority)
    HAL_NVIC_SetPriorityGrouping             0x08000885   Thumb Code     8  stm32f1xx_hal_cortex.o(.text.HAL_NVIC_SetPriorityGrouping)
    HAL_RCC_ClockConfig                      0x0800088d   Thumb Code   372  stm32f1xx_hal_rcc.o(.text.HAL_RCC_ClockConfig)
    HAL_RCC_GetSysClockFreq                  0x08000a01   Thumb Code   140  stm32f1xx_hal_rcc.o(.text.HAL_RCC_GetSysClockFreq)
    HAL_RCC_OscConfig                        0x08000aad   Thumb Code  1002  stm32f1xx_hal_rcc.o(.text.HAL_RCC_OscConfig)
    HAL_SYSTICK_Config                       0x08000e99   Thumb Code     8  stm32f1xx_hal_cortex.o(.text.HAL_SYSTICK_Config)
    HardFault_Handler                        0x08000ea1   Thumb Code     2  stm32f1xx_it.o(.text.HardFault_Handler)
    LL_GPIO_Init                             0x08001159   Thumb Code   134  stm32f1xx_ll_gpio.o(.text.LL_GPIO_Init)
    LL_I2C_Init                              0x080013e9   Thumb Code    68  stm32f1xx_ll_i2c.o(.text.LL_I2C_Init)
    LL_RCC_GetSystemClocksFreq               0x080014a1   Thumb Code    34  stm32f1xx_ll_rcc.o(.text.LL_RCC_GetSystemClocksFreq)
    LL_SPI_Init                              0x08001549   Thumb Code   118  stm32f1xx_ll_spi.o(.text.LL_SPI_Init)
    LL_TIM_BDTR_Init                         0x080015ed   Thumb Code    58  stm32f1xx_ll_tim.o(.text.LL_TIM_BDTR_Init)
    LL_TIM_Init                              0x080017e5   Thumb Code   158  stm32f1xx_ll_tim.o(.text.LL_TIM_Init)
    LL_TIM_OC_Init                           0x080018b5   Thumb Code    82  stm32f1xx_ll_tim.o(.text.LL_TIM_OC_Init)
    LL_USART_Init                            0x080019a9   Thumb Code   176  stm32f1xx_ll_usart.o(.text.LL_USART_Init)
    MX_DMA_Init                              0x08001ab9   Thumb Code    24  dma.o(.text.MX_DMA_Init)
    MX_GPIO_Init                             0x08001ad1   Thumb Code   202  gpio.o(.text.MX_GPIO_Init)
    MX_I2C1_Init                             0x08001b9d   Thumb Code   154  i2c.o(.text.MX_I2C1_Init)
    MX_SPI2_Init                             0x08001c39   Thumb Code   170  spi.o(.text.MX_SPI2_Init)
    MX_TIM1_Init                             0x08001ce5   Thumb Code   290  tim.o(.text.MX_TIM1_Init)
    MX_TIM2_Init                             0x08001e09   Thumb Code   212  tim.o(.text.MX_TIM2_Init)
    MX_TIM3_Init                             0x08001edd   Thumb Code   190  tim.o(.text.MX_TIM3_Init)
    MX_USART3_UART_Init                      0x08001f9d   Thumb Code   138  usart.o(.text.MX_USART3_UART_Init)
    MemManage_Handler                        0x08002029   Thumb Code     2  stm32f1xx_it.o(.text.MemManage_Handler)
    NMI_Handler                              0x0800202d   Thumb Code     2  stm32f1xx_it.o(.text.NMI_Handler)
    PWM_on                                   0x08002241   Thumb Code    68  tim.o(.text.PWM_on)
    PendSV_Handler                           0x080022d9   Thumb Code     2  stm32f1xx_it.o(.text.PendSV_Handler)
    RCC_GetHCLKClockFreq                     0x08002309   Thumb Code    28  stm32f1xx_ll_rcc.o(.text.RCC_GetHCLKClockFreq)
    RCC_GetPCLK1ClockFreq                    0x08002325   Thumb Code    26  stm32f1xx_ll_rcc.o(.text.RCC_GetPCLK1ClockFreq)
    RCC_GetPCLK2ClockFreq                    0x08002341   Thumb Code    26  stm32f1xx_ll_rcc.o(.text.RCC_GetPCLK2ClockFreq)
    RCC_GetSystemClockFreq                   0x0800235d   Thumb Code    24  stm32f1xx_ll_rcc.o(.text.RCC_GetSystemClockFreq)
    RCC_PLL2_GetFreqClockFreq                0x08002375   Thumb Code    42  stm32f1xx_ll_rcc.o(.text.RCC_PLL2_GetFreqClockFreq)
    RCC_PLL_GetFreqDomain_SYS                0x080023a1   Thumb Code    86  stm32f1xx_ll_rcc.o(.text.RCC_PLL_GetFreqDomain_SYS)
    SSD1306_Clear_Screen                     0x080023f9   Thumb Code    10  ssd1306.o(.text.SSD1306_Clear_Screen)
    SSD1306_DrawPixel                        0x08002405   Thumb Code    92  ssd1306.o(.text.SSD1306_DrawPixel)
    SSD1306_Fill                             0x08002461   Thumb Code    42  ssd1306.o(.text.SSD1306_Fill)
    SSD1306_GotoXY                           0x0800248d   Thumb Code    22  ssd1306.o(.text.SSD1306_GotoXY)
    SSD1306_PageAdress                       0x080024a5   Thumb Code    36  ssd1306.o(.text.SSD1306_PageAdress)
    SSD1306_Putc                             0x080024c9   Thumb Code   178  ssd1306.o(.text.SSD1306_Putc)
    SSD1306_Puts                             0x0800257d   Thumb Code    46  ssd1306.o(.text.SSD1306_Puts)
    SSD1306_UpdateScreen                     0x080025ad   Thumb Code    20  ssd1306.o(.text.SSD1306_UpdateScreen)
    SVC_Handler                              0x080025c1   Thumb Code     2  stm32f1xx_it.o(.text.SVC_Handler)
    SysTick_Handler                          0x080025f5   Thumb Code     8  stm32f1xx_it.o(.text.SysTick_Handler)
    SystemClock_Config                       0x080025fd   Thumb Code   112  main.o(.text.SystemClock_Config)
    SystemInit                               0x0800266d   Thumb Code     2  system_stm32f1xx.o(.text.SystemInit)
    TIM1_UP_IRQHandler                       0x08002671   Thumb Code     8  stm32f1xx_it.o(.text.TIM1_UP_IRQHandler)
    TIM6_IRQHandler                          0x08002679   Thumb Code    48  tim.o(.text.TIM6_IRQHandler)
    TIM_PWM1_Callback                        0x080026a9   Thumb Code     8  drive.o(.text.TIM_PWM1_Callback)
    UsageFault_Handler                       0x080026b1   Thumb Code     2  stm32f1xx_it.o(.text.UsageFault_Handler)
    default_screen                           0x08002779   Thumb Code    64  ssd1306.o(.text.default_screen)
    delay_us                                 0x080027c5   Thumb Code    58  tim.o(.text.delay_us)
    init_drive_turn                          0x08002875   Thumb Code    72  drive.o(.text.init_drive_turn)
    main                                     0x080028bd   Thumb Code   116  main.o(.text.main)
    main_menu                                0x08002931   Thumb Code    60  menu.o(.text.main_menu)
    read_encoder1_rotation                   0x0800296d   Thumb Code    54  drive.o(.text.read_encoder1_rotation)
    repeat_time                              0x080029a5   Thumb Code    52  tim.o(.text.repeat_time)
    scan_keys                                0x08002a25   Thumb Code   356  button.o(.text.scan_keys)
    setup_coil_screen                        0x08002b89   Thumb Code    64  ssd1306.o(.text.setup_coil_screen)
    setup_menu                               0x08002bd5   Thumb Code   148  menu.o(.text.setup_menu)
    spi_write_buffer_DMA                     0x08002c69   Thumb Code    98  spi.o(.text.spi_write_buffer_DMA)
    spi_write_byte                           0x08002ccd   Thumb Code    20  spi.o(.text.spi_write_byte)
    ssd1306_Init                             0x08002ce1   Thumb Code   234  ssd1306.o(.text.ssd1306_Init)
    ssd1306_SendCommand                      0x08002dcd   Thumb Code    16  ssd1306_interface.o(.text.ssd1306_SendCommand)
    ssd1306_SendDataBuffer                   0x08002ddd   Thumb Code     8  ssd1306_interface.o(.text.ssd1306_SendDataBuffer)
    timers_ini                               0x08002e85   Thumb Code    16  tim.o(.text.timers_ini)
    turn_drive_menu                          0x08002e95   Thumb Code    24  menu.o(.text.turn_drive_menu)
    _is_digit                                0x08002ead   Thumb Code    14  __printf_wp.o(i._is_digit)
    AHBPrescTable                            0x08002ecb   Data          16  system_stm32f1xx.o(.rodata.AHBPrescTable)
    APBPrescTable                            0x08002edb   Data           8  system_stm32f1xx.o(.rodata.APBPrescTable)
    Font16x26                                0x08002ee4   Data        3068  fonts.o(.rodata.Font16x26)
    Region$$Table$$Base                      0x08003af0   Number         0  anon$$obj.o(Region$$Table)
    Region$$Table$$Limit                     0x08003b10   Number         0  anon$$obj.o(Region$$Table)
    Font_16x26                               0x20000000   Data           8  fonts.o(.data.Font_16x26)
    SystemCoreClock                          0x20000008   Data           4  system_stm32f1xx.o(.data.SystemCoreClock)
    flag_turn_end                            0x2000000c   Data           1  drive.o(.data.flag_turn_end)
    uwTickFreq                               0x2000000d   Data           1  stm32f1xx_hal.o(.data.uwTickFreq)
    uwTickPrio                               0x20000010   Data           4  stm32f1xx_hal.o(.data.uwTickPrio)
    __libspace_start                         0x20000018   Data          96  libspace.o(.bss)
    Coil1                                    0x20000078   Data          23  main.o(.bss.Coil1)
    __temporary_stack_top$libspace           0x20000078   Data           0  libspace.o(.bss)
    Drive2_PWM                               0x20000090   Data           8  drive.o(.bss.Drive2_PWM)
    LCD_buff                                 0x20000098   Data          16  ssd1306.o(.bss.LCD_buff)
    Pos_Enc1                                 0x200000a8   Data          12  main.o(.bss.Pos_Enc1)
    SSD1306_Buffer                           0x200000bc   Data         528  ssd1306.o(.bss.SSD1306_Buffer)
    count                                    0x200002cc   Data           1  spi.o(.bss.count)
    count_autorepeat                         0x200002cd   Data           1  button.o(.bss.count_autorepeat)
    end_bounce                               0x200002ce   Data           1  tim.o(.bss.end_bounce)
    key_code                                 0x200002d0   Data           2  main.o(.bss.key_code)
    uwTick                                   0x200002d8   Data           4  stm32f1xx_hal.o(.bss.uwTick)



==============================================================================

Memory Map of the image

  Image Entry point : 0x08000151

  Load Region LR_IROM1 (Base: 0x08000000, Size: 0x00003b28, Max: 0x00020000, ABSOLUTE)

    Execution Region ER_IROM1 (Exec base: 0x08000000, Load base: 0x08000000, Size: 0x00003b10, Max: 0x00020000, ABSOLUTE)

    Exec Addr    Load Addr    Size         Type   Attr      Idx    E Section Name        Object

    0x08000000   0x08000000   0x00000150   Data   RO            3    RESET               startup_stm32f105xc.o
    0x08000150   0x08000150   0x00000008   Code   RO         1428  * !!!main             c_w.l(__main.o)
    0x08000158   0x08000158   0x00000034   Code   RO         1612    !!!scatter          c_w.l(__scatter.o)
    0x0800018c   0x0800018c   0x0000001a   Code   RO         1614    !!handler_copy      c_w.l(__scatter_copy.o)
    0x080001a6   0x080001a6   0x00000002   PAD
    0x080001a8   0x080001a8   0x0000001c   Code   RO         1616    !!handler_zi        c_w.l(__scatter_zi.o)
    0x080001c4   0x080001c4   0x00000000   Code   RO         1419    .ARM.Collect$$_printf_percent$$00000000  c_w.l(_printf_percent.o)
    0x080001c4   0x080001c4   0x00000006   Code   RO         1417    .ARM.Collect$$_printf_percent$$00000009  c_w.l(_printf_d.o)
    0x080001ca   0x080001ca   0x00000006   Code   RO         1418    .ARM.Collect$$_printf_percent$$0000000A  c_w.l(_printf_u.o)
    0x080001d0   0x080001d0   0x00000004   Code   RO         1443    .ARM.Collect$$_printf_percent$$00000017  c_w.l(_printf_percent_end.o)
    0x080001d4   0x080001d4   0x00000002   Code   RO         1476    .ARM.Collect$$libinit$$00000000  c_w.l(libinit.o)
    0x080001d6   0x080001d6   0x00000000   Code   RO         1489    .ARM.Collect$$libinit$$00000002  c_w.l(libinit2.o)
    0x080001d6   0x080001d6   0x00000000   Code   RO         1491    .ARM.Collect$$libinit$$00000004  c_w.l(libinit2.o)
    0x080001d6   0x080001d6   0x00000000   Code   RO         1494    .ARM.Collect$$libinit$$0000000A  c_w.l(libinit2.o)
    0x080001d6   0x080001d6   0x00000000   Code   RO         1496    .ARM.Collect$$libinit$$0000000C  c_w.l(libinit2.o)
    0x080001d6   0x080001d6   0x00000000   Code   RO         1498    .ARM.Collect$$libinit$$0000000E  c_w.l(libinit2.o)
    0x080001d6   0x080001d6   0x00000000   Code   RO         1501    .ARM.Collect$$libinit$$00000011  c_w.l(libinit2.o)
    0x080001d6   0x080001d6   0x00000000   Code   RO         1503    .ARM.Collect$$libinit$$00000013  c_w.l(libinit2.o)
    0x080001d6   0x080001d6   0x00000000   Code   RO         1505    .ARM.Collect$$libinit$$00000015  c_w.l(libinit2.o)
    0x080001d6   0x080001d6   0x00000000   Code   RO         1507    .ARM.Collect$$libinit$$00000017  c_w.l(libinit2.o)
    0x080001d6   0x080001d6   0x00000000   Code   RO         1509    .ARM.Collect$$libinit$$00000019  c_w.l(libinit2.o)
    0x080001d6   0x080001d6   0x00000000   Code   RO         1511    .ARM.Collect$$libinit$$0000001B  c_w.l(libinit2.o)
    0x080001d6   0x080001d6   0x00000000   Code   RO         1513    .ARM.Collect$$libinit$$0000001D  c_w.l(libinit2.o)
    0x080001d6   0x080001d6   0x00000000   Code   RO         1515    .ARM.Collect$$libinit$$0000001F  c_w.l(libinit2.o)
    0x080001d6   0x080001d6   0x00000000   Code   RO         1517    .ARM.Collect$$libinit$$00000021  c_w.l(libinit2.o)
    0x080001d6   0x080001d6   0x00000000   Code   RO         1519    .ARM.Collect$$libinit$$00000023  c_w.l(libinit2.o)
    0x080001d6   0x080001d6   0x00000000   Code   RO         1521    .ARM.Collect$$libinit$$00000025  c_w.l(libinit2.o)
    0x080001d6   0x080001d6   0x00000000   Code   RO         1525    .ARM.Collect$$libinit$$0000002C  c_w.l(libinit2.o)
    0x080001d6   0x080001d6   0x00000000   Code   RO         1527    .ARM.Collect$$libinit$$0000002E  c_w.l(libinit2.o)
    0x080001d6   0x080001d6   0x00000000   Code   RO         1529    .ARM.Collect$$libinit$$00000030  c_w.l(libinit2.o)
    0x080001d6   0x080001d6   0x00000000   Code   RO         1531    .ARM.Collect$$libinit$$00000032  c_w.l(libinit2.o)
    0x080001d6   0x080001d6   0x00000002   Code   RO         1532    .ARM.Collect$$libinit$$00000033  c_w.l(libinit2.o)
    0x080001d8   0x080001d8   0x00000002   Code   RO         1567    .ARM.Collect$$libshutdown$$00000000  c_w.l(libshutdown.o)
    0x080001da   0x080001da   0x00000000   Code   RO         1595    .ARM.Collect$$libshutdown$$00000002  c_w.l(libshutdown2.o)
    0x080001da   0x080001da   0x00000000   Code   RO         1597    .ARM.Collect$$libshutdown$$00000004  c_w.l(libshutdown2.o)
    0x080001da   0x080001da   0x00000000   Code   RO         1600    .ARM.Collect$$libshutdown$$00000007  c_w.l(libshutdown2.o)
    0x080001da   0x080001da   0x00000000   Code   RO         1603    .ARM.Collect$$libshutdown$$0000000A  c_w.l(libshutdown2.o)
    0x080001da   0x080001da   0x00000000   Code   RO         1605    .ARM.Collect$$libshutdown$$0000000C  c_w.l(libshutdown2.o)
    0x080001da   0x080001da   0x00000000   Code   RO         1608    .ARM.Collect$$libshutdown$$0000000F  c_w.l(libshutdown2.o)
    0x080001da   0x080001da   0x00000002   Code   RO         1609    .ARM.Collect$$libshutdown$$00000010  c_w.l(libshutdown2.o)
    0x080001dc   0x080001dc   0x00000000   Code   RO         1430    .ARM.Collect$$rtentry$$00000000  c_w.l(__rtentry.o)
    0x080001dc   0x080001dc   0x00000000   Code   RO         1445    .ARM.Collect$$rtentry$$00000002  c_w.l(__rtentry2.o)
    0x080001dc   0x080001dc   0x00000006   Code   RO         1457    .ARM.Collect$$rtentry$$00000004  c_w.l(__rtentry4.o)
    0x080001e2   0x080001e2   0x00000000   Code   RO         1447    .ARM.Collect$$rtentry$$00000009  c_w.l(__rtentry2.o)
    0x080001e2   0x080001e2   0x00000004   Code   RO         1448    .ARM.Collect$$rtentry$$0000000A  c_w.l(__rtentry2.o)
    0x080001e6   0x080001e6   0x00000000   Code   RO         1450    .ARM.Collect$$rtentry$$0000000C  c_w.l(__rtentry2.o)
    0x080001e6   0x080001e6   0x00000008   Code   RO         1451    .ARM.Collect$$rtentry$$0000000D  c_w.l(__rtentry2.o)
    0x080001ee   0x080001ee   0x00000002   Code   RO         1480    .ARM.Collect$$rtexit$$00000000  c_w.l(rtexit.o)
    0x080001f0   0x080001f0   0x00000000   Code   RO         1538    .ARM.Collect$$rtexit$$00000002  c_w.l(rtexit2.o)
    0x080001f0   0x080001f0   0x00000004   Code   RO         1539    .ARM.Collect$$rtexit$$00000003  c_w.l(rtexit2.o)
    0x080001f4   0x080001f4   0x00000006   Code   RO         1540    .ARM.Collect$$rtexit$$00000004  c_w.l(rtexit2.o)
    0x080001fa   0x080001fa   0x00000002   PAD
    0x080001fc   0x080001fc   0x00000040   Code   RO            4    .text               startup_stm32f105xc.o
    0x0800023c   0x0800023c   0x000000f0   Code   RO         1381    .text               c_w.l(lludivv7m.o)
    0x0800032c   0x0800032c   0x00000034   Code   RO         1389    .text               c_w.l(noretval__2snprintf.o)
    0x08000360   0x08000360   0x0000004e   Code   RO         1393    .text               c_w.l(_printf_pad.o)
    0x080003ae   0x080003ae   0x00000002   PAD
    0x080003b0   0x080003b0   0x00000078   Code   RO         1395    .text               c_w.l(_printf_dec.o)
    0x08000428   0x08000428   0x00000138   Code   RO         1409    .text               c_w.l(__printf_flags_wp.o)
    0x08000560   0x08000560   0x00000010   Code   RO         1422    .text               c_w.l(aeabi_memset4.o)
    0x08000570   0x08000570   0x0000004e   Code   RO         1424    .text               c_w.l(rt_memclr_w.o)
    0x080005be   0x080005be   0x00000006   Code   RO         1426    .text               c_w.l(heapauxi.o)
    0x080005c4   0x080005c4   0x000000b2   Code   RO         1435    .text               c_w.l(_printf_intcommon.o)
    0x08000676   0x08000676   0x00000002   PAD
    0x08000678   0x08000678   0x00000030   Code   RO         1437    .text               c_w.l(_printf_char_common.o)
    0x080006a8   0x080006a8   0x0000000a   Code   RO         1439    .text               c_w.l(_sputc.o)
    0x080006b2   0x080006b2   0x00000010   Code   RO         1441    .text               c_w.l(_snputc.o)
    0x080006c2   0x080006c2   0x0000004a   Code   RO         1463    .text               c_w.l(sys_stackheap_outer.o)
    0x0800070c   0x0800070c   0x00000012   Code   RO         1465    .text               c_w.l(exit.o)
    0x0800071e   0x0800071e   0x00000002   PAD
    0x08000720   0x08000720   0x00000008   Code   RO         1477    .text               c_w.l(libspace.o)
    0x08000728   0x08000728   0x0000000c   Code   RO         1533    .text               c_w.l(sys_exit.o)
    0x08000734   0x08000734   0x00000002   Code   RO         1556    .text               c_w.l(use_no_semi.o)
    0x08000736   0x08000736   0x00000000   Code   RO         1558    .text               c_w.l(indicate_semi.o)
    0x08000736   0x08000736   0x00000002   PAD
    0x08000738   0x08000738   0x00000002   Code   RO          391    .text.BusFault_Handler  stm32f1xx_it.o
    0x0800073a   0x0800073a   0x00000002   PAD
    0x0800073c   0x0800073c   0x0000000c   Code   RO          250    .text.DMA1_Channel5_Callback  spi.o
    0x08000748   0x08000748   0x0000001e   Code   RO          403    .text.DMA1_Channel5_IRQHandler  stm32f1xx_it.o
    0x08000766   0x08000766   0x00000002   PAD
    0x08000768   0x08000768   0x00000002   Code   RO          397    .text.DebugMon_Handler  stm32f1xx_it.o
    0x0800076a   0x0800076a   0x00000002   PAD
    0x0800076c   0x0800076c   0x0000000a   Code   RO           88    .text.Error_Handler  main.o
    0x08000776   0x08000776   0x00000002   PAD
    0x08000778   0x08000778   0x00000008   Code   RO          325    .text.Get_Encoder1_data  tim.o
    0x08000780   0x08000780   0x0000000c   Code   RO          548    .text.HAL_GetTick   stm32f1xx_hal.o
    0x0800078c   0x0800078c   0x0000001a   Code   RO          546    .text.HAL_IncTick   stm32f1xx_hal.o
    0x080007a6   0x080007a6   0x00000002   PAD
    0x080007a8   0x080007a8   0x00000026   Code   RO          536    .text.HAL_Init      stm32f1xx_hal.o
    0x080007ce   0x080007ce   0x00000002   PAD
    0x080007d0   0x080007d0   0x00000050   Code   RO          538    .text.HAL_InitTick  stm32f1xx_hal.o
    0x08000820   0x08000820   0x00000042   Code   RO          420    .text.HAL_MspInit   stm32f1xx_hal_msp.o
    0x08000862   0x08000862   0x00000002   PAD
    0x08000864   0x08000864   0x0000001e   Code   RO          719    .text.HAL_NVIC_SetPriority  stm32f1xx_hal_cortex.o
    0x08000882   0x08000882   0x00000002   PAD
    0x08000884   0x08000884   0x00000008   Code   RO          715    .text.HAL_NVIC_SetPriorityGrouping  stm32f1xx_hal_cortex.o
    0x0800088c   0x0800088c   0x00000174   Code   RO          603    .text.HAL_RCC_ClockConfig  stm32f1xx_hal_rcc.o
    0x08000a00   0x08000a00   0x000000ac   Code   RO          605    .text.HAL_RCC_GetSysClockFreq  stm32f1xx_hal_rcc.o
    0x08000aac   0x08000aac   0x000003ea   Code   RO          599    .text.HAL_RCC_OscConfig  stm32f1xx_hal_rcc.o
    0x08000e96   0x08000e96   0x00000002   PAD
    0x08000e98   0x08000e98   0x00000008   Code   RO          739    .text.HAL_SYSTICK_Config  stm32f1xx_hal_cortex.o
    0x08000ea0   0x08000ea0   0x00000002   Code   RO          387    .text.HardFault_Handler  stm32f1xx_it.o
    0x08000ea2   0x08000ea2   0x00000002   PAD
    0x08000ea4   0x08000ea4   0x00000020   Code   RO          118    .text.LL_AHB1_GRP1_EnableClock  dma.o
    0x08000ec4   0x08000ec4   0x00000020   Code   RO          142    .text.LL_APB1_GRP1_EnableClock  i2c.o
    0x08000ee4   0x08000ee4   0x00000020   Code   RO          198    .text.LL_APB1_GRP1_EnableClock  spi.o
    0x08000f04   0x08000f04   0x0000001c   Code   RO          291    .text.LL_APB1_GRP1_EnableClock  tim.o
    0x08000f20   0x08000f20   0x00000020   Code   RO          360    .text.LL_APB1_GRP1_EnableClock  usart.o
    0x08000f40   0x08000f40   0x0000001c   Code   RO          104    .text.LL_APB2_GRP1_EnableClock  gpio.o
    0x08000f5c   0x08000f5c   0x00000020   Code   RO          138    .text.LL_APB2_GRP1_EnableClock  i2c.o
    0x08000f7c   0x08000f7c   0x00000020   Code   RO          200    .text.LL_APB2_GRP1_EnableClock  spi.o
    0x08000f9c   0x08000f9c   0x0000001c   Code   RO          265    .text.LL_APB2_GRP1_EnableClock  tim.o
    0x08000fb8   0x08000fb8   0x00000020   Code   RO          362    .text.LL_APB2_GRP1_EnableClock  usart.o
    0x08000fd8   0x08000fd8   0x0000000e   Code   RO          252    .text.LL_DMA_ClearFlag_GI5  spi.o
    0x08000fe6   0x08000fe6   0x00000002   PAD
    0x08000fe8   0x08000fe8   0x0000000e   Code   RO          218    .text.LL_DMA_ClearFlag_TC5  spi.o
    0x08000ff6   0x08000ff6   0x00000002   PAD
    0x08000ff8   0x08000ff8   0x0000000e   Code   RO          220    .text.LL_DMA_ClearFlag_TE5  spi.o
    0x08001006   0x08001006   0x00000002   PAD
    0x08001008   0x08001008   0x0000000e   Code   RO          409    .text.LL_DMA_ClearFlag_TE5  stm32f1xx_it.o
    0x08001016   0x08001016   0x00000002   PAD
    0x08001018   0x08001018   0x0000001c   Code   RO          242    .text.LL_DMA_ConfigAddresses  spi.o
    0x08001034   0x08001034   0x00000010   Code   RO          216    .text.LL_DMA_DisableChannel  spi.o
    0x08001044   0x08001044   0x00000010   Code   RO          248    .text.LL_DMA_EnableChannel  spi.o
    0x08001054   0x08001054   0x00000010   Code   RO          224    .text.LL_DMA_EnableIT_TC  spi.o
    0x08001064   0x08001064   0x00000010   Code   RO          226    .text.LL_DMA_EnableIT_TE  spi.o
    0x08001074   0x08001074   0x00000010   Code   RO          244    .text.LL_DMA_GetDataTransferDirection  spi.o
    0x08001084   0x08001084   0x0000000e   Code   RO          405    .text.LL_DMA_IsActiveFlag_TC5  stm32f1xx_it.o
    0x08001092   0x08001092   0x00000002   PAD
    0x08001094   0x08001094   0x0000000e   Code   RO          407    .text.LL_DMA_IsActiveFlag_TE5  stm32f1xx_it.o
    0x080010a2   0x080010a2   0x00000002   PAD
    0x080010a4   0x080010a4   0x00000010   Code   RO          204    .text.LL_DMA_SetChannelPriorityLevel  spi.o
    0x080010b4   0x080010b4   0x00000012   Code   RO          240    .text.LL_DMA_SetDataLength  spi.o
    0x080010c6   0x080010c6   0x00000002   PAD
    0x080010c8   0x080010c8   0x00000014   Code   RO          202    .text.LL_DMA_SetDataTransferDirection  spi.o
    0x080010dc   0x080010dc   0x00000010   Code   RO          210    .text.LL_DMA_SetMemoryIncMode  spi.o
    0x080010ec   0x080010ec   0x00000010   Code   RO          214    .text.LL_DMA_SetMemorySize  spi.o
    0x080010fc   0x080010fc   0x00000010   Code   RO          206    .text.LL_DMA_SetMode  spi.o
    0x0800110c   0x0800110c   0x00000010   Code   RO          208    .text.LL_DMA_SetPeriphIncMode  spi.o
    0x0800111c   0x0800111c   0x00000010   Code   RO          212    .text.LL_DMA_SetPeriphSize  spi.o
    0x0800112c   0x0800112c   0x00000014   Code   RO          140    .text.LL_GPIO_AF_EnableRemap_I2C1  i2c.o
    0x08001140   0x08001140   0x00000018   Code   RO          364    .text.LL_GPIO_AF_RemapPartial_USART3  usart.o
    0x08001158   0x08001158   0x00000086   Code   RO          449    .text.LL_GPIO_Init  stm32f1xx_ll_gpio.o
    0x080011de   0x080011de   0x00000002   PAD
    0x080011e0   0x080011e0   0x00000012   Code   RO           14    .text.LL_GPIO_IsInputPinSet  button.o
    0x080011f2   0x080011f2   0x00000002   PAD
    0x080011f4   0x080011f4   0x00000008   Code   RO           35    .text.LL_GPIO_ResetOutputPin  drive.o
    0x080011fc   0x080011fc   0x00000008   Code   RO          106    .text.LL_GPIO_ResetOutputPin  gpio.o
    0x08001204   0x08001204   0x00000010   Code   RO         1288    .text.LL_GPIO_ResetOutputPin  ssd1306.o
    0x08001214   0x08001214   0x0000000e   Code   RO         1349    .text.LL_GPIO_ResetOutputPin  ssd1306_interface.o
    0x08001222   0x08001222   0x00000002   PAD
    0x08001224   0x08001224   0x00000008   Code   RO           31    .text.LL_GPIO_SetOutputPin  drive.o
    0x0800122c   0x0800122c   0x00000010   Code   RO          246    .text.LL_GPIO_SetOutputPin  spi.o
    0x0800123c   0x0800123c   0x00000010   Code   RO         1290    .text.LL_GPIO_SetOutputPin  ssd1306.o
    0x0800124c   0x0800124c   0x00000028   Code   RO          453    .text.LL_GPIO_SetPinMode  stm32f1xx_ll_gpio.o
    0x08001274   0x08001274   0x00000028   Code   RO          457    .text.LL_GPIO_SetPinOutputType  stm32f1xx_ll_gpio.o
    0x0800129c   0x0800129c   0x0000001a   Code   RO          451    .text.LL_GPIO_SetPinPull  stm32f1xx_ll_gpio.o
    0x080012b6   0x080012b6   0x00000002   PAD
    0x080012b8   0x080012b8   0x00000028   Code   RO          455    .text.LL_GPIO_SetPinSpeed  stm32f1xx_ll_gpio.o
    0x080012e0   0x080012e0   0x0000000c   Code   RO          524    .text.LL_I2C_AcknowledgeNextData  stm32f1xx_ll_i2c.o
    0x080012ec   0x080012ec   0x00000092   Code   RO          516    .text.LL_I2C_ConfigSpeed  stm32f1xx_ll_i2c.o
    0x0800137e   0x0800137e   0x00000002   PAD
    0x08001380   0x08001380   0x0000000a   Code   RO          514    .text.LL_I2C_Disable  stm32f1xx_ll_i2c.o
    0x0800138a   0x0800138a   0x00000002   PAD
    0x0800138c   0x0800138c   0x00000012   Code   RO          146    .text.LL_I2C_DisableGeneralCall  i2c.o
    0x0800139e   0x0800139e   0x00000002   PAD
    0x080013a0   0x080013a0   0x00000012   Code   RO          144    .text.LL_I2C_DisableOwnAddress2  i2c.o
    0x080013b2   0x080013b2   0x00000002   PAD
    0x080013b4   0x080013b4   0x00000012   Code   RO          152    .text.LL_I2C_Enable  i2c.o
    0x080013c6   0x080013c6   0x00000002   PAD
    0x080013c8   0x080013c8   0x0000000a   Code   RO          522    .text.LL_I2C_Enable  stm32f1xx_ll_i2c.o
    0x080013d2   0x080013d2   0x00000002   PAD
    0x080013d4   0x080013d4   0x00000012   Code   RO          148    .text.LL_I2C_EnableClockStretching  i2c.o
    0x080013e6   0x080013e6   0x00000002   PAD
    0x080013e8   0x080013e8   0x00000044   Code   RO          512    .text.LL_I2C_Init   stm32f1xx_ll_i2c.o
    0x0800142c   0x0800142c   0x0000000c   Code   RO          520    .text.LL_I2C_SetMode  stm32f1xx_ll_i2c.o
    0x08001438   0x08001438   0x00000014   Code   RO          518    .text.LL_I2C_SetOwnAddress1  stm32f1xx_ll_i2c.o
    0x0800144c   0x0800144c   0x00000012   Code   RO          150    .text.LL_I2C_SetOwnAddress2  i2c.o
    0x0800145e   0x0800145e   0x00000002   PAD
    0x08001460   0x08001460   0x00000010   Code   RO          970    .text.LL_RCC_GetAHBPrescaler  stm32f1xx_ll_rcc.o
    0x08001470   0x08001470   0x00000010   Code   RO          972    .text.LL_RCC_GetAPB1Prescaler  stm32f1xx_ll_rcc.o
    0x08001480   0x08001480   0x00000010   Code   RO          974    .text.LL_RCC_GetAPB2Prescaler  stm32f1xx_ll_rcc.o
    0x08001490   0x08001490   0x00000010   Code   RO          936    .text.LL_RCC_GetSysClkSource  stm32f1xx_ll_rcc.o
    0x080014a0   0x080014a0   0x00000022   Code   RO          944    .text.LL_RCC_GetSystemClocksFreq  stm32f1xx_ll_rcc.o
    0x080014c2   0x080014c2   0x00000002   PAD
    0x080014c4   0x080014c4   0x00000010   Code   RO          986    .text.LL_RCC_HSE_GetPrediv2  stm32f1xx_ll_rcc.o
    0x080014d4   0x080014d4   0x00000010   Code   RO          984    .text.LL_RCC_PLL2_GetMultiplicator  stm32f1xx_ll_rcc.o
    0x080014e4   0x080014e4   0x0000001a   Code   RO          976    .text.LL_RCC_PLL_GetMainSource  stm32f1xx_ll_rcc.o
    0x080014fe   0x080014fe   0x00000002   PAD
    0x08001500   0x08001500   0x00000010   Code   RO          982    .text.LL_RCC_PLL_GetMultiplicator  stm32f1xx_ll_rcc.o
    0x08001510   0x08001510   0x00000010   Code   RO          978    .text.LL_RCC_PLL_GetPrediv  stm32f1xx_ll_rcc.o
    0x08001520   0x08001520   0x00000012   Code   RO          228    .text.LL_SPI_Enable  spi.o
    0x08001532   0x08001532   0x00000002   PAD
    0x08001534   0x08001534   0x00000012   Code   RO          222    .text.LL_SPI_EnableDMAReq_TX  spi.o
    0x08001546   0x08001546   0x00000002   PAD
    0x08001548   0x08001548   0x00000076   Code   RO         1116    .text.LL_SPI_Init   stm32f1xx_ll_spi.o
    0x080015be   0x080015be   0x00000002   PAD
    0x080015c0   0x080015c0   0x00000010   Code   RO          232    .text.LL_SPI_IsActiveFlag_TXE  spi.o
    0x080015d0   0x080015d0   0x00000008   Code   RO         1118    .text.LL_SPI_IsEnabled  stm32f1xx_ll_spi.o
    0x080015d8   0x080015d8   0x00000006   Code   RO         1120    .text.LL_SPI_SetCRCPolynomial  stm32f1xx_ll_spi.o
    0x080015de   0x080015de   0x00000002   PAD
    0x080015e0   0x080015e0   0x0000000c   Code   RO          234    .text.LL_SPI_TransmitData8  spi.o
    0x080015ec   0x080015ec   0x0000003a   Code   RO         1204    .text.LL_TIM_BDTR_Init  stm32f1xx_ll_tim.o
    0x08001626   0x08001626   0x00000002   PAD
    0x08001628   0x08001628   0x00000012   Code   RO          311    .text.LL_TIM_CC_DisableChannel  tim.o
    0x0800163a   0x0800163a   0x00000002   PAD
    0x0800163c   0x0800163c   0x00000008   Code   RO          319    .text.LL_TIM_CC_EnableChannel  tim.o
    0x08001644   0x08001644   0x00000010   Code   RO           53    .text.LL_TIM_ClearFlag_UPDATE  drive.o
    0x08001654   0x08001654   0x00000008   Code   RO          307    .text.LL_TIM_ClearFlag_UPDATE  tim.o
    0x0800165c   0x0800165c   0x0000000a   Code   RO          275    .text.LL_TIM_DisableARRPreload  tim.o
    0x08001666   0x08001666   0x00000002   PAD
    0x08001668   0x08001668   0x00000012   Code   RO           51    .text.LL_TIM_DisableAllOutputs  drive.o
    0x0800167a   0x0800167a   0x00000002   PAD
    0x0800167c   0x0800167c   0x0000000a   Code   RO          309    .text.LL_TIM_DisableCounter  tim.o
    0x08001686   0x08001686   0x00000002   PAD
    0x08001688   0x08001688   0x0000000a   Code   RO          285    .text.LL_TIM_DisableMasterSlaveMode  tim.o
    0x08001692   0x08001692   0x00000002   PAD
    0x08001694   0x08001694   0x00000012   Code   RO          321    .text.LL_TIM_EnableAllOutputs  tim.o
    0x080016a6   0x080016a6   0x00000002   PAD
    0x080016a8   0x080016a8   0x0000000a   Code   RO          323    .text.LL_TIM_EnableCounter  tim.o
    0x080016b2   0x080016b2   0x00000002   PAD
    0x080016b4   0x080016b4   0x0000000a   Code   RO          287    .text.LL_TIM_EnableIT_UPDATE  tim.o
    0x080016be   0x080016be   0x00000002   PAD
    0x080016c0   0x080016c0   0x0000000a   Code   RO         1164    .text.LL_TIM_GenerateEvent_UPDATE  stm32f1xx_ll_tim.o
    0x080016ca   0x080016ca   0x00000002   PAD
    0x080016cc   0x080016cc   0x0000000c   Code   RO          327    .text.LL_TIM_GetCounter  tim.o
    0x080016d8   0x080016d8   0x00000042   Code   RO          295    .text.LL_TIM_IC_SetActiveInput  tim.o
    0x0800171a   0x0800171a   0x00000002   PAD
    0x0800171c   0x0800171c   0x00000054   Code   RO          299    .text.LL_TIM_IC_SetFilter  tim.o
    0x08001770   0x08001770   0x00000034   Code   RO          301    .text.LL_TIM_IC_SetPolarity  tim.o
    0x080017a4   0x080017a4   0x0000003e   Code   RO          297    .text.LL_TIM_IC_SetPrescaler  tim.o
    0x080017e2   0x080017e2   0x00000002   PAD
    0x080017e4   0x080017e4   0x0000009e   Code   RO         1156    .text.LL_TIM_Init   stm32f1xx_ll_tim.o
    0x08001882   0x08001882   0x00000002   PAD
    0x08001884   0x08001884   0x00000008   Code   RO          333    .text.LL_TIM_IsActiveFlag_UPDATE  tim.o
    0x0800188c   0x0800188c   0x00000012   Code   RO          281    .text.LL_TIM_OC_DisableFast  tim.o
    0x0800189e   0x0800189e   0x00000002   PAD
    0x080018a0   0x080018a0   0x00000012   Code   RO          279    .text.LL_TIM_OC_EnablePreload  tim.o
    0x080018b2   0x080018b2   0x00000002   PAD
    0x080018b4   0x080018b4   0x00000052   Code   RO         1168    .text.LL_TIM_OC_Init  stm32f1xx_ll_tim.o
    0x08001906   0x08001906   0x00000002   PAD
    0x08001908   0x08001908   0x0000000c   Code   RO          315    .text.LL_TIM_OC_SetCompareCH1  tim.o
    0x08001914   0x08001914   0x00000004   Code   RO         1206    .text.LL_TIM_OC_SetCompareCH1  stm32f1xx_ll_tim.o
    0x08001918   0x08001918   0x00000004   Code   RO         1200    .text.LL_TIM_OC_SetCompareCH2  stm32f1xx_ll_tim.o
    0x0800191c   0x0800191c   0x00000004   Code   RO         1208    .text.LL_TIM_OC_SetCompareCH3  stm32f1xx_ll_tim.o
    0x08001920   0x08001920   0x00000004   Code   RO         1210    .text.LL_TIM_OC_SetCompareCH4  stm32f1xx_ll_tim.o
    0x08001924   0x08001924   0x00000004   Code   RO          313    .text.LL_TIM_SetAutoReload  tim.o
    0x08001928   0x08001928   0x00000004   Code   RO         1158    .text.LL_TIM_SetAutoReload  stm32f1xx_ll_tim.o
    0x0800192c   0x0800192c   0x00000014   Code   RO          277    .text.LL_TIM_SetClockSource  tim.o
    0x08001940   0x08001940   0x00000004   Code   RO          331    .text.LL_TIM_SetCounter  tim.o
    0x08001944   0x08001944   0x0000000c   Code   RO          293    .text.LL_TIM_SetEncoderMode  tim.o
    0x08001950   0x08001950   0x00000004   Code   RO         1160    .text.LL_TIM_SetPrescaler  stm32f1xx_ll_tim.o
    0x08001954   0x08001954   0x0000000c   Code   RO          317    .text.LL_TIM_SetRepetitionCounter  tim.o
    0x08001960   0x08001960   0x0000000c   Code   RO         1162    .text.LL_TIM_SetRepetitionCounter  stm32f1xx_ll_tim.o
    0x0800196c   0x0800196c   0x0000000a   Code   RO          283    .text.LL_TIM_SetTriggerOutput  tim.o
    0x08001976   0x08001976   0x00000002   PAD
    0x08001978   0x08001978   0x0000001a   Code   RO          366    .text.LL_USART_ConfigAsyncMode  usart.o
    0x08001992   0x08001992   0x00000002   PAD
    0x08001994   0x08001994   0x00000012   Code   RO          368    .text.LL_USART_Enable  usart.o
    0x080019a6   0x080019a6   0x00000002   PAD
    0x080019a8   0x080019a8   0x000000b0   Code   RO         1230    .text.LL_USART_Init  stm32f1xx_ll_usart.o
    0x08001a58   0x08001a58   0x00000008   Code   RO         1232    .text.LL_USART_IsEnabled  stm32f1xx_ll_usart.o
    0x08001a60   0x08001a60   0x00000040   Code   RO         1238    .text.LL_USART_SetBaudRate  stm32f1xx_ll_usart.o
    0x08001aa0   0x08001aa0   0x0000000c   Code   RO         1236    .text.LL_USART_SetHWFlowCtrl  stm32f1xx_ll_usart.o
    0x08001aac   0x08001aac   0x0000000c   Code   RO         1234    .text.LL_USART_SetStopBitsLength  stm32f1xx_ll_usart.o
    0x08001ab8   0x08001ab8   0x00000018   Code   RO          116    .text.MX_DMA_Init   dma.o
    0x08001ad0   0x08001ad0   0x000000ca   Code   RO          102    .text.MX_GPIO_Init  gpio.o
    0x08001b9a   0x08001b9a   0x00000002   PAD
    0x08001b9c   0x08001b9c   0x0000009a   Code   RO          136    .text.MX_I2C1_Init  i2c.o
    0x08001c36   0x08001c36   0x00000002   PAD
    0x08001c38   0x08001c38   0x000000aa   Code   RO          196    .text.MX_SPI2_Init  spi.o
    0x08001ce2   0x08001ce2   0x00000002   PAD
    0x08001ce4   0x08001ce4   0x00000122   Code   RO          263    .text.MX_TIM1_Init  tim.o
    0x08001e06   0x08001e06   0x00000002   PAD
    0x08001e08   0x08001e08   0x000000d4   Code   RO          289    .text.MX_TIM2_Init  tim.o
    0x08001edc   0x08001edc   0x000000be   Code   RO          303    .text.MX_TIM3_Init  tim.o
    0x08001f9a   0x08001f9a   0x00000002   PAD
    0x08001f9c   0x08001f9c   0x0000008a   Code   RO          358    .text.MX_USART3_UART_Init  usart.o
    0x08002026   0x08002026   0x00000002   PAD
    0x08002028   0x08002028   0x00000002   Code   RO          389    .text.MemManage_Handler  stm32f1xx_it.o
    0x0800202a   0x0800202a   0x00000002   PAD
    0x0800202c   0x0800202c   0x00000002   Code   RO          385    .text.NMI_Handler   stm32f1xx_it.o
    0x0800202e   0x0800202e   0x00000002   PAD
    0x08002030   0x08002030   0x00000004   Code   RO          122    .text.NVIC_EncodePriority  dma.o
    0x08002034   0x08002034   0x00000004   Code   RO          269    .text.NVIC_EncodePriority  tim.o
    0x08002038   0x08002038   0x0000002c   Code   RO          725    .text.NVIC_EncodePriority  stm32f1xx_hal_cortex.o
    0x08002064   0x08002064   0x0000007a   Code   RO         1170    .text.OC1Config     stm32f1xx_ll_tim.o
    0x080020de   0x080020de   0x00000002   PAD
    0x080020e0   0x080020e0   0x00000082   Code   RO         1172    .text.OC2Config     stm32f1xx_ll_tim.o
    0x08002162   0x08002162   0x00000002   PAD
    0x08002164   0x08002164   0x00000082   Code   RO         1174    .text.OC3Config     stm32f1xx_ll_tim.o
    0x080021e6   0x080021e6   0x00000002   PAD
    0x080021e8   0x080021e8   0x00000058   Code   RO         1176    .text.OC4Config     stm32f1xx_ll_tim.o
    0x08002240   0x08002240   0x00000044   Code   RO          305    .text.PWM_on        tim.o
    0x08002284   0x08002284   0x00000052   Code   RO           49    .text.PWM_turn_drive  drive.o
    0x080022d6   0x080022d6   0x00000002   PAD
    0x080022d8   0x080022d8   0x00000002   Code   RO          399    .text.PendSV_Handler  stm32f1xx_it.o
    0x080022da   0x080022da   0x00000002   PAD
    0x080022dc   0x080022dc   0x0000002c   Code   RO          601    .text.RCC_Delay     stm32f1xx_hal_rcc.o
    0x08002308   0x08002308   0x0000001c   Code   RO          948    .text.RCC_GetHCLKClockFreq  stm32f1xx_ll_rcc.o
    0x08002324   0x08002324   0x0000001a   Code   RO          950    .text.RCC_GetPCLK1ClockFreq  stm32f1xx_ll_rcc.o
    0x0800233e   0x0800233e   0x00000002   PAD
    0x08002340   0x08002340   0x0000001a   Code   RO          952    .text.RCC_GetPCLK2ClockFreq  stm32f1xx_ll_rcc.o
    0x0800235a   0x0800235a   0x00000002   PAD
    0x0800235c   0x0800235c   0x00000018   Code   RO          946    .text.RCC_GetSystemClockFreq  stm32f1xx_ll_rcc.o
    0x08002374   0x08002374   0x0000002a   Code   RO          980    .text.RCC_PLL2_GetFreqClockFreq  stm32f1xx_ll_rcc.o
    0x0800239e   0x0800239e   0x00000002   PAD
    0x080023a0   0x080023a0   0x00000056   Code   RO          964    .text.RCC_PLL_GetFreqDomain_SYS  stm32f1xx_ll_rcc.o
    0x080023f6   0x080023f6   0x00000002   PAD
    0x080023f8   0x080023f8   0x0000000a   Code   RO         1292    .text.SSD1306_Clear_Screen  ssd1306.o
    0x08002402   0x08002402   0x00000002   PAD
    0x08002404   0x08002404   0x0000005c   Code   RO         1298    .text.SSD1306_DrawPixel  ssd1306.o
    0x08002460   0x08002460   0x0000002a   Code   RO         1310    .text.SSD1306_Fill  ssd1306.o
    0x0800248a   0x0800248a   0x00000002   PAD
    0x0800248c   0x0800248c   0x00000016   Code   RO         1296    .text.SSD1306_GotoXY  ssd1306.o
    0x080024a2   0x080024a2   0x00000002   PAD
    0x080024a4   0x080024a4   0x00000024   Code   RO         1308    .text.SSD1306_PageAdress  ssd1306.o
    0x080024c8   0x080024c8   0x000000b2   Code   RO         1304    .text.SSD1306_Putc  ssd1306.o
    0x0800257a   0x0800257a   0x00000002   PAD
    0x0800257c   0x0800257c   0x0000002e   Code   RO         1306    .text.SSD1306_Puts  ssd1306.o
    0x080025aa   0x080025aa   0x00000002   PAD
    0x080025ac   0x080025ac   0x00000014   Code   RO         1294    .text.SSD1306_UpdateScreen  ssd1306.o
    0x080025c0   0x080025c0   0x00000002   Code   RO          395    .text.SVC_Handler   stm32f1xx_it.o
    0x080025c2   0x080025c2   0x00000002   PAD
    0x080025c4   0x080025c4   0x0000002e   Code   RO          741    .text.SysTick_Config  stm32f1xx_hal_cortex.o
    0x080025f2   0x080025f2   0x00000002   PAD
    0x080025f4   0x080025f4   0x00000008   Code   RO          401    .text.SysTick_Handler  stm32f1xx_it.o
    0x080025fc   0x080025fc   0x00000070   Code   RO           86    .text.SystemClock_Config  main.o
    0x0800266c   0x0800266c   0x00000002   Code   RO         1256    .text.SystemInit    system_stm32f1xx.o
    0x0800266e   0x0800266e   0x00000002   PAD
    0x08002670   0x08002670   0x00000008   Code   RO          411    .text.TIM1_UP_IRQHandler  stm32f1xx_it.o
    0x08002678   0x08002678   0x00000030   Code   RO          337    .text.TIM6_IRQHandler  tim.o
    0x080026a8   0x080026a8   0x00000008   Code   RO           47    .text.TIM_PWM1_Callback  drive.o
    0x080026b0   0x080026b0   0x00000002   Code   RO          393    .text.UsageFault_Handler  stm32f1xx_it.o
    0x080026b2   0x080026b2   0x00000002   PAD
    0x080026b4   0x080026b4   0x00000010   Code   RO          126    .text.__NVIC_EnableIRQ  dma.o
    0x080026c4   0x080026c4   0x00000020   Code   RO          273    .text.__NVIC_EnableIRQ  tim.o
    0x080026e4   0x080026e4   0x00000010   Code   RO          124    .text.__NVIC_GetPriorityGrouping  dma.o
    0x080026f4   0x080026f4   0x00000010   Code   RO          271    .text.__NVIC_GetPriorityGrouping  tim.o
    0x08002704   0x08002704   0x00000010   Code   RO          721    .text.__NVIC_GetPriorityGrouping  stm32f1xx_hal_cortex.o
    0x08002714   0x08002714   0x0000000e   Code   RO          120    .text.__NVIC_SetPriority  dma.o
    0x08002722   0x08002722   0x00000002   PAD
    0x08002724   0x08002724   0x00000010   Code   RO          267    .text.__NVIC_SetPriority  tim.o
    0x08002734   0x08002734   0x00000022   Code   RO          723    .text.__NVIC_SetPriority  stm32f1xx_hal_cortex.o
    0x08002756   0x08002756   0x00000002   PAD
    0x08002758   0x08002758   0x00000020   Code   RO          717    .text.__NVIC_SetPriorityGrouping  stm32f1xx_hal_cortex.o
    0x08002778   0x08002778   0x0000004c   Code   RO         1330    .text.default_screen  ssd1306.o
    0x080027c4   0x080027c4   0x0000003a   Code   RO          329    .text.delay_us      tim.o
    0x080027fe   0x080027fe   0x00000002   PAD
    0x08002800   0x08002800   0x00000046   Code   RO           39    .text.dr2_one_full_turn  drive.o
    0x08002846   0x08002846   0x00000002   PAD
    0x08002848   0x08002848   0x0000002c   Code   RO          341    .text.encoder1_init  tim.o
    0x08002874   0x08002874   0x00000048   Code   RO           37    .text.init_drive_turn  drive.o
    0x080028bc   0x080028bc   0x00000074   Code   RO           84    .text.main          main.o
    0x08002930   0x08002930   0x0000003c   Code   RO         1369    .text.main_menu     menu.o
    0x0800296c   0x0800296c   0x00000036   Code   RO           41    .text.read_encoder1_rotation  drive.o
    0x080029a2   0x080029a2   0x00000002   PAD
    0x080029a4   0x080029a4   0x00000034   Code   RO          335    .text.repeat_time   tim.o
    0x080029d8   0x080029d8   0x0000004c   Code   RO           16    .text.scan_buttons_GPIO  button.o
    0x08002a24   0x08002a24   0x00000164   Code   RO           12    .text.scan_keys     button.o
    0x08002b88   0x08002b88   0x0000004c   Code   RO         1332    .text.setup_coil_screen  ssd1306.o
    0x08002bd4   0x08002bd4   0x00000094   Code   RO         1365    .text.setup_menu    menu.o
    0x08002c68   0x08002c68   0x00000062   Code   RO          238    .text.spi_write_buffer_DMA  spi.o
    0x08002cca   0x08002cca   0x00000002   PAD
    0x08002ccc   0x08002ccc   0x00000014   Code   RO          230    .text.spi_write_byte  spi.o
    0x08002ce0   0x08002ce0   0x000000ea   Code   RO         1286    .text.ssd1306_Init  ssd1306.o
    0x08002dca   0x08002dca   0x00000002   PAD
    0x08002dcc   0x08002dcc   0x00000010   Code   RO         1347    .text.ssd1306_SendCommand  ssd1306_interface.o
    0x08002ddc   0x08002ddc   0x00000008   Code   RO         1355    .text.ssd1306_SendDataBuffer  ssd1306_interface.o
    0x08002de4   0x08002de4   0x0000003e   Code   RO          343    .text.tim_delay_init  tim.o
    0x08002e22   0x08002e22   0x00000002   PAD
    0x08002e24   0x08002e24   0x0000005e   Code   RO          345    .text.timer_bounce_init  tim.o
    0x08002e82   0x08002e82   0x00000002   PAD
    0x08002e84   0x08002e84   0x00000010   Code   RO          339    .text.timers_ini    tim.o
    0x08002e94   0x08002e94   0x00000018   Code   RO         1367    .text.turn_drive_menu  menu.o
    0x08002eac   0x08002eac   0x0000000e   Code   RO         1407    i._is_digit         c_w.l(__printf_wp.o)
    0x08002eba   0x08002eba   0x00000011   Data   RO         1410    .constdata          c_w.l(__printf_flags_wp.o)
    0x08002ecb   0x08002ecb   0x00000010   Data   RO         1261    .rodata.AHBPrescTable  system_stm32f1xx.o
    0x08002edb   0x08002edb   0x00000008   Data   RO         1262    .rodata.APBPrescTable  system_stm32f1xx.o
    0x08002ee3   0x08002ee3   0x00000001   PAD
    0x08002ee4   0x08002ee4   0x00000bfc   Data   RO         1275    .rodata.Font16x26   fonts.o
    0x08003ae0   0x08003ae0   0x00000007   Data   RO          348    .rodata.OFFSET_TAB_CCMRx  tim.o
    0x08003ae7   0x08003ae7   0x00000007   Data   RO          349    .rodata.SHIFT_TAB_ICxx  tim.o
    0x08003aee   0x08003aee   0x00000002   PAD
    0x08003af0   0x08003af0   0x00000020   Data   RO         1611    Region$$Table       anon$$obj.o


    Execution Region RW_IRAM1 (Exec base: 0x20000000, Load base: 0x08003b10, Size: 0x000014e0, Max: 0x00010000, ABSOLUTE)

    Exec Addr    Load Addr    Size         Type   Attr      Idx    E Section Name        Object

    0x20000000   0x08003b10   0x00000008   Data   RW         1278    .data.Font_16x26    fonts.o
    0x20000008   0x08003b18   0x00000004   Data   RW         1260    .data.SystemCoreClock  system_stm32f1xx.o
    0x2000000c   0x08003b1c   0x00000001   Data   RW           57    .data.flag_turn_end  drive.o
    0x2000000d   0x08003b1d   0x00000001   Data   RW          587    .data.uwTickFreq    stm32f1xx_hal.o
    0x2000000e   0x08003b1e   0x00000002   PAD
    0x20000010   0x08003b20   0x00000004   Data   RW          586    .data.uwTickPrio    stm32f1xx_hal.o
    0x20000014   0x08003b24   0x00000004   PAD
    0x20000018        -       0x00000060   Zero   RW         1478    .bss                c_w.l(libspace.o)
    0x20000078        -       0x00000017   Zero   RW           91    .bss.Coil1          main.o
    0x2000008f   0x08003b24   0x00000001   PAD
    0x20000090        -       0x00000008   Zero   RW           56    .bss.Drive2_PWM     drive.o
    0x20000098        -       0x00000010   Zero   RW         1335    .bss.LCD_buff       ssd1306.o
    0x200000a8        -       0x0000000c   Zero   RW           90    .bss.Pos_Enc1       main.o
    0x200000b4        -       0x00000002   Zero   RW         1336    .bss.SSD1306.0      ssd1306.o
    0x200000b6        -       0x00000002   Zero   RW         1337    .bss.SSD1306.1      ssd1306.o
    0x200000b8        -       0x00000001   Zero   RW         1338    .bss.SSD1306.2      ssd1306.o
    0x200000b9   0x08003b24   0x00000003   PAD
    0x200000bc        -       0x00000210   Zero   RW         1334    .bss.SSD1306_Buffer  ssd1306.o
    0x200002cc        -       0x00000001   Zero   RW          254    .bss.count          spi.o
    0x200002cd        -       0x00000001   Zero   RW           18    .bss.count_autorepeat  button.o
    0x200002ce        -       0x00000001   Zero   RW          347    .bss.end_bounce     tim.o
    0x200002cf   0x08003b24   0x00000001   PAD
    0x200002d0        -       0x00000002   Zero   RW           93    .bss.key_code       main.o
    0x200002d2        -       0x00000002   Zero   RW           20    .bss.scan_keys.key_code  button.o
    0x200002d4        -       0x00000001   Zero   RW           19    .bss.scan_keys.key_state  button.o
    0x200002d5   0x08003b24   0x00000003   PAD
    0x200002d8        -       0x00000004   Zero   RW          588    .bss.uwTick         stm32f1xx_hal.o
    0x200002dc   0x08003b24   0x00000004   PAD
    0x200002e0        -       0x00000200   Zero   RW            2    HEAP                startup_stm32f105xc.o
    0x200004e0        -       0x00001000   Zero   RW            1    STACK               startup_stm32f105xc.o


==============================================================================

Image component sizes


      Code (inc. data)   RO Data    RW Data    ZI Data      Debug   Object Name

       450          6          0          0          4       2298   button.o
       106          0          0          0          0       4422   dma.o
       336          0          0          1          8       4306   drive.o
         0          0       3068          8          0       1213   fonts.o
       238          0          0          0          0       1931   gpio.o
       328          0          0          0          0       6300   i2c.o
       238          0          0          0         37       2719   main.o
       232          0          0          0          0       2017   menu.o
       728          0          0          0          1       6634   spi.o
       864         24          0          0        549      11736   ssd1306.o
        38          0          0          0          0       1730   ssd1306_interface.o
        64         26        336          0       4608        768   startup_stm32f105xc.o
       156          0          0          5          4       6063   stm32f1xx_hal.o
       218          0          0          0          0       8996   stm32f1xx_hal_cortex.o
        66          0          0          0          0       1209   stm32f1xx_hal_msp.o
      1590         32          0          0          0       7822   stm32f1xx_hal_rcc.o
       104          0          0          0          0       1977   stm32f1xx_it.o
       280          0          0          0          0       3463   stm32f1xx_ll_gpio.o
       278          0          0          0          0       4007   stm32f1xx_ll_i2c.o
       420          0          0          0          0       6131   stm32f1xx_ll_rcc.o
       132          0          0          0          0       5110   stm32f1xx_ll_spi.o
       814          0          0          0          0      11209   stm32f1xx_ll_tim.o
       272          0          0          0          0       4963   stm32f1xx_ll_usart.o
         2          0         24          4          0       1912   system_stm32f1xx.o
      1762          8         14          0          1      12583   tim.o
       270          0          0          0          0       3407   usart.o

    ----------------------------------------------------------------------
     10164         96       3477         20       5228     124926   Object Totals
         0          0         32          0          0          0   (incl. Generated)
       178          0          3          2         16          0   (incl. Padding)

    ----------------------------------------------------------------------

      Code (inc. data)   RO Data    RW Data    ZI Data      Debug   Library Member Name

         8          0          0          0          0         68   __main.o
       312          4         17          0          0         92   __printf_flags_wp.o
        14          0          0          0          0         68   __printf_wp.o
         0          0          0          0          0          0   __rtentry.o
        12          0          0          0          0          0   __rtentry2.o
         6          0          0          0          0          0   __rtentry4.o
        52          8          0          0          0          0   __scatter.o
        26          0          0          0          0          0   __scatter_copy.o
        28          0          0          0          0          0   __scatter_zi.o
        48          6          0          0          0         96   _printf_char_common.o
         6          0          0          0          0          0   _printf_d.o
       120         16          0          0          0         92   _printf_dec.o
       178          0          0          0          0         88   _printf_intcommon.o
        78          0          0          0          0        108   _printf_pad.o
         0          0          0          0          0          0   _printf_percent.o
         4          0          0          0          0          0   _printf_percent_end.o
         6          0          0          0          0          0   _printf_u.o
        16          0          0          0          0         68   _snputc.o
        10          0          0          0          0         68   _sputc.o
        16          0          0          0          0         68   aeabi_memset4.o
        18          0          0          0          0         80   exit.o
         6          0          0          0          0        152   heapauxi.o
         0          0          0          0          0          0   indicate_semi.o
         2          0          0          0          0          0   libinit.o
         2          0          0          0          0          0   libinit2.o
         2          0          0          0          0          0   libshutdown.o
         2          0          0          0          0          0   libshutdown2.o
         8          4          0          0         96         68   libspace.o
       240          0          0          0          0        100   lludivv7m.o
        52          4          0          0          0         84   noretval__2snprintf.o
        78          0          0          0          0         80   rt_memclr_w.o
         2          0          0          0          0          0   rtexit.o
        10          0          0          0          0          0   rtexit2.o
        12          4          0          0          0         68   sys_exit.o
        74          0          0          0          0         80   sys_stackheap_outer.o
         2          0          0          0          0         68   use_no_semi.o

    ----------------------------------------------------------------------
      1462         46         17          0         96       1596   Library Totals
        12          0          0          0          0          0   (incl. Padding)

    ----------------------------------------------------------------------

      Code (inc. data)   RO Data    RW Data    ZI Data      Debug   Library Name

      1450         46         17          0         96       1596   c_w.l

    ----------------------------------------------------------------------
      1462         46         17          0         96       1596   Library Totals

    ----------------------------------------------------------------------

==============================================================================


      Code (inc. data)   RO Data    RW Data    ZI Data      Debug   

     11626        142       3494         20       5324     125330   Grand Totals
     11626        142       3494         20       5324     125330   ELF Image Totals
     11626        142       3494         20          0          0   ROM Totals

==============================================================================

    Total RO  Size (Code + RO Data)                15120 (  14.77kB)
    Total RW  Size (RW Data + ZI Data)              5344 (   5.22kB)
    Total ROM Size (Code + RO Data + RW Data)      15140 (  14.79kB)

==============================================================================

